1729813498272010600,Start,,,,
1729813499313965100,Response,Dict,301,320,http://192.168.56.101:81/images
1729813499316866500,Recurse,images/,False,,
1729813499325653800,Response,Dict,200,13246,http://192.168.56.101:81/
1729813499351043500,Response,Dict,200,13241,http://192.168.56.101:81/index.php
1729813499353974300,Response,Dict,301,320,http://192.168.56.101:81/assets
1729813499353974300,Recurse,assets/,True,,
1729813499353974300,Response,Dict,200,1813,http://192.168.56.101:81/web.config
1729813499359833000,Response,Link,200,169,http://192.168.56.101:81/images/
1729813499359833000,Response,Href,200,2014,http://192.168.56.101:81/app.php/feed/topics
1729813499370573900,Response,Href,200,1974,http://192.168.56.101:81/app.php/feed
1729813499376432900,Response,Href,200,10273,http://192.168.56.101:81/ucp.php
1729813499390102300,Response,Href,200,9720,http://192.168.56.101:81/app.php/user/delete_cookies
1729813499392056200,Response,Href,200,80,http://192.168.56.101:81/styles/prosilver/theme/en/stylesheet.css
1729813499393032000,Response,Href,200,845,http://192.168.56.101:81/styles/prosilver/theme/stylesheet.css
1729813499418423800,Response,Href,200,948,http://192.168.56.101:81/styles/prosilver/theme/tweaks.css
1729813499431117200,Response,Href,200,31000,http://192.168.56.101:81/assets/css/font-awesome.min.css
1729813499459435900,Response,Href,200,59456,http://192.168.56.101:81/app.php/help/faq
1729813499466270200,Response,Href,200,10295,http://192.168.56.101:81/memberlist.php
1729813499484823600,Response,Service,302,0,http://192.168.56.101:81/adm/index.php
1729813499492636700,Response,Service,200,0,http://192.168.56.101:81/includes/functions_content.php
1729813499506308500,Response,Service,200,0,http://192.168.56.101:81/includes/startup.php
1729813499507285200,Response,Service,200,0,http://192.168.56.101:81/includes/functions_compress.php
1729813499508260600,Response,Service,200,0,http://192.168.56.101:81/includes/functions_acp.php
1729813499508260600,Response,Service,200,0,http://192.168.56.101:81/includes/functions_user.php
1729813499515095200,Response,Service,200,0,http://192.168.56.101:81/includes/mcp/mcp_notes.php
1729813499556107700,Response,Service,200,0,http://192.168.56.101:81/includes/mcp/info/mcp_notes.php
1729813499562943300,Response,Service,200,0,http://192.168.56.101:81/includes/mcp/info/mcp_ban.php
1729813499563919900,Response,Service,200,0,http://192.168.56.101:81/includes/mcp/info/mcp_pm_reports.php
1729813499571732800,Response,Service,200,0,http://192.168.56.101:81/includes/mcp/mcp_topic.php
1729813499583450300,Response,Service,200,0,http://192.168.56.101:81/includes/mcp/info/mcp_queue.php
1729813499595167900,Response,Service,200,0,http://192.168.56.101:81/includes/mcp/info/mcp_warn.php
1729813499597120600,Response,Service,200,0,http://192.168.56.101:81/includes/mcp/info/mcp_main.php
1729813499598098800,Response,Service,200,0,http://192.168.56.101:81/includes/mcp/info/mcp_logs.php
1729813499599075400,Response,Service,200,0,http://192.168.56.101:81/includes/mcp/mcp_main.php
1729813499599075400,Response,Service,200,0,http://192.168.56.101:81/includes/mcp/info/mcp_reports.php
1729813499608838900,Response,Service,200,0,http://192.168.56.101:81/includes/mcp/mcp_post.php
1729813499608838900,Response,Service,200,0,http://192.168.56.101:81/includes/mcp/mcp_queue.php
1729813499615674700,Response,Service,200,0,http://192.168.56.101:81/includes/mcp/mcp_warn.php
1729813499636181400,Response,Service,200,0,http://192.168.56.101:81/includes/mcp/mcp_reports.php
1729813499636181400,Response,Service,200,0,http://192.168.56.101:81/includes/mcp/mcp_forum.php
1729813499642039600,Response,Service,200,0,http://192.168.56.101:81/includes/mcp/mcp_front.php
1729813499643015800,Response,Service,200,0,http://192.168.56.101:81/includes/mcp/mcp_logs.php
1729813499655711400,Response,Service,200,0,http://192.168.56.101:81/includes/mcp/mcp_ban.php
1729813499656686900,Response,Service,200,0,http://192.168.56.101:81/includes/mcp/mcp_pm_reports.php
1729813499668406500,Response,Service,200,0,http://192.168.56.101:81/includes/acp/info/acp_permissions.php
1729813499684029100,Response,Service,200,0,http://192.168.56.101:81/includes/acp/info/acp_update.php
1729813499684029100,Response,Service,200,0,http://192.168.56.101:81/includes/acp/info/acp_ranks.php
1729813499684029100,Response,Service,200,0,http://192.168.56.101:81/includes/acp/info/acp_prune.php
1729813499684029100,Response,Service,200,0,http://192.168.56.101:81/includes/acp/info/acp_jabber.php
1729813499690866700,Response,Service,200,0,http://192.168.56.101:81/includes/acp/info/acp_board.php
1729813499690866700,Response,Service,200,0,http://192.168.56.101:81/includes/acp/info/acp_main.php
1729813499702585600,Response,Service,200,0,http://192.168.56.101:81/includes/functions_privmsgs.php
1729813499702585600,Response,Service,200,0,http://192.168.56.101:81/includes/functions.php
1729813499706490900,Response,Service,200,0,http://192.168.56.101:81/includes/functions_convert.php
1729813499706490900,Response,Service,200,0,http://192.168.56.101:81/includes/acp/info/acp_reasons.php
1729813499720162500,Response,Service,200,0,http://192.168.56.101:81/includes/functions_display.php
1729813499720162500,Response,Service,200,0,http://192.168.56.101:81/includes/acp/info/acp_language.php
1729813499727052200,Response,Service,200,0,http://192.168.56.101:81/includes/acp/info/acp_icons.php
1729813499739752300,Response,Service,200,0,http://192.168.56.101:81/includes/acp/info/acp_permission_roles.php
1729813499747565000,Response,Service,200,0,http://192.168.56.101:81/includes/acp/info/acp_search.php
1729813499760259300,Response,Service,200,0,http://192.168.56.101:81/includes/acp/info/acp_help_phpbb.php
1729813499760259300,Response,Service,200,0,http://192.168.56.101:81/includes/acp/info/acp_bbcodes.php
1729813499760259300,Response,Service,200,0,http://192.168.56.101:81/includes/acp/info/acp_modules.php
1729813499760259300,Response,Service,200,0,http://192.168.56.101:81/includes/acp/info/acp_extensions.php
1729813499770053100,Response,Service,200,0,http://192.168.56.101:81/includes/acp/info/acp_email.php
1729813499770053100,Response,Service,200,0,http://192.168.56.101:81/includes/acp/info/acp_profile.php
1729813499806156600,Response,Service,200,0,http://192.168.56.101:81/includes/acp/info/acp_logs.php
1729813499806156600,Response,Service,200,0,http://192.168.56.101:81/includes/acp/info/acp_users.php
1729813499806156600,Response,Service,200,0,http://192.168.56.101:81/includes/acp/info/acp_captcha.php
1729813499815920200,Response,Service,200,0,http://192.168.56.101:81/includes/acp/info/acp_groups.php
1729813499821785400,Response,Service,200,0,http://192.168.56.101:81/includes/acp/info/acp_ban.php
1729813499841311000,Response,Service,200,0,http://192.168.56.101:81/includes/acp/info/acp_styles.php
1729813499841311000,Response,Service,200,0,http://192.168.56.101:81/includes/acp/info/acp_attachments.php
1729813499850099000,Response,Service,200,0,http://192.168.56.101:81/includes/acp/info/acp_database.php
1729813499851074000,Response,Service,200,0,http://192.168.56.101:81/includes/acp/info/acp_php_info.php
1729813499853028500,Response,Service,200,0,http://192.168.56.101:81/includes/acp/acp_permissions.php
1729813499854002800,Response,Service,200,0,http://192.168.56.101:81/includes/acp/info/acp_inactive.php
1729813499854002800,Response,Service,200,0,http://192.168.56.101:81/includes/acp/info/acp_contact.php
1729813499859861800,Response,Service,200,0,http://192.168.56.101:81/includes/acp/info/acp_forums.php
1729813499879391700,Response,Service,200,0,http://192.168.56.101:81/includes/acp/info/acp_bots.php
1729813499879391700,Response,Service,200,0,http://192.168.56.101:81/includes/acp/info/acp_words.php
1729813499886256100,Response,Service,200,0,http://192.168.56.101:81/includes/acp/acp_email.php
1729813499894041600,Response,Service,200,0,http://192.168.56.101:81/includes/acp/acp_search.php
1729813499895017200,Response,Service,200,0,http://192.168.56.101:81/includes/acp/acp_permission_roles.php
1729813499900875000,Response,Service,200,0,http://192.168.56.101:81/includes/acp/acp_main.php
1729813499901850800,Response,Service,200,0,http://192.168.56.101:81/includes/acp/acp_language.php
1729813499902874500,Response,Service,200,0,http://192.168.56.101:81/includes/acp/info/acp_disallow.php
1729813499902874500,Response,Service,200,0,http://192.168.56.101:81/includes/acp/acp_prune.php
1729813499904780600,Response,Service,200,0,http://192.168.56.101:81/includes/acp/acp_update.php
1729813499904780600,Response,Service,200,0,http://192.168.56.101:81/includes/acp/acp_jabber.php
1729813499912594100,Response,Service,200,0,http://192.168.56.101:81/includes/acp/acp_ranks.php
1729813499912594100,Response,Service,200,0,http://192.168.56.101:81/includes/acp/acp_board.php
1729813499930169400,Response,Service,200,0,http://192.168.56.101:81/includes/acp/acp_reasons.php
1729813499936030100,Response,Service,200,0,http://192.168.56.101:81/includes/acp/acp_profile.php
1729813499937981800,Response,Service,200,0,http://192.168.56.101:81/includes/acp/acp_groups.php
1729813499937981800,Response,Service,200,0,http://192.168.56.101:81/includes/acp/acp_extensions.php
1729813499945793100,Response,Service,200,0,http://192.168.56.101:81/includes/acp/acp_ban.php
1729813499952629000,Response,Service,200,0,http://192.168.56.101:81/includes/acp/acp_attachments.php
1729813499981925200,Response,Service,200,0,http://192.168.56.101:81/includes/acp/acp_modules.php
1729813499990713700,Response,Service,200,0,http://192.168.56.101:81/includes/acp/acp_help_phpbb.php
1729813499990713700,Response,Service,200,0,http://192.168.56.101:81/includes/acp/acp_bbcodes.php
1729813499990713700,Response,Service,200,0,http://192.168.56.101:81/includes/acp/acp_icons.php
1729813499997549700,Response,Service,200,0,http://192.168.56.101:81/includes/acp/acp_php_info.php
1729813500023918600,Response,Service,200,0,http://192.168.56.101:81/includes/acp/acp_bots.php
1729813500023918600,Response,Service,200,0,http://192.168.56.101:81/includes/acp/acp_logs.php
1729813500030750800,Response,Service,200,0,http://192.168.56.101:81/includes/acp/acp_forums.php
1729813500054184700,Response,Service,200,0,http://192.168.56.101:81/includes/acp/acp_captcha.php
1729813500061020800,Response,Service,200,0,http://192.168.56.101:81/includes/acp/auth.php
1729813500061020800,Response,Service,200,0,http://192.168.56.101:81/includes/acp/acp_contact.php
1729813500080550600,Response,Service,200,0,http://192.168.56.101:81/includes/acp/acp_database.php
1729813500080550600,Response,Service,200,0,http://192.168.56.101:81/includes/acp/acp_users.php
1729813500099133300,Response,Service,200,0,http://192.168.56.101:81/includes/acp/acp_styles.php
1729813500100110000,Response,Service,200,0,http://192.168.56.101:81/includes/acp/acp_words.php
1729813500112775900,Response,Service,200,0,http://192.168.56.101:81/includes/functions_jabber.php
1729813500122541300,Response,Service,200,0,http://192.168.56.101:81/includes/acp/acp_disallow.php
1729813500122541300,Response,Service,200,0,http://192.168.56.101:81/includes/functions_mcp.php
1729813500122541300,Response,Service,200,0,http://192.168.56.101:81/includes/constants.php
1729813500122541300,Response,Service,200,0,http://192.168.56.101:81/includes/utf/utf_tools.php
1729813500135234300,Response,Service,200,0,http://192.168.56.101:81/includes/acp/acp_inactive.php
1729813500135234300,Response,Service,200,0,http://192.168.56.101:81/includes/functions_module.php
1729813500160624000,Response,Service,200,0,http://192.168.56.101:81/includes/functions_transfer.php
1729813500161602900,Response,Service,200,0,http://192.168.56.101:81/includes/functions_database_helper.php
1729813500178203400,Response,Service,200,0,http://192.168.56.101:81/includes/utf/data/case_fold_f.php
1729813500178203400,Response,Service,200,0,http://192.168.56.101:81/includes/utf/data/search_indexer_20.php
1729813500178203400,Response,Service,200,0,http://192.168.56.101:81/includes/utf/data/search_indexer_84.php
1729813500178203400,Response,Service,200,0,http://192.168.56.101:81/includes/utf/data/search_indexer_58.php
1729813500185035900,Response,Service,200,0,http://192.168.56.101:81/includes/utf/data/search_indexer_4.php
1729813500196773800,Response,Service,200,0,http://192.168.56.101:81/includes/utf/data/case_fold_c.php
1729813500221200400,Response,Service,200,0,http://192.168.56.101:81/includes/utf/data/confusables.php
1729813500228982600,Response,Service,200,0,http://192.168.56.101:81/includes/utf/data/search_indexer_95.php
1729813500239722300,Response,Service,200,0,http://192.168.56.101:81/includes/utf/data/search_indexer_448.php
1729813500246556200,Response,Service,200,0,http://192.168.56.101:81/includes/utf/data/search_indexer_32.php
1729813500272921300,Response,Service,200,0,http://192.168.56.101:81/includes/utf/data/search_indexer_33.php
1729813500272921300,Response,Service,200,0,http://192.168.56.101:81/includes/utf/data/search_indexer_21.php
1729813500272921300,Response,Service,200,0,http://192.168.56.101:81/includes/utf/data/search_indexer_0.php
1729813500286592900,Response,Service,200,0,http://192.168.56.101:81/includes/utf/data/search_indexer_2.php
1729813500295383400,Response,Service,200,0,http://192.168.56.101:81/includes/utf/data/search_indexer_1.php
1729813500295383400,Response,Service,200,0,http://192.168.56.101:81/includes/utf/data/recode_basic.php
1729813500295383400,Response,Service,200,0,http://192.168.56.101:81/includes/utf/data/case_fold_s.php
1729813500320772800,Response,Service,200,0,http://192.168.56.101:81/includes/utf/data/search_indexer_3.php
1729813500320772800,Response,Service,200,0,http://192.168.56.101:81/includes/utf/data/recode_cjk.php
1729813500326659000,Response,Service,200,0,http://192.168.56.101:81/includes/utf/data/search_indexer_9.php
1729813500338347900,Response,Service,200,0,http://192.168.56.101:81/includes/utf/data/search_indexer_64.php
1729813500340301600,Response,Service,200,0,http://192.168.56.101:81/includes/sphinxapi.php
1729813500342253000,Response,Service,200,0,http://192.168.56.101:81/includes/utf/data/search_indexer_31.php
1729813500342253000,Response,Service,200,0,http://192.168.56.101:81/includes/utf/data/search_indexer_19.php
1729813500343230400,Response,Service,200,0,http://192.168.56.101:81/includes/utf/data/search_indexer_26.php
1729813500345183800,Response,Service,200,0,http://192.168.56.101:81/includes/utf/data/search_indexer_6.php
1729813500353970700,Response,Service,200,0,http://192.168.56.101:81/includes/utf/data/search_indexer_5.php
1729813500353970700,Response,Service,200,0,http://192.168.56.101:81/includes/utf/data/search_indexer_36.php
1729813500353970700,Response,Service,200,0,http://192.168.56.101:81/includes/ucp/info/ucp_pm.php
1729813500367645000,Response,Service,200,0,http://192.168.56.101:81/includes/ucp/info/ucp_prefs.php
1729813500375454600,Response,Service,200,0,http://192.168.56.101:81/includes/ucp/info/ucp_main.php
1729813500375454600,Response,Service,200,0,http://192.168.56.101:81/includes/ucp/info/ucp_groups.php
1729813500375454600,Response,Service,200,0,http://192.168.56.101:81/includes/ucp/info/ucp_profile.php
1729813500400844100,Response,Service,200,0,http://192.168.56.101:81/includes/ucp/info/ucp_auth_link.php
1729813500408656500,Response,Service,200,0,http://192.168.56.101:81/includes/ucp/ucp_pm.php
1729813500408656500,Response,Service,200,0,http://192.168.56.101:81/includes/ucp/info/ucp_zebra.php
1729813500408656500,Response,Service,200,0,http://192.168.56.101:81/includes/functions_posting.php
1729813500423303000,Response,Service,200,0,http://192.168.56.101:81/includes/ucp/info/ucp_notifications.php
1729813500424278800,Response,Service,200,0,http://192.168.56.101:81/includes/ucp/info/ucp_attachments.php
1729813500424278800,Response,Service,200,0,http://192.168.56.101:81/includes/ucp/ucp_zebra.php
1729813500426233600,Response,Service,200,0,http://192.168.56.101:81/includes/ucp/ucp_main.php
1729813500427209100,Response,Service,200,0,http://192.168.56.101:81/includes/ucp/ucp_confirm.php
1729813500428186100,Response,Service,200,0,http://192.168.56.101:81/includes/ucp/ucp_pm_viewfolder.php
1729813500435997400,Response,Service,200,0,http://192.168.56.101:81/includes/ucp/ucp_groups.php
1729813500442834600,Response,Service,200,0,http://192.168.56.101:81/includes/ucp/ucp_notifications.php
1729813500442834600,Response,Service,200,0,http://192.168.56.101:81/includes/ucp/ucp_prefs.php
1729813500451620700,Response,Service,200,0,http://192.168.56.101:81/includes/ucp/ucp_resend.php
1729813500451620700,Response,Service,200,0,http://192.168.56.101:81/includes/ucp/ucp_profile.php
1729813500460408400,Response,Service,200,0,http://192.168.56.101:81/includes/ucp/ucp_activate.php
1729813500460408400,Response,Service,200,0,http://192.168.56.101:81/includes/ucp/ucp_pm_options.php
1729813500478964600,Response,Service,200,0,http://192.168.56.101:81/includes/functions_messenger.php
1729813500497517000,Response,Service,200,0,http://192.168.56.101:81/includes/functions_admin.php
1729813500499471300,Response,Service,200,0,http://192.168.56.101:81/includes/ucp/ucp_register.php
1729813500499471300,Response,Service,200,0,http://192.168.56.101:81/includes/ucp/ucp_attachments.php
1729813500502399700,Response,Service,200,0,http://192.168.56.101:81/includes/ucp/ucp_login_link.php
1729813500503376600,Response,Service,200,0,http://192.168.56.101:81/includes/ucp/ucp_auth_link.php
1729813500505328700,Response,Service,200,0,http://192.168.56.101:81/includes/ucp/ucp_pm_viewmessage.php
1729813500505328700,Response,Service,200,0,http://192.168.56.101:81/includes/ucp/ucp_pm_compose.php
1729813500505328700,Response,Service,200,0,http://192.168.56.101:81/includes/diff/engine.php
1729813500508259100,Response,Service,200,0,http://192.168.56.101:81/includes/questionnaire/questionnaire.php
1729813500521930700,Response,Service,200,0,http://192.168.56.101:81/includes/message_parser.php
1729813500521930700,Response,Service,200,0,http://192.168.56.101:81/includes/diff/diff.php
1729813500524859000,Response,Service,200,0,http://192.168.56.101:81/includes/diff/renderer.php
1729813500525835800,Response,Service,200,0,http://192.168.56.101:81/includes/functions_download.php
1729813500525835800,Response,Service,200,0,http://192.168.56.101:81/includes/compatibility_globals.php
1729813500532668900,Response,Service,200,0,http://192.168.56.101:81/includes/bbcode.php
1729813500532668900,Response,Service,200,0,http://192.168.56.101:81/includes/functions_compatibility.php
1729813500559034600,Response,Service,200,0,http://192.168.56.101:81/install_backup/convert/convertor.php
1729813500559034600,Response,Service,200,0,http://192.168.56.101:81/includes/hooks/index.php
1729813500560011600,Response,Service,200,0,http://192.168.56.101:81/install_backup/startup.php
1729813500560011600,Response,Service,200,0,http://192.168.56.101:81/install_backup/convert/controller/convertor.php
1729813500570753900,Response,Service,200,0,http://192.168.56.101:81/install_backup/convert/convert.php
1729813500570753900,Response,Service,200,0,http://192.168.56.101:81/install_backup/convertors/functions_phpbb20.php
1729813500591262700,Response,Service,200,85364,http://192.168.56.101:81/install_backup/phpinfo.php
1729813500595166600,Response,Service,500,0,http://192.168.56.101:81/install_backup/app.php
1729813500595166600,Response,Service,200,0,http://192.168.56.101:81/install_backup/convertors/convert_phpbb20.php
1729813500628371200,Response,Link,200,1731,http://192.168.56.101:81/assets/
1729813500628371200,Unrecurse,assets/,,,
1729813500629344700,Response,Href,200,1982,http://192.168.56.101:81/app.php/feed/htt
1729813500704537300,Response,Href,200,1986,http://192.168.56.101:81/app.php/feed/topic
1729813500744570400,Response,Index,301,324,http://192.168.56.101:81/assets/css
1729813500744570400,Recurse,assets/css/,True,,
1729813500751405600,Response,Index,301,334,http://192.168.56.101:81/assets/cookieconsent
1729813500751405600,Recurse,assets/cookieconsent/,True,,
1729813500751405600,Response,Index,301,331,http://192.168.56.101:81/assets/javascript
1729813500751405600,Recurse,assets/javascript/,True,,
1729813500764100600,Response,Src,200,148,http://192.168.56.101:81/icons/blank.gif
1729813502784702800,Response,Src,200,225,http://192.168.56.101:81/icons/folder.gif
1729813502792517600,Response,Src,200,216,http://192.168.56.101:81/icons/back.gif
1729813502796451600,Response,Index,301,329,http://192.168.56.101:81/assets/plupload
1729813502796451600,Recurse,assets/plupload/,True,,
1729813502796451600,Response,Index,301,326,http://192.168.56.101:81/assets/fonts
1729813502796451600,Recurse,assets/fonts/,True,,
1729813502796451600,Response,Link,200,976,http://192.168.56.101:81/assets/css/
1729813502796451600,Unrecurse,assets/css/,,,
1729813502797427900,Response,Link,200,1216,http://192.168.56.101:81/assets/cookieconsent/
1729813502797427900,Unrecurse,assets/cookieconsent/,,,
1729813502797427900,Response,Link,200,1778,http://192.168.56.101:81/assets/javascript/
1729813502797427900,Unrecurse,assets/javascript/,,,
1729813502799381200,Response,Dict,200,0,http://192.168.56.101:81/config.php
1729813502799381200,Response,Dict,301,319,http://192.168.56.101:81/files
1729813502799381200,Recurse,files/,False,,
1729813502799381200,Response,Dict,301,322,http://192.168.56.101:81/includes
1729813502799381200,Recurse,includes/,False,,
1729813502802282700,Response,Dict,301,319,http://192.168.56.101:81/cache
1729813502802282700,Recurse,cache/,True,,
1729813502802282700,Response,Dict,301,320,http://192.168.56.101:81/vendor
1729813502802282700,Recurse,vendor/,True,,
1729813502802282700,Response,Dict,200,2256,http://192.168.56.101:81/composer.json
1729813502803287600,Response,Dict,301,320,http://192.168.56.101:81/config
1729813502803287600,Recurse,config/,False,,
1729813502803287600,Response,Dict,200,187145,http://192.168.56.101:81/composer.lock
1729813502817904400,Response,Dict,301,320,http://192.168.56.101:81/styles
1729813502817904400,Recurse,styles/,True,,
1729813502818884100,Response,Dict,301,318,http://192.168.56.101:81/docs
1729813502818884100,Recurse,docs/,False,,
1729813502818884100,Response,Dict,200,0,http://192.168.56.101:81/common.php
1729813502818884100,Response,Dict,301,322,http://192.168.56.101:81/download
1729813502818884100,Recurse,download/,False,,
1729813502819887500,Response,Dict,200,11730,http://192.168.56.101:81/search.php
1729813502971245000,Response,Dict,301,317,http://192.168.56.101:81/bin
1729813502971245000,Recurse,bin/,False,,
1729813502972193500,Response,Dict,301,324,http://192.168.56.101:81/javascript
1729813502972193500,Recurse,javascript/,False,,
1729813502972193500,Response,Dict,301,322,http://192.168.56.101:81/language
1729813502972193500,Recurse,language/,False,,
1729813502978053600,Response,Link,200,986,http://192.168.56.101:81/assets/plupload/
1729813502978053600,Unrecurse,assets/plupload/,,,
1729813502978053600,Response,Link,200,2119,http://192.168.56.101:81/assets/fonts/
1729813502978053600,Unrecurse,assets/fonts/,,,
1729813502980004900,Response,Src,200,229,http://192.168.56.101:81/icons/text.gif
1729813502981959100,Response,Link,200,169,http://192.168.56.101:81/files/
1729813502981959100,Response,Link,200,169,http://192.168.56.101:81/cache/
1729813502981959100,Response,Link,200,3504,http://192.168.56.101:81/vendor/
1729813502981959100,Unrecurse,vendor/,,,
1729813502985892200,Response,Link,200,169,http://192.168.56.101:81/includes/
1729813502985892200,Response,Link,200,1341,http://192.168.56.101:81/config/
1729813502985892200,Unrecurse,config/,,,
1729813502986869100,Response,Link,200,1131,http://192.168.56.101:81/styles/
1729813502986869100,Unrecurse,styles/,,,
1729813502986869100,Response,Link,200,24514,http://192.168.56.101:81/docs/
1729813502992700400,Response,Link,200,169,http://192.168.56.101:81/download/
1729813502992700400,Response,Link,403,279,http://192.168.56.101:81/javascript/
1729813502992700400,Response,Link,200,169,http://192.168.56.101:81/language/
1729813503001488400,Response,Link,200,942,http://192.168.56.101:81/bin/
1729813503001488400,Unrecurse,bin/,,,
1729813503039570900,Response,Index,200,98024,http://192.168.56.101:81/assets/fonts/fontawesome-webfont.woff
1729813503066912600,Response,Src,200,309,http://192.168.56.101:81/icons/image2.gif
1729813503072772100,Response,Src,200,245,http://192.168.56.101:81/icons/unknown.gif
1729813503076678500,Response,Src,200,1043,http://192.168.56.101:81/icons/odf6otf-20x22.png
1729813503110884500,Response,Index,301,334,http://192.168.56.101:81/vendor/zendframework
1729813503110884500,Recurse,vendor/zendframework/,True,,
1729813503111833000,Response,Index,301,329,http://192.168.56.101:81/vendor/composer
1729813503111833000,Recurse,vendor/composer/,True,,
1729813503112810000,Response,Index,301,324,http://192.168.56.101:81/vendor/psr
1729813503112810000,Recurse,vendor/psr/,True,,
1729813503112810000,Response,Index,301,328,http://192.168.56.101:81/vendor/symfony
1729813503112810000,Recurse,vendor/symfony/,True,,
1729813503140183300,Response,Index,301,324,http://192.168.56.101:81/vendor/s9e
1729813503140183300,Recurse,vendor/s9e/,True,,
1729813503142103400,Response,Index,301,331,http://192.168.56.101:81/vendor/guzzlehttp
1729813503142103400,Recurse,vendor/guzzlehttp/,True,,
1729813503144055800,Response,Index,301,326,http://192.168.56.101:81/vendor/bantu
1729813503144055800,Recurse,vendor/bantu/,True,,
1729813503145033000,Response,Index,301,325,http://192.168.56.101:81/vendor/twig
1729813503145033000,Recurse,vendor/twig/,True,,
1729813503150892900,Response,Index,301,329,http://192.168.56.101:81/vendor/marc1706
1729813503150892900,Recurse,vendor/marc1706/,True,,
1729813503170453700,Response,Index,301,329,http://192.168.56.101:81/vendor/ocramius
1729813503170453700,Recurse,vendor/ocramius/,True,,
1729813503172404900,Response,Index,301,327,http://192.168.56.101:81/vendor/google
1729813503172404900,Recurse,vendor/google/,True,,
1729813503174373100,Response,Index,301,330,http://192.168.56.101:81/vendor/ralouphie
1729813503174373100,Recurse,vendor/ralouphie/,True,,
1729813503183115900,Response,Index,301,331,http://192.168.56.101:81/config/production
1729813503183115900,Recurse,config/production/,False,,
1729813503194833700,Response,Index,301,332,http://192.168.56.101:81/vendor/carlos-mg89
1729813503194833700,Recurse,vendor/carlos-mg89/,True,,
1729813503200693700,Response,Index,301,328,http://192.168.56.101:81/config/default
1729813503200693700,Recurse,config/default/,False,,
1729813503206582300,Response,Index,301,330,http://192.168.56.101:81/config/installer
1729813503206582300,Recurse,config/installer/,False,,
1729813503210488500,Response,Index,301,330,http://192.168.56.101:81/styles/prosilver
1729813503210488500,Recurse,styles/prosilver/,True,,
1729813503219246800,Response,Index,301,324,http://192.168.56.101:81/styles/all
1729813503219246800,Recurse,styles/all/,True,,
1729813503226082600,Response,Href,301,325,http://192.168.56.101:81/docs/assets
1729813503226082600,Recurse,docs/assets/,True,,
1729813503310061300,Response,Src,200,242,http://192.168.56.101:81/icons/script.gif
1729813503323731700,Response,Link,200,3365,http://192.168.56.101:81/vendor/composer/
1729813503323731700,Unrecurse,vendor/composer/,,,
1729813503329591500,Response,Link,200,1194,http://192.168.56.101:81/vendor/zendframework/
1729813503329591500,Unrecurse,vendor/zendframework/,,,
1729813503329591500,Response,Link,200,1352,http://192.168.56.101:81/vendor/psr/
1729813503329591500,Unrecurse,vendor/psr/,,,
1729813503339355700,Response,Link,200,1354,http://192.168.56.101:81/vendor/guzzlehttp/
1729813503339355700,Unrecurse,vendor/guzzlehttp/,,,
1729813503346191400,Response,Link,200,974,http://192.168.56.101:81/vendor/bantu/
1729813503346191400,Unrecurse,vendor/bantu/,,,
1729813503347169500,Response,Link,200,1376,http://192.168.56.101:81/vendor/s9e/
1729813503347169500,Unrecurse,vendor/s9e/,,,
1729813503358885700,Response,Link,200,4686,http://192.168.56.101:81/vendor/symfony/
1729813503359864800,Unrecurse,vendor/symfony/,,,
1729813503362795000,Response,Link,200,976,http://192.168.56.101:81/vendor/ocramius/
1729813503362795000,Unrecurse,vendor/ocramius/,,,
1729813503366727600,Response,Link,200,980,http://192.168.56.101:81/vendor/marc1706/
1729813503366727600,Unrecurse,vendor/marc1706/,,,
1729813503386227900,Response,Link,200,978,http://192.168.56.101:81/vendor/ralouphie/
1729813503386227900,Unrecurse,vendor/ralouphie/,,,
1729813503397986100,Response,Link,200,966,http://192.168.56.101:81/vendor/carlos-mg89/
1729813503397986100,Unrecurse,vendor/carlos-mg89/,,,
1729813503410679900,Response,Link,200,1369,http://192.168.56.101:81/config/production/
1729813503410679900,Unrecurse,config/production/,,,
1729813503411618000,Response,Link,200,950,http://192.168.56.101:81/vendor/twig/
1729813503411618000,Unrecurse,vendor/twig/,,,
1729813503417506500,Response,Link,200,964,http://192.168.56.101:81/vendor/google/
1729813503417506500,Unrecurse,vendor/google/,,,
1729813503418454600,Response,Link,200,1363,http://192.168.56.101:81/config/default/
1729813503418454600,Unrecurse,config/default/,,,
1729813503424341800,Response,Link,200,1367,http://192.168.56.101:81/config/installer/
1729813503424341800,Unrecurse,config/installer/,,,
1729813503431184700,Response,Link,200,1359,http://192.168.56.101:81/styles/prosilver/
1729813503431184700,Unrecurse,styles/prosilver/,,,
1729813503450678400,Response,Link,200,1146,http://192.168.56.101:81/styles/all/
1729813503450678400,Unrecurse,styles/all/,,,
1729813503463374300,Response,Link,200,1140,http://192.168.56.101:81/docs/assets/
1729813503463374300,Unrecurse,docs/assets/,,,
1729813503505361500,Response,Index,301,357,http://192.168.56.101:81/vendor/composer/package-versions-deprecated
1729813503505361500,Recurse,vendor/composer/package-versions-deprecated/,True,,
1729813503536610400,Response,Index,301,352,http://192.168.56.101:81/vendor/zendframework/zend-eventmanager
1729813503536610400,Recurse,vendor/zendframework/zend-eventmanager/,True,,
1729813503546375900,Response,Index,301,344,http://192.168.56.101:81/vendor/zendframework/zend-code
1729813503546375900,Recurse,vendor/zendframework/zend-code/,True,,
1729813503553211000,Response,Index,301,328,http://192.168.56.101:81/vendor/psr/log
1729813503554187800,Recurse,vendor/psr/log/,True,,
1729813503555181500,Response,Index,301,334,http://192.168.56.101:81/vendor/psr/container
1729813503555181500,Recurse,vendor/psr/container/,True,,
1729813503568863800,Response,Index,301,338,http://192.168.56.101:81/vendor/guzzlehttp/guzzle
1729813503568863800,Recurse,vendor/guzzlehttp/guzzle/,True,,
1729813503578599900,Response,Index,301,340,http://192.168.56.101:81/vendor/guzzlehttp/promises
1729813503578599900,Recurse,vendor/guzzlehttp/promises/,True,,
1729813503579575000,Response,Index,301,342,http://192.168.56.101:81/vendor/bantu/ini-get-wrapper
1729813503580553500,Recurse,vendor/bantu/ini-get-wrapper/,True,,
1729813503580553500,Response,Index,301,333,http://192.168.56.101:81/vendor/s9e/sweetdom
1729813503580553500,Recurse,vendor/s9e/sweetdom/,True,,
1729813503580553500,Response,Index,301,336,http://192.168.56.101:81/vendor/guzzlehttp/psr7
1729813503580553500,Recurse,vendor/guzzlehttp/psr7/,True,,
1729813503587387800,Response,Index,301,339,http://192.168.56.101:81/vendor/s9e/regexp-builder
1729813503588387400,Recurse,vendor/s9e/regexp-builder/,True,,
1729813503588387400,Response,Index,301,343,http://192.168.56.101:81/vendor/symfony/polyfill-php72
1729813503588387400,Recurse,vendor/symfony/polyfill-php72/,True,,
1729813503588387400,Response,Index,301,339,http://192.168.56.101:81/vendor/s9e/text-formatter
1729813503588387400,Recurse,vendor/s9e/text-formatter/,True,,
1729813503619640500,Response,Index,301,349,http://192.168.56.101:81/vendor/symfony/proxy-manager-bridge
1729813503619640500,Recurse,vendor/symfony/proxy-manager-bridge/,True,,
1729813503620588200,Response,Index,301,345,http://192.168.56.101:81/vendor/symfony/event-dispatcher
1729813503620588200,Recurse,vendor/symfony/event-dispatcher/,True,,
1729813503621595200,Response,Index,301,336,http://192.168.56.101:81/vendor/symfony/routing
1729813503621595200,Recurse,vendor/symfony/routing/,True,,
1729813503621595200,Response,Index,301,346,http://192.168.56.101:81/vendor/symfony/polyfill-intl-idn
1729813503621595200,Recurse,vendor/symfony/polyfill-intl-idn/,True,,
1729813503625470600,Response,Index,301,346,http://192.168.56.101:81/vendor/symfony/polyfill-mbstring
1729813503625470600,Recurse,vendor/symfony/polyfill-mbstring/,True,,
1729813503633283100,Response,Index,301,335,http://192.168.56.101:81/vendor/symfony/finder
1729813503633283100,Recurse,vendor/symfony/finder/,True,,
1729813503647930500,Response,Index,301,340,http://192.168.56.101:81/vendor/symfony/twig-bridge
1729813503647930500,Recurse,vendor/symfony/twig-bridge/,True,,
1729813503648907500,Response,Index,301,333,http://192.168.56.101:81/vendor/symfony/yaml
1729813503648907500,Recurse,vendor/symfony/yaml/,True,,
1729813503660626700,Response,Index,301,334,http://192.168.56.101:81/vendor/symfony/debug
1729813503660626700,Recurse,vendor/symfony/debug/,True,,
1729813503662579300,Response,Index,301,339,http://192.168.56.101:81/vendor/symfony/filesystem
1729813503662579300,Recurse,vendor/symfony/filesystem/,True,,
1729813503685036400,Response,Index,301,349,http://192.168.56.101:81/vendor/symfony/dependency-injection
1729813503685036400,Recurse,vendor/symfony/dependency-injection/,True,,
1729813503691874000,Response,Index,301,336,http://192.168.56.101:81/vendor/symfony/console
1729813503691874000,Recurse,vendor/symfony/console/,True,,
1729813503728979500,Response,Index,301,335,http://192.168.56.101:81/vendor/symfony/config
1729813503728979500,Recurse,vendor/symfony/config/,True,,
1729813503729956900,Response,Index,301,343,http://192.168.56.101:81/vendor/symfony/polyfill-ctype
1729813503729956900,Recurse,vendor/symfony/polyfill-ctype/,True,,
1729813503729956900,Response,Index,301,353,http://192.168.56.101:81/vendor/symfony/polyfill-intl-normalizer
1729813503729956900,Recurse,vendor/symfony/polyfill-intl-normalizer/,True,,
1729813503730932500,Response,Index,301,336,http://192.168.56.101:81/vendor/symfony/process
1729813503730932500,Recurse,vendor/symfony/process/,True,,
1729813503758304400,Response,Index,301,345,http://192.168.56.101:81/vendor/marc1706/fast-image-size
1729813503758304400,Recurse,vendor/marc1706/fast-image-size/,True,,
1729813503765111500,Response,Index,301,343,http://192.168.56.101:81/vendor/ocramius/proxy-manager
1729813503765111500,Recurse,vendor/ocramius/proxy-manager/,True,,
1729813503785616400,Response,Index,301,338,http://192.168.56.101:81/vendor/carlos-mg89/oauth
1729813503785616400,Recurse,vendor/carlos-mg89/oauth/,True,,
1729813503785616400,Response,Index,301,344,http://192.168.56.101:81/vendor/ralouphie/getallheaders
1729813503785616400,Recurse,vendor/ralouphie/getallheaders/,True,,
1729813503800294200,Response,Index,301,339,http://192.168.56.101:81/config/production/routing
1729813503800294200,Recurse,config/production/routing/,False,,
1729813503820771500,Response,Index,301,330,http://192.168.56.101:81/vendor/twig/twig
1729813503820771500,Recurse,vendor/twig/twig/,True,,
1729813503823701700,Response,Index,301,341,http://192.168.56.101:81/config/production/container
1729813503823701700,Recurse,config/production/container/,False,,
1729813503823701700,Response,Index,301,337,http://192.168.56.101:81/vendor/google/recaptcha
1729813503823701700,Recurse,vendor/google/recaptcha/,True,,
1729813503823701700,Response,Index,301,336,http://192.168.56.101:81/config/default/routing
1729813503823701700,Recurse,config/default/routing/,False,,
1729813503831513900,Response,Index,301,338,http://192.168.56.101:81/config/default/container
1729813503831513900,Recurse,config/default/container/,False,,
1729813503839324000,Response,Index,301,340,http://192.168.56.101:81/config/installer/container
1729813503839324000,Recurse,config/installer/container/,False,,
1729813503851043000,Response,Index,301,339,http://192.168.56.101:81/styles/prosilver/template
1729813503851043000,Recurse,styles/prosilver/template/,True,,
1729813503868620800,Response,Index,301,338,http://192.168.56.101:81/config/installer/routing
1729813503869596900,Recurse,config/installer/routing/,False,,
1729813503885220400,Response,Index,301,336,http://192.168.56.101:81/styles/prosilver/theme
1729813503885220400,Recurse,styles/prosilver/theme/,True,,
1729813503930167600,Response,Index,301,329,http://192.168.56.101:81/styles/all/imgs
1729813503930167600,Recurse,styles/all/imgs/,True,,
1729813503936975500,Response,Index,301,332,http://192.168.56.101:81/docs/assets/images
1729813503936975500,Recurse,docs/assets/images/,True,,
1729813503938957100,Response,Index,301,329,http://192.168.56.101:81/docs/assets/css
1729813503938957100,Recurse,docs/assets/css/,True,,
1729813503940881400,Response,Link,200,2436,http://192.168.56.101:81/vendor/composer/package-versions-deprecated/
1729813503940881400,Unrecurse,vendor/composer/package-versions-deprecated/,,,
1729813503943839300,Response,Index,301,333,http://192.168.56.101:81/styles/all/template
1729813503944787900,Recurse,styles/all/template/,True,,
1729813503956503800,Response,Link,200,2028,http://192.168.56.101:81/vendor/zendframework/zend-eventmanager/
1729813503956503800,Unrecurse,vendor/zendframework/zend-eventmanager/,,,
1729813503964315800,Response,Link,200,1360,http://192.168.56.101:81/vendor/psr/log/
1729813503964315800,Unrecurse,vendor/psr/log/,,,
1729813503969199100,Response,Link,200,1607,http://192.168.56.101:81/vendor/zendframework/zend-code/
1729813503969199100,Unrecurse,vendor/zendframework/zend-code/,,,
1729813503971181000,Response,Link,200,1588,http://192.168.56.101:81/vendor/guzzlehttp/guzzle/
1729813503971181000,Unrecurse,vendor/guzzlehttp/guzzle/,,,
1729813503974081400,Response,Link,200,1789,http://192.168.56.101:81/vendor/guzzlehttp/promises/
1729813503974081400,Unrecurse,vendor/guzzlehttp/promises/,,,
1729813503975057900,Response,Link,200,1568,http://192.168.56.101:81/vendor/psr/container/
1729813503975057900,Unrecurse,vendor/psr/container/,,,
1729813503994590200,Response,Link,200,1370,http://192.168.56.101:81/vendor/s9e/sweetdom/
1729813503994590200,Unrecurse,vendor/s9e/sweetdom/,,,
1729813504000446800,Response,Link,200,1382,http://192.168.56.101:81/vendor/s9e/regexp-builder/
1729813504001422900,Unrecurse,vendor/s9e/regexp-builder/,,,
1729813504007283200,Response,Link,200,1390,http://192.168.56.101:81/vendor/bantu/ini-get-wrapper/
1729813504007283200,Unrecurse,vendor/bantu/ini-get-wrapper/,,,
1729813504019979100,Response,Link,200,1781,http://192.168.56.101:81/vendor/guzzlehttp/psr7/
1729813504019979100,Unrecurse,vendor/guzzlehttp/psr7/,,,
1729813504027789700,Response,Link,200,1808,http://192.168.56.101:81/vendor/symfony/polyfill-php72/
1729813504027789700,Unrecurse,vendor/symfony/polyfill-php72/,,,
1729813504028765800,Response,Link,200,1593,http://192.168.56.101:81/vendor/s9e/text-formatter/
1729813504028765800,Unrecurse,vendor/s9e/text-formatter/,,,
1729813504058089400,Response,Link,200,4600,http://192.168.56.101:81/vendor/symfony/routing/
1729813504058089400,Unrecurse,vendor/symfony/routing/,,,
1729813504065872600,Response,Link,200,1418,http://192.168.56.101:81/vendor/symfony/proxy-manager-bridge/
1729813504065872600,Unrecurse,vendor/symfony/proxy-manager-bridge/,,,
1729813504066850000,Response,Link,200,2418,http://192.168.56.101:81/vendor/symfony/polyfill-intl-idn/
1729813504066850000,Unrecurse,vendor/symfony/polyfill-intl-idn/,,,
1729813504069778700,Response,Link,200,3211,http://192.168.56.101:81/vendor/symfony/event-dispatcher/
1729813504069778700,Unrecurse,vendor/symfony/event-dispatcher/,,,
1729813504072709100,Response,Link,200,3653,http://192.168.56.101:81/vendor/symfony/twig-bridge/
1729813504072709100,Unrecurse,vendor/symfony/twig-bridge/,,,
1729813504075639000,Response,Link,200,2231,http://192.168.56.101:81/vendor/symfony/polyfill-mbstring/
1729813504076641700,Unrecurse,vendor/symfony/polyfill-mbstring/,,,
1729813504102004500,Response,Link,200,2399,http://192.168.56.101:81/vendor/symfony/finder/
1729813504102004500,Unrecurse,vendor/symfony/finder/,,,
1729813504103955300,Response,Link,200,2980,http://192.168.56.101:81/vendor/symfony/yaml/
1729813504103955300,Unrecurse,vendor/symfony/yaml/,,,
1729813504106885700,Response,Link,200,1818,http://192.168.56.101:81/vendor/symfony/filesystem/
1729813504106885700,Unrecurse,vendor/symfony/filesystem/,,,
1729813504109815600,Response,Link,200,2877,http://192.168.56.101:81/vendor/symfony/debug/
1729813504109815600,Unrecurse,vendor/symfony/debug/,,,
1729813504112745300,Response,Link,200,4475,http://192.168.56.101:81/vendor/symfony/config/
1729813504112745300,Unrecurse,vendor/symfony/config/,,,
1729813504128368100,Response,Link,200,2019,http://192.168.56.101:81/vendor/symfony/polyfill-ctype/
1729813504128368100,Unrecurse,vendor/symfony/polyfill-ctype/,,,
1729813504130322800,Response,Link,200,7669,http://192.168.56.101:81/vendor/symfony/dependency-injection/
1729813504130322800,Unrecurse,vendor/symfony/dependency-injection/,,,
1729813504137185900,Response,Link,200,2249,http://192.168.56.101:81/vendor/symfony/polyfill-intl-normalizer/
1729813504137185900,Unrecurse,vendor/symfony/polyfill-intl-normalizer/,,,
1729813504147897200,Response,Link,200,1606,http://192.168.56.101:81/vendor/marc1706/fast-image-size/
1729813504147897200,Unrecurse,vendor/marc1706/fast-image-size/,,,
1729813504155710100,Response,Link,200,3888,http://192.168.56.101:81/vendor/symfony/process/
1729813504155710100,Unrecurse,vendor/symfony/process/,,,
1729813504161571100,Response,Link,200,5007,http://192.168.56.101:81/vendor/symfony/console/
1729813504161571100,Unrecurse,vendor/symfony/console/,,,
1729813504165476600,Response,Link,200,3017,http://192.168.56.101:81/vendor/ocramius/proxy-manager/
1729813504165476600,Unrecurse,vendor/ocramius/proxy-manager/,,,
1729813504170359000,Response,Link,200,2004,http://192.168.56.101:81/vendor/carlos-mg89/oauth/
1729813504170359000,Unrecurse,vendor/carlos-mg89/oauth/,,,
1729813504187936300,Response,Link,200,1594,http://192.168.56.101:81/vendor/ralouphie/getallheaders/
1729813504187936300,Unrecurse,vendor/ralouphie/getallheaders/,,,
1729813504192817900,Response,Link,200,1010,http://192.168.56.101:81/config/production/routing/
1729813504192817900,Unrecurse,config/production/routing/,,,
1729813504194770600,Response,Link,200,1553,http://192.168.56.101:81/vendor/twig/twig/
1729813504194770600,Unrecurse,vendor/twig/twig/,,,
1729813504199651800,Response,Link,200,1786,http://192.168.56.101:81/vendor/google/recaptcha/
1729813504199651800,Unrecurse,vendor/google/recaptcha/,,,
1729813504222113200,Response,Link,200,1428,http://192.168.56.101:81/config/production/container/
1729813504222113200,Unrecurse,config/production/container/,,,
1729813504223091200,Response,Link,200,1980,http://192.168.56.101:81/config/default/routing/
1729813504223091200,Unrecurse,config/default/routing/,,,
1729813504228948700,Response,Link,200,8033,http://192.168.56.101:81/config/default/container/
1729813504228948700,Unrecurse,config/default/container/,,,
1729813504237736700,Response,Link,200,0,http://192.168.56.101:81/styles/prosilver/template/
1729813504237736700,Response,Link,200,1214,http://192.168.56.101:81/config/installer/routing/
1729813504237736700,Unrecurse,config/installer/routing/,,,
1729813504246525600,Response,Link,200,0,http://192.168.56.101:81/styles/prosilver/theme/
1729813504248476700,Response,Link,200,960,http://192.168.56.101:81/styles/all/imgs/
1729813504248476700,Unrecurse,styles/all/imgs/,,,
1729813504249455800,Response,Link,200,5010,http://192.168.56.101:81/config/installer/container/
1729813504249455800,Unrecurse,config/installer/container/,,,
1729813504252412700,Response,Link,200,1405,http://192.168.56.101:81/docs/assets/images/
1729813504252412700,Unrecurse,docs/assets/images/,,,
1729813504256290600,Response,Link,200,979,http://192.168.56.101:81/docs/assets/css/
1729813504256290600,Unrecurse,docs/assets/css/,,,
1729813504289520000,Response,Index,301,361,http://192.168.56.101:81/vendor/composer/package-versions-deprecated/src
1729813504289520000,Recurse,vendor/composer/package-versions-deprecated/src/,True,,
1729813504294375000,Response,Link,200,1183,http://192.168.56.101:81/styles/all/template/
1729813504294375000,Unrecurse,styles/all/template/,,,
1729813504352015700,Response,Index,301,356,http://192.168.56.101:81/vendor/zendframework/zend-eventmanager/src
1729813504352015700,Recurse,vendor/zendframework/zend-eventmanager/src/,True,,
1729813504353940700,Response,Index,301,332,http://192.168.56.101:81/vendor/psr/log/Psr
1729813504353940700,Recurse,vendor/psr/log/Psr/,True,,
1729813504396906500,Response,Index,301,348,http://192.168.56.101:81/vendor/zendframework/zend-code/src
1729813504396906500,Recurse,vendor/zendframework/zend-code/src/,True,,
1729813504413505500,Response,Index,301,342,http://192.168.56.101:81/vendor/guzzlehttp/guzzle/src
1729813504413505500,Recurse,vendor/guzzlehttp/guzzle/src/,True,,
1729813504423273100,Response,Index,301,344,http://192.168.56.101:81/vendor/guzzlehttp/promises/src
1729813504423273100,Recurse,vendor/guzzlehttp/promises/src/,True,,
1729813504454518900,Response,Index,301,337,http://192.168.56.101:81/vendor/s9e/sweetdom/src
1729813504454518900,Recurse,vendor/s9e/sweetdom/src/,True,,
1729813504456473600,Response,Index,301,338,http://192.168.56.101:81/vendor/psr/container/src
1729813504456473600,Recurse,vendor/psr/container/src/,True,,
1729813504531663900,Response,Index,301,346,http://192.168.56.101:81/vendor/bantu/ini-get-wrapper/src
1729813504532674400,Recurse,vendor/bantu/ini-get-wrapper/src/,True,,
1729813504553146600,Response,Index,301,343,http://192.168.56.101:81/vendor/s9e/regexp-builder/src
1729813504553146600,Recurse,vendor/s9e/regexp-builder/src/,True,,
1729813504571698800,Response,Index,301,340,http://192.168.56.101:81/vendor/guzzlehttp/psr7/src
1729813504571698800,Recurse,vendor/guzzlehttp/psr7/src/,True,,
1729813504596113300,Response,Index,301,343,http://192.168.56.101:81/vendor/s9e/text-formatter/src
1729813504596113300,Recurse,vendor/s9e/text-formatter/src/,True,,
1729813504615642700,Response,Index,301,347,http://192.168.56.101:81/vendor/symfony/routing/Annotation
1729813504615642700,Recurse,vendor/symfony/routing/Annotation/,True,,
1729813504621531200,Response,Index,301,344,http://192.168.56.101:81/vendor/symfony/routing/Matcher
1729813504621531200,Recurse,vendor/symfony/routing/Matcher/,True,,
1729813504624430400,Response,Index,301,356,http://192.168.56.101:81/vendor/symfony/routing/DependencyInjection
1729813504624430400,Recurse,vendor/symfony/routing/DependencyInjection/,True,,
1729813504683022200,Response,Index,301,346,http://192.168.56.101:81/vendor/symfony/routing/Exception
1729813504683022200,Recurse,vendor/symfony/routing/Exception/,True,,
1729813504684972700,Response,Index,301,343,http://192.168.56.101:81/vendor/symfony/routing/Loader
1729813504684972700,Recurse,vendor/symfony/routing/Loader/,True,,
1729813504685948900,Response,Index,301,346,http://192.168.56.101:81/vendor/symfony/routing/Generator
1729813504685948900,Recurse,vendor/symfony/routing/Generator/,True,,
1729813504714269200,Response,Index,301,359,http://192.168.56.101:81/vendor/symfony/proxy-manager-bridge/LazyProxy
1729813504714269200,Recurse,vendor/symfony/proxy-manager-bridge/LazyProxy/,True,,
1729813504736728700,Response,Index,301,356,http://192.168.56.101:81/vendor/symfony/polyfill-intl-idn/Resources
1729813504736728700,Recurse,vendor/symfony/polyfill-intl-idn/Resources/,True,,
1729813504792388600,Response,Index,301,365,http://192.168.56.101:81/vendor/symfony/event-dispatcher/DependencyInjection
1729813504792388600,Recurse,vendor/symfony/event-dispatcher/DependencyInjection/,True,,
1729813504848086200,Response,Index,301,354,http://192.168.56.101:81/vendor/symfony/twig-bridge/DataCollector
1729813504848086200,Recurse,vendor/symfony/twig-bridge/DataCollector/,True,,
1729813504855861200,Response,Index,301,351,http://192.168.56.101:81/vendor/symfony/event-dispatcher/Debug
1729813504855861200,Recurse,vendor/symfony/event-dispatcher/Debug/,True,,
1729813504858789500,Response,Index,301,352,http://192.168.56.101:81/vendor/symfony/twig-bridge/Translation
1729813504858789500,Recurse,vendor/symfony/twig-bridge/Translation/,True,,
1729813504860742800,Response,Index,301,352,http://192.168.56.101:81/vendor/symfony/twig-bridge/NodeVisitor
1729813504860742800,Recurse,vendor/symfony/twig-bridge/NodeVisitor/,True,,
1729813504861720200,Response,Index,301,352,http://192.168.56.101:81/vendor/symfony/twig-bridge/TokenParser
1729813504861720200,Recurse,vendor/symfony/twig-bridge/TokenParser/,True,,
1729813504891014700,Response,Index,301,345,http://192.168.56.101:81/vendor/symfony/twig-bridge/Form
1729813504891014700,Recurse,vendor/symfony/twig-bridge/Form/,True,,
1729813504896874600,Response,Index,301,348,http://192.168.56.101:81/vendor/symfony/twig-bridge/Command
1729813504896874600,Recurse,vendor/symfony/twig-bridge/Command/,True,,
1729813504927147500,Response,Index,301,345,http://192.168.56.101:81/vendor/symfony/twig-bridge/Node
1729813504927147500,Recurse,vendor/symfony/twig-bridge/Node/,True,,
1729813504930074900,Response,Index,301,350,http://192.168.56.101:81/vendor/symfony/twig-bridge/Extension
1729813504930074900,Recurse,vendor/symfony/twig-bridge/Extension/,True,,
1729813504931050700,Response,Index,301,350,http://192.168.56.101:81/vendor/symfony/twig-bridge/Resources
1729813504931050700,Recurse,vendor/symfony/twig-bridge/Resources/,True,,
1729813504933003900,Response,Index,301,356,http://192.168.56.101:81/vendor/symfony/polyfill-mbstring/Resources
1729813504933003900,Recurse,vendor/symfony/polyfill-mbstring/Resources/,True,,
1729813504979877000,Response,Index,301,346,http://192.168.56.101:81/vendor/symfony/finder/Comparator
1729813504979877000,Recurse,vendor/symfony/finder/Comparator/,True,,
1729813505004317600,Response,Index,301,344,http://192.168.56.101:81/vendor/symfony/finder/Iterator
1729813505004317600,Recurse,vendor/symfony/finder/Iterator/,True,,
1729813505006241300,Response,Index,301,345,http://192.168.56.101:81/vendor/symfony/finder/Exception
1729813505006241300,Recurse,vendor/symfony/finder/Exception/,True,,
1729813505007219600,Response,Index,301,343,http://192.168.56.101:81/vendor/symfony/yaml/Exception
1729813505007219600,Recurse,vendor/symfony/yaml/Exception/,True,,
1729813505027724900,Response,Index,301,341,http://192.168.56.101:81/vendor/symfony/yaml/Command
1729813505027724900,Recurse,vendor/symfony/yaml/Command/,True,,
1729813505038468600,Response,Index,301,337,http://192.168.56.101:81/vendor/symfony/yaml/Tag
1729813505038468600,Recurse,vendor/symfony/yaml/Tag/,True,,
1729813505058037100,Response,Index,301,349,http://192.168.56.101:81/vendor/symfony/filesystem/Exception
1729813505058037100,Recurse,vendor/symfony/filesystem/Exception/,True,,
1729813505094128000,Response,Index,301,344,http://192.168.56.101:81/vendor/symfony/debug/Exception
1729813505094128000,Recurse,vendor/symfony/debug/Exception/,True,,
1729813505117563600,Response,Index,301,344,http://192.168.56.101:81/vendor/symfony/debug/Resources
1729813505117563600,Recurse,vendor/symfony/debug/Resources/,True,,
1729813505122475900,Response,Index,301,352,http://192.168.56.101:81/vendor/symfony/debug/FatalErrorHandler
1729813505122475900,Recurse,vendor/symfony/debug/FatalErrorHandler/,True,,
1729813505128334100,Response,Index,301,344,http://192.168.56.101:81/vendor/symfony/config/Resource
1729813505128334100,Recurse,vendor/symfony/config/Resource/,True,,
1729813505147868400,Response,Index,301,342,http://192.168.56.101:81/vendor/symfony/config/Loader
1729813505147868400,Recurse,vendor/symfony/config/Loader/,True,,
1729813505195683300,Response,Index,301,346,http://192.168.56.101:81/vendor/symfony/config/Definition
1729813505195683300,Recurse,vendor/symfony/config/Definition/,True,,
1729813505195683300,Response,Index,301,340,http://192.168.56.101:81/vendor/symfony/config/Util
1729813505195683300,Recurse,vendor/symfony/config/Util/,True,,
1729813505229860400,Response,Index,301,345,http://192.168.56.101:81/vendor/symfony/config/Exception
1729813505229860400,Recurse,vendor/symfony/config/Exception/,True,,
1729813505231813600,Response,Index,301,355,http://192.168.56.101:81/vendor/symfony/config/DependencyInjection
1729813505231813600,Recurse,vendor/symfony/config/DependencyInjection/,True,,
1729813505292388500,Response,Index,301,356,http://192.168.56.101:81/vendor/symfony/dependency-injection/Loader
1729813505292388500,Recurse,vendor/symfony/dependency-injection/Loader/,True,,
1729813505305051100,Response,Index,301,356,http://192.168.56.101:81/vendor/symfony/dependency-injection/Dumper
1729813505305051100,Recurse,vendor/symfony/dependency-injection/Dumper/,True,,
1729813505314845800,Response,Index,301,356,http://192.168.56.101:81/vendor/symfony/dependency-injection/Config
1729813505314845800,Recurse,vendor/symfony/dependency-injection/Config/,True,,
1729813505340204400,Response,Index,301,359,http://192.168.56.101:81/vendor/symfony/dependency-injection/Exception
1729813505340204400,Recurse,vendor/symfony/dependency-injection/Exception/,True,,
1729813505393912700,Response,Index,301,358,http://192.168.56.101:81/vendor/symfony/dependency-injection/Argument
1729813505393912700,Recurse,vendor/symfony/dependency-injection/Argument/,True,,
1729813505403677000,Response,Index,301,358,http://192.168.56.101:81/vendor/symfony/dependency-injection/Compiler
1729813505403677000,Recurse,vendor/symfony/dependency-injection/Compiler/,True,,
1729813505404654400,Response,Index,301,359,http://192.168.56.101:81/vendor/symfony/dependency-injection/Extension
1729813505404654400,Recurse,vendor/symfony/dependency-injection/Extension/,True,,
1729813505418324700,Response,Index,301,359,http://192.168.56.101:81/vendor/symfony/dependency-injection/LazyProxy
1729813505418324700,Recurse,vendor/symfony/dependency-injection/LazyProxy/,True,,
1729813505454456500,Response,Index,301,362,http://192.168.56.101:81/vendor/symfony/dependency-injection/ParameterBag
1729813505454456500,Recurse,vendor/symfony/dependency-injection/ParameterBag/,True,,
1729813505471104600,Response,Index,301,363,http://192.168.56.101:81/vendor/symfony/polyfill-intl-normalizer/Resources
1729813505472032900,Recurse,vendor/symfony/polyfill-intl-normalizer/Resources/,True,,
1729813505487655800,Response,Index,301,349,http://192.168.56.101:81/vendor/marc1706/fast-image-size/lib
1729813505487655800,Recurse,vendor/marc1706/fast-image-size/lib/,True,,
1729813505529645400,Response,Index,301,342,http://192.168.56.101:81/vendor/symfony/process/Tests
1729813505529645400,Recurse,vendor/symfony/process/Tests/,True,,
1729813505530623400,Response,Index,301,342,http://192.168.56.101:81/vendor/symfony/process/Pipes
1729813505530623400,Recurse,vendor/symfony/process/Pipes/,True,,
1729813505560894100,Response,Index,301,346,http://192.168.56.101:81/vendor/symfony/process/Exception
1729813505560894100,Recurse,vendor/symfony/process/Exception/,True,,
1729813505562847000,Response,Index,301,346,http://192.168.56.101:81/vendor/symfony/console/Resources
1729813505562847000,Recurse,vendor/symfony/console/Resources/,True,,
1729813505562847000,Response,Index,301,350,http://192.168.56.101:81/vendor/symfony/console/CommandLoader
1729813505562847000,Recurse,vendor/symfony/console/CommandLoader/,True,,
1729813505594093500,Response,Index,301,346,http://192.168.56.101:81/vendor/symfony/console/Exception
1729813505594093500,Recurse,vendor/symfony/console/Exception/,True,,
1729813505599982400,Response,Index,301,343,http://192.168.56.101:81/vendor/symfony/console/Tester
1729813505599982400,Recurse,vendor/symfony/console/Tester/,True,,
1729813505620459800,Response,Index,301,350,http://192.168.56.101:81/vendor/symfony/console/EventListener
1729813505620459800,Recurse,vendor/symfony/console/EventListener/,True,,
1729813505647804000,Response,Index,301,343,http://192.168.56.101:81/vendor/symfony/console/Logger
1729813505647804000,Recurse,vendor/symfony/console/Logger/,True,,
1729813505647804000,Response,Index,301,344,http://192.168.56.101:81/vendor/symfony/console/Command
1729813505647804000,Recurse,vendor/symfony/console/Command/,True,,
1729813505654638900,Response,Index,301,346,http://192.168.56.101:81/vendor/symfony/console/Formatter
1729813505654638900,Recurse,vendor/symfony/console/Formatter/,True,,
1729813505666355400,Response,Index,301,342,http://192.168.56.101:81/vendor/symfony/console/Style
1729813505666355400,Recurse,vendor/symfony/console/Style/,True,,
1729813505695651300,Response,Index,301,347,http://192.168.56.101:81/vendor/symfony/console/Descriptor
1729813505695651300,Recurse,vendor/symfony/console/Descriptor/,True,,
1729813505696656900,Response,Index,301,342,http://192.168.56.101:81/vendor/symfony/console/Input
1729813505696656900,Recurse,vendor/symfony/console/Input/,True,,
1729813505707371100,Response,Index,301,342,http://192.168.56.101:81/vendor/symfony/console/Event
1729813505707371100,Recurse,vendor/symfony/console/Event/,True,,
1729813505708345100,Response,Index,301,345,http://192.168.56.101:81/vendor/symfony/console/Question
1729813505708345100,Recurse,vendor/symfony/console/Question/,True,,
1729813505708345100,Response,Index,301,356,http://192.168.56.101:81/vendor/symfony/console/DependencyInjection
1729813505708345100,Recurse,vendor/symfony/console/DependencyInjection/,True,,
1729813505708345100,Response,Index,301,343,http://192.168.56.101:81/vendor/symfony/console/Helper
1729813505708345100,Recurse,vendor/symfony/console/Helper/,True,,
1729813505737669200,Response,Index,301,348,http://192.168.56.101:81/vendor/ocramius/proxy-manager/docs
1729813505737669200,Recurse,vendor/ocramius/proxy-manager/docs/,True,,
1729813505741546500,Response,Index,301,343,http://192.168.56.101:81/vendor/symfony/console/Output
1729813505741546500,Recurse,vendor/symfony/console/Output/,True,,
1729813505775724000,Response,Index,301,347,http://192.168.56.101:81/vendor/ocramius/proxy-manager/src
1729813505775724000,Recurse,vendor/ocramius/proxy-manager/src/,True,,
1729813505776701500,Response,Index,301,356,http://192.168.56.101:81/vendor/ocramius/proxy-manager/doc-template
1729813505776701500,Recurse,vendor/ocramius/proxy-manager/doc-template/,True,,
1729813505799189100,Response,Index,301,342,http://192.168.56.101:81/vendor/carlos-mg89/oauth/src
1729813505799189100,Recurse,vendor/carlos-mg89/oauth/src/,True,,
1729813505825525000,Response,Index,301,348,http://192.168.56.101:81/vendor/ralouphie/getallheaders/src
1729813505825525000,Recurse,vendor/ralouphie/getallheaders/src/,True,,
1729813505857778600,Response,Index,301,334,http://192.168.56.101:81/vendor/twig/twig/src
1729813505857778600,Recurse,vendor/twig/twig/src/,True,,
1729813505884115400,Response,Index,301,341,http://192.168.56.101:81/vendor/google/recaptcha/src
1729813505884115400,Recurse,vendor/google/recaptcha/src/,True,,
1729813505884115400,Response,Index,301,334,http://192.168.56.101:81/vendor/twig/twig/lib
1729813505884115400,Recurse,vendor/twig/twig/lib/,True,,
1729813506131170900,Response,Index,301,333,http://192.168.56.101:81/styles/all/imgs/svg
1729813506131170900,Recurse,styles/all/imgs/svg/,True,,
1729813506188783600,Response,Link,200,1081,http://192.168.56.101:81/vendor/composer/package-versions-deprecated/src/
1729813506188783600,Unrecurse,vendor/composer/package-versions-deprecated/src/,,,
1729813506214173800,Response,Link,200,5534,http://192.168.56.101:81/vendor/zendframework/zend-eventmanager/src/
1729813506214173800,Unrecurse,vendor/zendframework/zend-eventmanager/src/,,,
1729813506222960700,Response,Link,200,970,http://192.168.56.101:81/vendor/psr/log/Psr/
1729813506222960700,Unrecurse,vendor/psr/log/Psr/,,,
1729813506223937900,Response,Link,200,2466,http://192.168.56.101:81/vendor/zendframework/zend-code/src/
1729813506223937900,Unrecurse,vendor/zendframework/zend-code/src/,,,
1729813506235655300,Response,Link,200,4656,http://192.168.56.101:81/vendor/guzzlehttp/promises/src/
1729813506235655300,Unrecurse,vendor/guzzlehttp/promises/src/,,,
1729813506250303200,Response,Link,200,4609,http://192.168.56.101:81/vendor/guzzlehttp/guzzle/src/
1729813506250303200,Unrecurse,vendor/guzzlehttp/guzzle/src/,,,
1729813506257137900,Response,Link,200,1205,http://192.168.56.101:81/vendor/s9e/sweetdom/src/
1729813506257137900,Unrecurse,vendor/s9e/sweetdom/src/,,,
1729813506288387800,Response,Link,200,2428,http://192.168.56.101:81/vendor/s9e/regexp-builder/src/
1729813506288387800,Unrecurse,vendor/s9e/regexp-builder/src/,,,
1729813506290340300,Response,Link,200,1509,http://192.168.56.101:81/vendor/psr/container/src/
1729813506290340300,Unrecurse,vendor/psr/container/src/,,,
1729813506314752800,Response,Link,200,7323,http://192.168.56.101:81/vendor/guzzlehttp/psr7/src/
1729813506314752800,Unrecurse,vendor/guzzlehttp/psr7/src/,,,
1729813506324516600,Response,Link,200,1039,http://192.168.56.101:81/vendor/bantu/ini-get-wrapper/src/
1729813506324516600,Unrecurse,vendor/bantu/ini-get-wrapper/src/,,,
1729813506332329300,Response,Link,200,1019,http://192.168.56.101:81/vendor/symfony/routing/Annotation/
1729813506332329300,Unrecurse,vendor/symfony/routing/Annotation/,,,
1729813506339164400,Response,Link,200,3615,http://192.168.56.101:81/vendor/s9e/text-formatter/src/
1729813506339164400,Unrecurse,vendor/s9e/text-formatter/src/,,,
1729813506370414900,Response,Link,200,1065,http://192.168.56.101:81/vendor/symfony/routing/DependencyInjection/
1729813506370414900,Unrecurse,vendor/symfony/routing/DependencyInjection/,,,
1729813506371417800,Response,Link,200,2390,http://192.168.56.101:81/vendor/symfony/routing/Matcher/
1729813506371417800,Unrecurse,vendor/symfony/routing/Matcher/,,,
1729813506383108700,Response,Link,200,2489,http://192.168.56.101:81/vendor/symfony/routing/Exception/
1729813506383108700,Unrecurse,vendor/symfony/routing/Exception/,,,
1729813506389944400,Response,Link,200,3652,http://192.168.56.101:81/vendor/symfony/routing/Loader/
1729813506389944400,Unrecurse,vendor/symfony/routing/Loader/,,,
1729813506397783500,Response,Link,200,1711,http://192.168.56.101:81/vendor/symfony/routing/Generator/
1729813506397783500,Unrecurse,vendor/symfony/routing/Generator/,,,
1729813506398759700,Response,Link,200,1263,http://192.168.56.101:81/vendor/symfony/proxy-manager-bridge/LazyProxy/
1729813506398759700,Unrecurse,vendor/symfony/proxy-manager-bridge/LazyProxy/,,,
1729813506401661700,Response,Link,200,1044,http://192.168.56.101:81/vendor/symfony/polyfill-intl-idn/Resources/
1729813506401661700,Unrecurse,vendor/symfony/polyfill-intl-idn/Resources/,,,
1729813506414385700,Response,Link,200,1096,http://192.168.56.101:81/vendor/symfony/event-dispatcher/DependencyInjection/
1729813506414385700,Unrecurse,vendor/symfony/event-dispatcher/DependencyInjection/,,,
1729813506440763400,Response,Link,200,1049,http://192.168.56.101:81/vendor/symfony/twig-bridge/Translation/
1729813506440763400,Unrecurse,vendor/symfony/twig-bridge/Translation/,,,
1729813506441699200,Response,Link,200,1061,http://192.168.56.101:81/vendor/symfony/twig-bridge/DataCollector/
1729813506441699200,Unrecurse,vendor/symfony/twig-bridge/DataCollector/,,,
1729813506453443700,Response,Link,200,1548,http://192.168.56.101:81/vendor/symfony/event-dispatcher/Debug/
1729813506454391000,Unrecurse,vendor/symfony/event-dispatcher/Debug/,,,
1729813506460252300,Response,Link,200,2212,http://192.168.56.101:81/vendor/symfony/twig-bridge/TokenParser/
1729813506460252300,Unrecurse,vendor/symfony/twig-bridge/TokenParser/,,,
1729813506494429400,Response,Link,200,2351,http://192.168.56.101:81/vendor/symfony/twig-bridge/Node/
1729813506494429400,Unrecurse,vendor/symfony/twig-bridge/Node/,,,
1729813506496382100,Response,Link,200,1250,http://192.168.56.101:81/vendor/symfony/twig-bridge/Command/
1729813506496382100,Unrecurse,vendor/symfony/twig-bridge/Command/,,,
1729813506501263400,Response,Link,200,1732,http://192.168.56.101:81/vendor/symfony/twig-bridge/Form/
1729813506501263400,Unrecurse,vendor/symfony/twig-bridge/Form/,,,
1729813506502241200,Response,Link,200,1525,http://192.168.56.101:81/vendor/symfony/twig-bridge/NodeVisitor/
1729813506502241200,Unrecurse,vendor/symfony/twig-bridge/NodeVisitor/,,,
1729813506519818800,Response,Link,200,4838,http://192.168.56.101:81/vendor/symfony/twig-bridge/Extension/
1729813506519818800,Unrecurse,vendor/symfony/twig-bridge/Extension/,,,
1729813506551090000,Response,Link,200,1022,http://192.168.56.101:81/vendor/symfony/twig-bridge/Resources/
1729813506551090000,Unrecurse,vendor/symfony/twig-bridge/Resources/,,,
1729813506553018900,Response,Link,200,1044,http://192.168.56.101:81/vendor/symfony/polyfill-mbstring/Resources/
1729813506553018900,Unrecurse,vendor/symfony/polyfill-mbstring/Resources/,,,
1729813506555948300,Response,Link,200,3848,http://192.168.56.101:81/vendor/symfony/finder/Iterator/
1729813506555948300,Unrecurse,vendor/symfony/finder/Iterator/,,,
1729813506562782200,Response,Link,200,1464,http://192.168.56.101:81/vendor/symfony/finder/Comparator/
1729813506562782200,Unrecurse,vendor/symfony/finder/Comparator/,,,
1729813506563759500,Response,Link,200,1271,http://192.168.56.101:81/vendor/symfony/finder/Exception/
1729813506563759500,Unrecurse,vendor/symfony/finder/Exception/,,,
1729813506564734700,Response,Link,200,1687,http://192.168.56.101:81/vendor/symfony/yaml/Exception/
1729813506564734700,Unrecurse,vendor/symfony/yaml/Exception/,,,
1729813506565711400,Response,Link,200,1016,http://192.168.56.101:81/vendor/symfony/yaml/Command/
1729813506565711400,Unrecurse,vendor/symfony/yaml/Command/,,,
1729813506578405600,Response,Link,200,1008,http://192.168.56.101:81/vendor/symfony/yaml/Tag/
1729813506578405600,Unrecurse,vendor/symfony/yaml/Tag/,,,
1729813506599890100,Response,Link,200,2887,http://192.168.56.101:81/vendor/symfony/debug/Exception/
1729813506599890100,Unrecurse,vendor/symfony/debug/Exception/,,,
1729813506601842600,Response,Link,200,1723,http://192.168.56.101:81/vendor/symfony/filesystem/Exception/
1729813506601842600,Unrecurse,vendor/symfony/filesystem/Exception/,,,
1729813506614538100,Response,Link,200,1000,http://192.168.56.101:81/vendor/symfony/debug/Resources/
1729813506614538100,Unrecurse,vendor/symfony/debug/Resources/,,,
1729813506614538100,Response,Link,200,1828,http://192.168.56.101:81/vendor/symfony/debug/FatalErrorHandler/
1729813506614538100,Unrecurse,vendor/symfony/debug/FatalErrorHandler/,,,
1729813506628227300,Response,Link,200,3095,http://192.168.56.101:81/vendor/symfony/config/Resource/
1729813506628227300,Unrecurse,vendor/symfony/config/Resource/,,,
1729813506640902600,Response,Link,200,4401,http://192.168.56.101:81/vendor/symfony/config/Definition/
1729813506640902600,Unrecurse,vendor/symfony/config/Definition/,,,
1729813506653626600,Response,Link,200,1054,http://192.168.56.101:81/vendor/symfony/config/DependencyInjection/
1729813506653626600,Unrecurse,vendor/symfony/config/DependencyInjection/,,,
1729813506667298200,Response,Link,200,2328,http://192.168.56.101:81/vendor/symfony/config/Loader/
1729813506667298200,Unrecurse,vendor/symfony/config/Loader/,,,
1729813506669221700,Response,Link,200,1576,http://192.168.56.101:81/vendor/symfony/config/Exception/
1729813506669221700,Unrecurse,vendor/symfony/config/Exception/,,,
1729813506674103100,Response,Link,200,1210,http://192.168.56.101:81/vendor/symfony/config/Util/
1729813506674103100,Unrecurse,vendor/symfony/config/Util/,,,
1729813506681917500,Response,Link,200,2973,http://192.168.56.101:81/vendor/symfony/dependency-injection/Loader/
1729813506681917500,Unrecurse,vendor/symfony/dependency-injection/Loader/,,,
1729813506695586700,Response,Link,200,2111,http://192.168.56.101:81/vendor/symfony/dependency-injection/Dumper/
1729813506695586700,Unrecurse,vendor/symfony/dependency-injection/Dumper/,,,
1729813506702423100,Response,Link,200,1586,http://192.168.56.101:81/vendor/symfony/dependency-injection/Config/
1729813506702423100,Unrecurse,vendor/symfony/dependency-injection/Config/,,,
1729813506705353200,Response,Link,200,3910,http://192.168.56.101:81/vendor/symfony/dependency-injection/Exception/
1729813506705353200,Unrecurse,vendor/symfony/dependency-injection/Exception/,,,
1729813506712187600,Response,Link,200,12508,http://192.168.56.101:81/vendor/symfony/dependency-injection/Compiler/
1729813506712187600,Unrecurse,vendor/symfony/dependency-injection/Compiler/,,,
1729813506723905700,Response,Link,200,2207,http://192.168.56.101:81/vendor/symfony/dependency-injection/Argument/
1729813506723905700,Unrecurse,vendor/symfony/dependency-injection/Argument/,,,
1729813506731719800,Response,Link,200,1779,http://192.168.56.101:81/vendor/symfony/dependency-injection/Extension/
1729813506731719800,Unrecurse,vendor/symfony/dependency-injection/Extension/,,,
1729813506733671000,Response,Link,200,1474,http://192.168.56.101:81/vendor/symfony/dependency-injection/LazyProxy/
1729813506733671000,Unrecurse,vendor/symfony/dependency-injection/LazyProxy/,,,
1729813506735623300,Response,Link,200,1773,http://192.168.56.101:81/vendor/symfony/dependency-injection/ParameterBag/
1729813506735623300,Unrecurse,vendor/symfony/dependency-injection/ParameterBag/,,,
1729813506737576500,Response,Link,200,1257,http://192.168.56.101:81/vendor/symfony/polyfill-intl-normalizer/Resources/
1729813506737576500,Unrecurse,vendor/symfony/polyfill-intl-normalizer/Resources/,,,
1729813506744411700,Response,Link,200,1238,http://192.168.56.101:81/vendor/marc1706/fast-image-size/lib/
1729813506744411700,Unrecurse,vendor/marc1706/fast-image-size/lib/,,,
1729813506765894700,Response,Link,200,1006,http://192.168.56.101:81/vendor/symfony/console/Resources/
1729813506765894700,Unrecurse,vendor/symfony/console/Resources/,,,
1729813506767848300,Response,Link,200,2188,http://192.168.56.101:81/vendor/symfony/process/Exception/
1729813506767848300,Unrecurse,vendor/symfony/process/Exception/,,,
1729813506774684300,Response,Link,200,3321,http://192.168.56.101:81/vendor/symfony/process/Tests/
1729813506774684300,Unrecurse,vendor/symfony/process/Tests/,,,
1729813506776636800,Response,Link,200,1521,http://192.168.56.101:81/vendor/symfony/console/CommandLoader/
1729813506776636800,Unrecurse,vendor/symfony/console/CommandLoader/,,,
1729813506777613500,Response,Link,200,1662,http://192.168.56.101:81/vendor/symfony/process/Pipes/
1729813506777613500,Unrecurse,vendor/symfony/process/Pipes/,,,
1729813506779567200,Response,Link,200,2188,http://192.168.56.101:81/vendor/symfony/console/Exception/
1729813506779567200,Unrecurse,vendor/symfony/console/Exception/,,,
1729813506787379800,Response,Link,200,1041,http://192.168.56.101:81/vendor/symfony/console/EventListener/
1729813506787379800,Unrecurse,vendor/symfony/console/EventListener/,,,
1729813506788383700,Response,Link,200,1250,http://192.168.56.101:81/vendor/symfony/console/Tester/
1729813506788383700,Unrecurse,vendor/symfony/console/Tester/,,,
1729813506809839400,Response,Link,200,1989,http://192.168.56.101:81/vendor/symfony/console/Formatter/
1729813506809839400,Unrecurse,vendor/symfony/console/Formatter/,,,
1729813506811791500,Response,Link,200,1654,http://192.168.56.101:81/vendor/symfony/console/Command/
1729813506811791500,Unrecurse,vendor/symfony/console/Command/,,,
1729813506812767700,Response,Link,200,1451,http://192.168.56.101:81/vendor/symfony/console/Style/
1729813506812767700,Unrecurse,vendor/symfony/console/Style/,,,
1729813506813743800,Response,Link,200,1027,http://192.168.56.101:81/vendor/symfony/console/Logger/
1729813506813743800,Unrecurse,vendor/symfony/console/Logger/,,,
1729813506816674500,Response,Link,200,4258,http://192.168.56.101:81/vendor/symfony/console/Helper/
1729813506816674500,Unrecurse,vendor/symfony/console/Helper/,,,
1729813506821586300,Response,Link,200,1069,http://192.168.56.101:81/vendor/symfony/console/DependencyInjection/
1729813506821586300,Unrecurse,vendor/symfony/console/DependencyInjection/,,,
1729813506822560800,Response,Link,200,2962,http://192.168.56.101:81/vendor/symfony/console/Input/
1729813506822560800,Unrecurse,vendor/symfony/console/Input/,,,
1729813506826440300,Response,Link,200,1935,http://192.168.56.101:81/vendor/symfony/console/Event/
1729813506826440300,Unrecurse,vendor/symfony/console/Event/,,,
1729813506845967000,Response,Link,200,1467,http://192.168.56.101:81/vendor/symfony/console/Question/
1729813506845967000,Unrecurse,vendor/symfony/console/Question/,,,
1729813506865499900,Response,Link,200,3261,http://192.168.56.101:81/vendor/ocramius/proxy-manager/docs/
1729813506865499900,Unrecurse,vendor/ocramius/proxy-manager/docs/,,,
1729813506873309400,Response,Link,200,1033,http://192.168.56.101:81/vendor/ocramius/proxy-manager/src/
1729813506873309400,Unrecurse,vendor/ocramius/proxy-manager/src/,,,
1729813506873309400,Response,Link,200,2363,http://192.168.56.101:81/vendor/symfony/console/Descriptor/
1729813506873309400,Unrecurse,vendor/symfony/console/Descriptor/,,,
1729813506880145000,Response,Link,200,1628,http://192.168.56.101:81/vendor/ocramius/proxy-manager/doc-template/
1729813506880145000,Unrecurse,vendor/ocramius/proxy-manager/doc-template/,,,
1729813506886004400,Response,Link,200,2319,http://192.168.56.101:81/vendor/symfony/console/Output/
1729813506886004400,Unrecurse,vendor/symfony/console/Output/,,,
1729813506888935700,Response,Link,200,1004,http://192.168.56.101:81/vendor/carlos-mg89/oauth/src/
1729813506888935700,Unrecurse,vendor/carlos-mg89/oauth/src/,,,
1729813506888935700,Response,Link,200,1045,http://192.168.56.101:81/vendor/ralouphie/getallheaders/src/
1729813506888935700,Unrecurse,vendor/ralouphie/getallheaders/src/,,,
1729813506918228500,Response,Link,200,6721,http://192.168.56.101:81/vendor/twig/twig/src/
1729813506918228500,Unrecurse,vendor/twig/twig/src/,,,
1729813506925064000,Response,Link,200,1214,http://192.168.56.101:81/vendor/google/recaptcha/src/
1729813506926041700,Unrecurse,vendor/google/recaptcha/src/,,,
1729813506932878800,Response,Link,200,1019,http://192.168.56.101:81/styles/all/imgs/svg/
1729813506932878800,Unrecurse,styles/all/imgs/svg/,,,
1729813506935807500,Response,Link,200,978,http://192.168.56.101:81/vendor/twig/twig/lib/
1729813506935807500,Unrecurse,vendor/twig/twig/lib/,,,
1729813506939713100,Response,Index,301,377,http://192.168.56.101:81/vendor/composer/package-versions-deprecated/src/PackageVersions
1729813506939713100,Recurse,vendor/composer/package-versions-deprecated/src/PackageVersions/,True,,
1729813506957287900,Response,Index,301,361,http://192.168.56.101:81/vendor/zendframework/zend-eventmanager/src/Test
1729813506957287900,Recurse,vendor/zendframework/zend-eventmanager/src/Test/,True,,
1729813507006113600,Response,Index,301,366,http://192.168.56.101:81/vendor/zendframework/zend-eventmanager/src/Exception
1729813507006113600,Recurse,vendor/zendframework/zend-eventmanager/src/Exception/,True,,
1729813507015878900,Response,Index,301,363,http://192.168.56.101:81/vendor/zendframework/zend-eventmanager/src/Filter
1729813507015878900,Recurse,vendor/zendframework/zend-eventmanager/src/Filter/,True,,
1729813507021739600,Response,Index,301,356,http://192.168.56.101:81/vendor/zendframework/zend-code/src/Scanner
1729813507021739600,Recurse,vendor/zendframework/zend-code/src/Scanner/,True,,
1729813507044236500,Response,Index,301,359,http://192.168.56.101:81/vendor/zendframework/zend-code/src/Reflection
1729813507044236500,Recurse,vendor/zendframework/zend-code/src/Reflection/,True,,
1729813507050056700,Response,Index,301,336,http://192.168.56.101:81/vendor/psr/log/Psr/Log
1729813507050056700,Recurse,vendor/psr/log/Psr/Log/,True,,
1729813507065682000,Response,Index,301,358,http://192.168.56.101:81/vendor/zendframework/zend-code/src/Generator
1729813507065682000,Recurse,vendor/zendframework/zend-code/src/Generator/,True,,
1729813507065682000,Response,Index,301,359,http://192.168.56.101:81/vendor/zendframework/zend-code/src/Annotation
1729813507065682000,Recurse,vendor/zendframework/zend-code/src/Annotation/,True,,
1729813507065682000,Response,Index,301,358,http://192.168.56.101:81/vendor/zendframework/zend-code/src/Exception
1729813507065682000,Recurse,vendor/zendframework/zend-code/src/Exception/,True,,
1729813507095951900,Response,Index,301,356,http://192.168.56.101:81/vendor/zendframework/zend-code/src/Generic
1729813507095951900,Recurse,vendor/zendframework/zend-code/src/Generic/,True,,
1729813507157471100,Response,Index,301,352,http://192.168.56.101:81/vendor/guzzlehttp/guzzle/src/Exception
1729813507157471100,Recurse,vendor/guzzlehttp/guzzle/src/Exception/,True,,
1729813507202390200,Response,Index,301,350,http://192.168.56.101:81/vendor/guzzlehttp/guzzle/src/Handler
1729813507202390200,Recurse,vendor/guzzlehttp/guzzle/src/Handler/,True,,
1729813507211178500,Response,Index,301,349,http://192.168.56.101:81/vendor/guzzlehttp/guzzle/src/Cookie
1729813507211178500,Recurse,vendor/guzzlehttp/guzzle/src/Cookie/,True,,
1729813507259027300,Response,Index,301,349,http://192.168.56.101:81/vendor/s9e/regexp-builder/src/Input
1729813507259027300,Recurse,vendor/s9e/regexp-builder/src/Input/,True,,
1729813507260003800,Response,Index,301,350,http://192.168.56.101:81/vendor/s9e/regexp-builder/src/Output
1729813507260003800,Recurse,vendor/s9e/regexp-builder/src/Output/,True,,
1729813507261957000,Response,Index,301,350,http://192.168.56.101:81/vendor/s9e/regexp-builder/src/Passes
1729813507261957000,Recurse,vendor/s9e/regexp-builder/src/Passes/,True,,
1729813507455305100,Response,Index,301,351,http://192.168.56.101:81/vendor/s9e/text-formatter/src/Plugins
1729813507455305100,Recurse,vendor/s9e/text-formatter/src/Plugins/,True,,
1729813507463145400,Response,Index,301,351,http://192.168.56.101:81/vendor/s9e/text-formatter/src/Bundles
1729813507464094200,Recurse,vendor/s9e/text-formatter/src/Bundles/,True,,
1729813507477793000,Response,Index,301,356,http://192.168.56.101:81/vendor/s9e/text-formatter/src/Configurator
1729813507477793000,Recurse,vendor/s9e/text-formatter/src/Configurator/,True,,
1729813507487528200,Response,Index,301,349,http://192.168.56.101:81/vendor/s9e/text-formatter/src/Utils
1729813507487528200,Recurse,vendor/s9e/text-formatter/src/Utils/,True,,
1729813507494363800,Response,Index,301,353,http://192.168.56.101:81/vendor/s9e/text-formatter/src/Renderers
1729813507494363800,Recurse,vendor/s9e/text-formatter/src/Renderers/,True,,
1729813507501198600,Response,Index,301,350,http://192.168.56.101:81/vendor/s9e/text-formatter/src/Parser
1729813507501198600,Recurse,vendor/s9e/text-formatter/src/Parser/,True,,
1729813507525611900,Response,Index,301,351,http://192.168.56.101:81/vendor/symfony/routing/Matcher/Dumper
1729813507525611900,Recurse,vendor/symfony/routing/Matcher/Dumper/,True,,
1729813507662323700,Response,Index,301,363,http://192.168.56.101:81/vendor/symfony/routing/Loader/DependencyInjection
1729813507662323700,Recurse,vendor/symfony/routing/Loader/DependencyInjection/,True,,
1729813507664306700,Response,Index,301,356,http://192.168.56.101:81/vendor/symfony/routing/Loader/Configurator
1729813507664306700,Recurse,vendor/symfony/routing/Loader/Configurator/,True,,
1729813507665280700,Response,Index,301,350,http://192.168.56.101:81/vendor/symfony/routing/Loader/schema
1729813507665280700,Recurse,vendor/symfony/routing/Loader/schema/,True,,
1729813507671140000,Response,Index,301,353,http://192.168.56.101:81/vendor/symfony/routing/Generator/Dumper
1729813507671140000,Recurse,vendor/symfony/routing/Generator/Dumper/,True,,
1729813507681852400,Response,Index,301,372,http://192.168.56.101:81/vendor/symfony/proxy-manager-bridge/LazyProxy/Instantiator
1729813507681852400,Recurse,vendor/symfony/proxy-manager-bridge/LazyProxy/Instantiator/,True,,
1729813507689693000,Response,Index,301,364,http://192.168.56.101:81/vendor/symfony/polyfill-intl-idn/Resources/unidata
1729813507689693000,Recurse,vendor/symfony/polyfill-intl-idn/Resources/unidata/,True,,
1729813507690705100,Response,Index,301,369,http://192.168.56.101:81/vendor/symfony/proxy-manager-bridge/LazyProxy/PhpDumper
1729813507690705100,Recurse,vendor/symfony/proxy-manager-bridge/LazyProxy/PhpDumper/,True,,
1729813507919142100,Response,Index,301,364,http://192.168.56.101:81/vendor/symfony/polyfill-mbstring/Resources/unidata
1729813507919142100,Recurse,vendor/symfony/polyfill-mbstring/Resources/unidata/,True,,
1729813507919142100,Response,Index,301,356,http://192.168.56.101:81/vendor/symfony/twig-bridge/Resources/views
1729813507919142100,Recurse,vendor/symfony/twig-bridge/Resources/views/,True,,
1729813508109561200,Response,Index,301,348,http://192.168.56.101:81/vendor/symfony/debug/Resources/ext
1729813508109561200,Recurse,vendor/symfony/debug/Resources/ext/,True,,
1729813508261893400,Response,Index,301,354,http://192.168.56.101:81/vendor/symfony/config/Definition/Builder
1729813508261893400,Recurse,vendor/symfony/config/Definition/Builder/,True,,
1729813508274588800,Response,Index,301,353,http://192.168.56.101:81/vendor/symfony/config/Definition/Dumper
1729813508274588800,Recurse,vendor/symfony/config/Definition/Dumper/,True,,
1729813508274588800,Response,Index,301,356,http://192.168.56.101:81/vendor/symfony/config/Definition/Exception
1729813508274588800,Recurse,vendor/symfony/config/Definition/Exception/,True,,
1729813508359542100,Response,Index,301,350,http://192.168.56.101:81/vendor/symfony/config/Util/Exception
1729813508359542100,Recurse,vendor/symfony/config/Util/Exception/,True,,
1729813508387861300,Response,Index,301,369,http://192.168.56.101:81/vendor/symfony/dependency-injection/Loader/Configurator
1729813508387861300,Recurse,vendor/symfony/dependency-injection/Loader/Configurator/,True,,
1729813508422039500,Response,Index,301,363,http://192.168.56.101:81/vendor/symfony/dependency-injection/Loader/schema
1729813508422039500,Recurse,vendor/symfony/dependency-injection/Loader/schema/,True,,
1729813508756003300,Response,Index,301,372,http://192.168.56.101:81/vendor/symfony/dependency-injection/LazyProxy/Instantiator
1729813508756003300,Recurse,vendor/symfony/dependency-injection/LazyProxy/Instantiator/,True,,
1729813508774553700,Response,Index,301,369,http://192.168.56.101:81/vendor/symfony/dependency-injection/LazyProxy/PhpDumper
1729813508775532900,Recurse,vendor/symfony/dependency-injection/LazyProxy/PhpDumper/,True,,
1729813508816545300,Response,Index,301,354,http://192.168.56.101:81/vendor/marc1706/fast-image-size/lib/Type
1729813508816545300,Recurse,vendor/marc1706/fast-image-size/lib/Type/,True,,
1729813508817521300,Response,Index,301,371,http://192.168.56.101:81/vendor/symfony/polyfill-intl-normalizer/Resources/unidata
1729813508817521300,Recurse,vendor/symfony/polyfill-intl-normalizer/Resources/unidata/,True,,
1729813508819505300,Response,Index,301,369,http://192.168.56.101:81/vendor/symfony/polyfill-intl-normalizer/Resources/stubs
1729813508819505300,Recurse,vendor/symfony/polyfill-intl-normalizer/Resources/stubs/,True,,
1729813508829239400,Response,Index,301,350,http://192.168.56.101:81/vendor/symfony/console/Resources/bin
1729813508829239400,Recurse,vendor/symfony/console/Resources/bin/,True,,
1729813509314558200,Response,Index,301,360,http://192.168.56.101:81/vendor/ocramius/proxy-manager/src/ProxyManager
1729813509314558200,Recurse,vendor/ocramius/proxy-manager/src/ProxyManager/,True,,
1729813509390756000,Response,Index,301,360,http://192.168.56.101:81/vendor/ocramius/proxy-manager/doc-template/img
1729813509390756000,Recurse,vendor/ocramius/proxy-manager/doc-template/img/,True,,
1729813509398565200,Response,Index,301,360,http://192.168.56.101:81/vendor/ocramius/proxy-manager/doc-template/css
1729813509398565200,Recurse,vendor/ocramius/proxy-manager/doc-template/css/,True,,
1729813509430764700,Response,Index,301,340,http://192.168.56.101:81/vendor/twig/twig/src/Cache
1729813509430764700,Recurse,vendor/twig/twig/src/Cache/,True,,
1729813509442481300,Response,Index,301,348,http://192.168.56.101:81/vendor/carlos-mg89/oauth/src/OAuth
1729813509442481300,Recurse,vendor/carlos-mg89/oauth/src/OAuth/,True,,
1729813509480593900,Response,Index,301,346,http://192.168.56.101:81/vendor/twig/twig/src/TokenParser
1729813509480593900,Recurse,vendor/twig/twig/src/TokenParser/,True,,
1729813509481540900,Response,Index,301,339,http://192.168.56.101:81/vendor/twig/twig/src/Test
1729813509481540900,Recurse,vendor/twig/twig/src/Test/,True,,
1729813509493289600,Response,Index,301,341,http://192.168.56.101:81/vendor/twig/twig/src/Loader
1729813509493289600,Recurse,vendor/twig/twig/src/Loader/,True,,
1729813509528413100,Response,Index,301,346,http://192.168.56.101:81/vendor/twig/twig/src/NodeVisitor
1729813509528413100,Recurse,vendor/twig/twig/src/NodeVisitor/,True,,
1729813509531342900,Response,Index,301,344,http://192.168.56.101:81/vendor/twig/twig/src/Extension
1729813509531342900,Recurse,vendor/twig/twig/src/Extension/,True,,
1729813509548920900,Response,Index,301,342,http://192.168.56.101:81/vendor/twig/twig/src/Sandbox
1729813509548920900,Recurse,vendor/twig/twig/src/Sandbox/,True,,
1729813509564545700,Response,Index,301,339,http://192.168.56.101:81/vendor/twig/twig/src/Util
1729813509564545700,Recurse,vendor/twig/twig/src/Util/,True,,
1729813509579222500,Response,Index,301,348,http://192.168.56.101:81/vendor/twig/twig/src/RuntimeLoader
1729813509579222500,Recurse,vendor/twig/twig/src/RuntimeLoader/,True,,
1729813509599698700,Response,Index,301,339,http://192.168.56.101:81/vendor/twig/twig/src/Node
1729813509599698700,Recurse,vendor/twig/twig/src/Node/,True,,
1729813509615322000,Response,Index,301,340,http://192.168.56.101:81/vendor/twig/twig/src/Error
1729813509615322000,Recurse,vendor/twig/twig/src/Error/,True,,
1729813509622188700,Response,Index,301,351,http://192.168.56.101:81/vendor/google/recaptcha/src/ReCaptcha
1729813509622188700,Recurse,vendor/google/recaptcha/src/ReCaptcha/,True,,
1729813509625087400,Response,Index,301,343,http://192.168.56.101:81/vendor/twig/twig/src/Profiler
1729813509625087400,Recurse,vendor/twig/twig/src/Profiler/,True,,
1729813509627040000,Response,Index,301,339,http://192.168.56.101:81/vendor/twig/twig/lib/Twig
1729813509627040000,Recurse,vendor/twig/twig/lib/Twig/,True,,
1729813509628992900,Response,Link,200,1538,http://192.168.56.101:81/vendor/composer/package-versions-deprecated/src/PackageVersions/
1729813509628992900,Unrecurse,vendor/composer/package-versions-deprecated/src/PackageVersions/,,,
1729813509655379400,Response,Link,200,1119,http://192.168.56.101:81/vendor/zendframework/zend-eventmanager/src/Test/
1729813509655379400,Unrecurse,vendor/zendframework/zend-eventmanager/src/Test/,,,
1729813509656337600,Response,Link,200,2017,http://192.168.56.101:81/vendor/zendframework/zend-eventmanager/src/Exception/
1729813509656337600,Unrecurse,vendor/zendframework/zend-eventmanager/src/Exception/,,,
1729813509668052200,Response,Link,200,4575,http://192.168.56.101:81/vendor/zendframework/zend-code/src/Scanner/
1729813509668052200,Unrecurse,vendor/zendframework/zend-code/src/Scanner/,,,
1729813509681759500,Response,Link,200,1308,http://192.168.56.101:81/vendor/zendframework/zend-eventmanager/src/Filter/
1729813509681759500,Unrecurse,vendor/zendframework/zend-eventmanager/src/Filter/,,,
1729813509681759500,Response,Link,200,3040,http://192.168.56.101:81/vendor/zendframework/zend-code/src/Reflection/
1729813509681759500,Unrecurse,vendor/zendframework/zend-code/src/Reflection/,,,
1729813509684682800,Response,Link,200,2542,http://192.168.56.101:81/vendor/psr/log/Psr/Log/
1729813509684682800,Unrecurse,vendor/psr/log/Psr/Log/,,,
1729813509696403100,Response,Link,200,1770,http://192.168.56.101:81/vendor/zendframework/zend-code/src/Exception/
1729813509696403100,Unrecurse,vendor/zendframework/zend-code/src/Exception/,,,
1729813509697346700,Response,Link,200,5264,http://192.168.56.101:81/vendor/zendframework/zend-code/src/Generator/
1729813509697346700,Unrecurse,vendor/zendframework/zend-code/src/Generator/,,,
1729813509702229200,Response,Link,200,1729,http://192.168.56.101:81/vendor/zendframework/zend-code/src/Annotation/
1729813509702229200,Unrecurse,vendor/zendframework/zend-code/src/Annotation/,,,
1729813509709097200,Response,Link,200,3078,http://192.168.56.101:81/vendor/guzzlehttp/guzzle/src/Exception/
1729813509709097200,Unrecurse,vendor/guzzlehttp/guzzle/src/Exception/,,,
1729813509728594600,Response,Link,200,1905,http://192.168.56.101:81/vendor/guzzlehttp/guzzle/src/Cookie/
1729813509728594600,Unrecurse,vendor/guzzlehttp/guzzle/src/Cookie/,,,
1729813509732503500,Response,Link,200,1050,http://192.168.56.101:81/vendor/zendframework/zend-code/src/Generic/
1729813509732503500,Unrecurse,vendor/zendframework/zend-code/src/Generic/,,,
1729813509733478800,Response,Link,200,2538,http://192.168.56.101:81/vendor/guzzlehttp/guzzle/src/Handler/
1729813509733478800,Unrecurse,vendor/guzzlehttp/guzzle/src/Handler/,,,
1729813509776444300,Response,Link,200,2294,http://192.168.56.101:81/vendor/s9e/regexp-builder/src/Output/
1729813509776444300,Unrecurse,vendor/s9e/regexp-builder/src/Output/,,,
1729813509780350600,Response,Link,200,1669,http://192.168.56.101:81/vendor/s9e/regexp-builder/src/Input/
1729813509780350600,Unrecurse,vendor/s9e/regexp-builder/src/Input/,,,
1729813509781326800,Response,Link,200,2828,http://192.168.56.101:81/vendor/s9e/regexp-builder/src/Passes/
1729813509781326800,Unrecurse,vendor/s9e/regexp-builder/src/Passes/,,,
1729813509785233100,Response,Link,200,5051,http://192.168.56.101:81/vendor/s9e/text-formatter/src/Plugins/
1729813509785233100,Unrecurse,vendor/s9e/text-formatter/src/Plugins/,,,
1729813509790114600,Response,Link,200,2032,http://192.168.56.101:81/vendor/s9e/text-formatter/src/Bundles/
1729813509790114600,Unrecurse,vendor/s9e/text-formatter/src/Bundles/,,,
1729813509803785400,Response,Link,200,2664,http://192.168.56.101:81/vendor/s9e/text-formatter/src/Parser/
1729813509803785400,Unrecurse,vendor/s9e/text-formatter/src/Parser/,,,
1729813509808668800,Response,Link,200,1417,http://192.168.56.101:81/vendor/s9e/text-formatter/src/Utils/
1729813509808668800,Unrecurse,vendor/s9e/text-formatter/src/Utils/,,,
1729813509809645100,Response,Link,200,1442,http://192.168.56.101:81/vendor/s9e/text-formatter/src/Renderers/
1729813509809645100,Unrecurse,vendor/s9e/text-formatter/src/Renderers/,,,
1729813509849710800,Response,Link,200,6320,http://192.168.56.101:81/vendor/s9e/text-formatter/src/Configurator/
1729813509849710800,Unrecurse,vendor/s9e/text-formatter/src/Configurator/,,,
1729813509855570200,Response,Link,200,1086,http://192.168.56.101:81/vendor/symfony/routing/Loader/DependencyInjection/
1729813509855570200,Unrecurse,vendor/symfony/routing/Loader/DependencyInjection/,,,
1729813509864329400,Response,Link,200,2170,http://192.168.56.101:81/vendor/symfony/routing/Matcher/Dumper/
1729813509864329400,Unrecurse,vendor/symfony/routing/Matcher/Dumper/,,,
1729813509872141700,Response,Link,200,1947,http://192.168.56.101:81/vendor/symfony/routing/Loader/Configurator/
1729813509872141700,Unrecurse,vendor/symfony/routing/Loader/Configurator/,,,
1729813509873117900,Response,Link,200,1029,http://192.168.56.101:81/vendor/symfony/routing/Loader/schema/
1729813509873117900,Unrecurse,vendor/symfony/routing/Loader/schema/,,,
1729813509874093200,Response,Link,200,1523,http://192.168.56.101:81/vendor/symfony/routing/Generator/Dumper/
1729813509874093200,Unrecurse,vendor/symfony/routing/Generator/Dumper/,,,
1729813509877999900,Response,Link,200,1622,http://192.168.56.101:81/vendor/symfony/proxy-manager-bridge/LazyProxy/Instantiator/
1729813509877999900,Unrecurse,vendor/symfony/proxy-manager-bridge/LazyProxy/Instantiator/,,,
1729813509896554000,Response,Link,200,2779,http://192.168.56.101:81/vendor/symfony/polyfill-intl-idn/Resources/unidata/
1729813509896554000,Unrecurse,vendor/symfony/polyfill-intl-idn/Resources/unidata/,,,
1729813509906318200,Response,Link,200,1349,http://192.168.56.101:81/vendor/symfony/proxy-manager-bridge/LazyProxy/PhpDumper/
1729813509906318200,Unrecurse,vendor/symfony/proxy-manager-bridge/LazyProxy/PhpDumper/,,,
1729813509906318200,Response,Link,200,1718,http://192.168.56.101:81/vendor/symfony/polyfill-mbstring/Resources/unidata/
1729813509906318200,Unrecurse,vendor/symfony/polyfill-mbstring/Resources/unidata/,,,
1729813509908271600,Response,Link,200,1042,http://192.168.56.101:81/vendor/symfony/twig-bridge/Resources/views/
1729813509908271600,Unrecurse,vendor/symfony/twig-bridge/Resources/views/,,,
1729813509912177800,Response,Link,200,2042,http://192.168.56.101:81/vendor/symfony/debug/Resources/ext/
1729813509912177800,Unrecurse,vendor/symfony/debug/Resources/ext/,,,
1729813509932685600,Response,Link,200,4667,http://192.168.56.101:81/vendor/symfony/config/Definition/Builder/
1729813509932685600,Unrecurse,vendor/symfony/config/Definition/Builder/,,,
1729813509937568800,Response,Link,200,2469,http://192.168.56.101:81/vendor/symfony/config/Definition/Exception/
1729813509937568800,Unrecurse,vendor/symfony/config/Definition/Exception/,,,
1729813509939520900,Response,Link,200,1294,http://192.168.56.101:81/vendor/symfony/config/Definition/Dumper/
1729813509939520900,Unrecurse,vendor/symfony/config/Definition/Dumper/,,,
1729813509949284500,Response,Link,200,1284,http://192.168.56.101:81/vendor/symfony/config/Util/Exception/
1729813509949284500,Unrecurse,vendor/symfony/config/Util/Exception/,,,
1729813509961003200,Response,Link,200,3856,http://192.168.56.101:81/vendor/symfony/dependency-injection/Loader/Configurator/
1729813509961003200,Unrecurse,vendor/symfony/dependency-injection/Loader/Configurator/,,,
1729813509973697400,Response,Link,200,1060,http://192.168.56.101:81/vendor/symfony/dependency-injection/Loader/schema/
1729813509973697400,Unrecurse,vendor/symfony/dependency-injection/Loader/schema/,,,
1729813509993227400,Response,Link,200,1315,http://192.168.56.101:81/vendor/symfony/dependency-injection/LazyProxy/PhpDumper/
1729813509993227400,Unrecurse,vendor/symfony/dependency-injection/LazyProxy/PhpDumper/,,,
1729813509996156300,Response,Link,200,1359,http://192.168.56.101:81/vendor/symfony/dependency-injection/LazyProxy/Instantiator/
1729813509996156300,Unrecurse,vendor/symfony/dependency-injection/LazyProxy/Instantiator/,,,
1729813510002992300,Response,Link,200,3506,http://192.168.56.101:81/vendor/marc1706/fast-image-size/lib/Type/
1729813510002992300,Unrecurse,vendor/marc1706/fast-image-size/lib/Type/,,,
1729813510023500900,Response,Link,200,1815,http://192.168.56.101:81/vendor/symfony/polyfill-intl-normalizer/Resources/unidata/
1729813510023500900,Unrecurse,vendor/symfony/polyfill-intl-normalizer/Resources/unidata/,,,
1729813510031313000,Response,Link,200,1046,http://192.168.56.101:81/vendor/symfony/console/Resources/bin/
1729813510031313000,Unrecurse,vendor/symfony/console/Resources/bin/,,,
1729813510051816600,Response,Link,200,1100,http://192.168.56.101:81/vendor/symfony/polyfill-intl-normalizer/Resources/stubs/
1729813510051816600,Unrecurse,vendor/symfony/polyfill-intl-normalizer/Resources/stubs/,,,
1729813510052793100,Response,Link,200,3485,http://192.168.56.101:81/vendor/ocramius/proxy-manager/src/ProxyManager/
1729813510052793100,Unrecurse,vendor/ocramius/proxy-manager/src/ProxyManager/,,,
1729813510065487900,Response,Link,200,1258,http://192.168.56.101:81/vendor/ocramius/proxy-manager/doc-template/img/
1729813510065487900,Unrecurse,vendor/ocramius/proxy-manager/doc-template/img/,,,
1729813510070370200,Response,Link,200,1274,http://192.168.56.101:81/vendor/ocramius/proxy-manager/doc-template/css/
1729813510070370200,Unrecurse,vendor/ocramius/proxy-manager/doc-template/css/,,,
1729813510072323600,Response,Link,200,1447,http://192.168.56.101:81/vendor/twig/twig/src/Cache/
1729813510072323600,Unrecurse,vendor/twig/twig/src/Cache/,,,
1729813510076229000,Response,Link,200,1821,http://192.168.56.101:81/vendor/carlos-mg89/oauth/src/OAuth/
1729813510076229000,Unrecurse,vendor/carlos-mg89/oauth/src/OAuth/,,,
1729813510082090300,Response,Link,200,5708,http://192.168.56.101:81/vendor/twig/twig/src/TokenParser/
1729813510082090300,Unrecurse,vendor/twig/twig/src/TokenParser/,,,
1729813510092830300,Response,Link,200,1242,http://192.168.56.101:81/vendor/twig/twig/src/Test/
1729813510092830300,Unrecurse,vendor/twig/twig/src/Test/,,,
1729813510093806300,Response,Link,200,2144,http://192.168.56.101:81/vendor/twig/twig/src/Loader/
1729813510093806300,Unrecurse,vendor/twig/twig/src/Loader/,,,
1729813510096735600,Response,Link,200,2427,http://192.168.56.101:81/vendor/twig/twig/src/NodeVisitor/
1729813510096735600,Unrecurse,vendor/twig/twig/src/NodeVisitor/,,,
1729813510098689500,Response,Link,200,3723,http://192.168.56.101:81/vendor/twig/twig/src/Extension/
1729813510098689500,Unrecurse,vendor/twig/twig/src/Extension/,,,
1729813510102596700,Response,Link,200,2943,http://192.168.56.101:81/vendor/twig/twig/src/Sandbox/
1729813510102596700,Unrecurse,vendor/twig/twig/src/Sandbox/,,,
1729813510105524900,Response,Link,200,1258,http://192.168.56.101:81/vendor/twig/twig/src/Util/
1729813510105524900,Unrecurse,vendor/twig/twig/src/Util/,,,
1729813510105524900,Response,Link,200,1515,http://192.168.56.101:81/vendor/twig/twig/src/RuntimeLoader/
1729813510105524900,Unrecurse,vendor/twig/twig/src/RuntimeLoader/,,,
1729813510106500700,Response,Link,200,6942,http://192.168.56.101:81/vendor/twig/twig/src/Node/
1729813510106500700,Unrecurse,vendor/twig/twig/src/Node/,,,
1729813510114313300,Response,Link,200,1891,http://192.168.56.101:81/vendor/google/recaptcha/src/ReCaptcha/
1729813510114313300,Unrecurse,vendor/google/recaptcha/src/ReCaptcha/,,,
1729813510116266100,Response,Link,200,1638,http://192.168.56.101:81/vendor/twig/twig/src/Error/
1729813510116266100,Unrecurse,vendor/twig/twig/src/Error/,,,
1729813510119194900,Response,Link,200,1601,http://192.168.56.101:81/vendor/twig/twig/src/Profiler/
1729813510119194900,Unrecurse,vendor/twig/twig/src/Profiler/,,,
1729813510145563600,Response,Link,200,10921,http://192.168.56.101:81/vendor/twig/twig/lib/Twig/
1729813510145563600,Unrecurse,vendor/twig/twig/lib/Twig/,,,
1729813510271531800,Response,Index,301,368,http://192.168.56.101:81/vendor/zendframework/zend-code/src/Reflection/DocBlock
1729813510271531800,Recurse,vendor/zendframework/zend-code/src/Reflection/DocBlock/,True,,
1729813510322307200,Response,Index,301,369,http://192.168.56.101:81/vendor/zendframework/zend-code/src/Reflection/Exception
1729813510322307200,Recurse,vendor/zendframework/zend-code/src/Reflection/Exception/,True,,
1729813510418980900,Response,Index,301,367,http://192.168.56.101:81/vendor/zendframework/zend-code/src/Generator/DocBlock
1729813510418980900,Recurse,vendor/zendframework/zend-code/src/Generator/DocBlock/,True,,
1729813510502960300,Response,Index,301,368,http://192.168.56.101:81/vendor/zendframework/zend-code/src/Generator/Exception
1729813510502960300,Recurse,vendor/zendframework/zend-code/src/Generator/Exception/,True,,
1729813510517609000,Response,Index,301,366,http://192.168.56.101:81/vendor/zendframework/zend-code/src/Annotation/Parser
1729813510517609000,Recurse,vendor/zendframework/zend-code/src/Annotation/Parser/,True,,
1729813510589869000,Response,Index,301,366,http://192.168.56.101:81/vendor/zendframework/zend-code/src/Generic/Prototype
1729813510589869000,Recurse,vendor/zendframework/zend-code/src/Generic/Prototype/,True,,
1729813510715839400,Response,Index,301,362,http://192.168.56.101:81/vendor/s9e/text-formatter/src/Plugins/PipeTables
1729813510715839400,Recurse,vendor/s9e/text-formatter/src/Plugins/PipeTables/,True,,
1729813510715839400,Response,Index,301,358,http://192.168.56.101:81/vendor/s9e/text-formatter/src/Plugins/Censor
1729813510715839400,Recurse,vendor/s9e/text-formatter/src/Plugins/Censor/,True,,
1729813510722673300,Response,Index,301,357,http://192.168.56.101:81/vendor/s9e/text-formatter/src/Plugins/Emoji
1729813510722673300,Recurse,vendor/s9e/text-formatter/src/Plugins/Emoji/,True,,
1729813510724655700,Response,Index,301,361,http://192.168.56.101:81/vendor/s9e/text-formatter/src/Plugins/Autovideo
1729813510724655700,Recurse,vendor/s9e/text-formatter/src/Plugins/Autovideo/,True,,
1729813510727554900,Response,Index,301,361,http://192.168.56.101:81/vendor/s9e/text-formatter/src/Plugins/Autoimage
1729813510727554900,Recurse,vendor/s9e/text-formatter/src/Plugins/Autoimage/,True,,
1729813510728531200,Response,Index,301,364,http://192.168.56.101:81/vendor/s9e/text-formatter/src/Plugins/HTMLEntities
1729813510729508400,Recurse,vendor/s9e/text-formatter/src/Plugins/HTMLEntities/,True,,
1729813510766616800,Response,Index,301,362,http://192.168.56.101:81/vendor/s9e/text-formatter/src/Plugins/FancyPants
1729813510766616800,Recurse,vendor/s9e/text-formatter/src/Plugins/FancyPants/,True,,
1729813510767591500,Response,Index,301,364,http://192.168.56.101:81/vendor/s9e/text-formatter/src/Plugins/HTMLComments
1729813510767591500,Recurse,vendor/s9e/text-formatter/src/Plugins/HTMLComments/,True,,
1729813510768568500,Response,Index,301,356,http://192.168.56.101:81/vendor/s9e/text-formatter/src/Plugins/Preg
1729813510768568500,Recurse,vendor/s9e/text-formatter/src/Plugins/Preg/,True,,
1729813510787652400,Response,Index,301,364,http://192.168.56.101:81/vendor/s9e/text-formatter/src/Plugins/HTMLElements
1729813510787652400,Recurse,vendor/s9e/text-formatter/src/Plugins/HTMLElements/,True,,
1729813510803276900,Response,Index,301,360,http://192.168.56.101:81/vendor/s9e/text-formatter/src/Plugins/Autolink
1729813510803276900,Recurse,vendor/s9e/text-formatter/src/Plugins/Autolink/,True,,
1729813510804252700,Response,Index,301,362,http://192.168.56.101:81/vendor/s9e/text-formatter/src/Plugins/MediaEmbed
1729813510804252700,Recurse,vendor/s9e/text-formatter/src/Plugins/MediaEmbed/,True,,
1729813510804252700,Response,Index,301,359,http://192.168.56.101:81/vendor/s9e/text-formatter/src/Plugins/BBCodes
1729813510804252700,Recurse,vendor/s9e/text-formatter/src/Plugins/BBCodes/,True,,
1729813510815971100,Response,Index,301,361,http://192.168.56.101:81/vendor/s9e/text-formatter/src/Plugins/Autoemail
1729813510815971100,Recurse,vendor/s9e/text-formatter/src/Plugins/Autoemail/,True,,
1729813510834524200,Response,Index,301,361,http://192.168.56.101:81/vendor/s9e/text-formatter/src/Plugins/TaskLists
1729813510834524200,Recurse,vendor/s9e/text-formatter/src/Plugins/TaskLists/,True,,
1729813510842339000,Response,Index,301,360,http://192.168.56.101:81/vendor/s9e/text-formatter/src/Plugins/Litedown
1729813510842339000,Recurse,vendor/s9e/text-formatter/src/Plugins/Litedown/,True,,
1729813510857012900,Response,Index,301,359,http://192.168.56.101:81/vendor/s9e/text-formatter/src/Plugins/Escaper
1729813510857012900,Recurse,vendor/s9e/text-formatter/src/Plugins/Escaper/,True,,
1729813510858936900,Response,Index,301,361,http://192.168.56.101:81/vendor/s9e/text-formatter/src/Plugins/Emoticons
1729813510858936900,Recurse,vendor/s9e/text-formatter/src/Plugins/Emoticons/,True,,
1729813510860890100,Response,Index,301,360,http://192.168.56.101:81/vendor/s9e/text-formatter/src/Plugins/Keywords
1729813510860890100,Recurse,vendor/s9e/text-formatter/src/Plugins/Keywords/,True,,
1729813510868700900,Response,Index,301,361,http://192.168.56.101:81/vendor/s9e/text-formatter/src/Bundles/MediaPack
1729813510868700900,Recurse,vendor/s9e/text-formatter/src/Bundles/MediaPack/,True,,
1729813510875536800,Response,Index,301,357,http://192.168.56.101:81/vendor/s9e/text-formatter/src/Bundles/Forum
1729813510875536800,Recurse,vendor/s9e/text-formatter/src/Bundles/Forum/,True,,
1729813510917528600,Response,Index,301,367,http://192.168.56.101:81/vendor/s9e/text-formatter/src/Parser/AttributeFilters
1729813510917528600,Recurse,vendor/s9e/text-formatter/src/Parser/AttributeFilters/,True,,
1729813510920455800,Response,Index,301,359,http://192.168.56.101:81/vendor/s9e/text-formatter/src/Bundles/Fatdown
1729813510920455800,Recurse,vendor/s9e/text-formatter/src/Bundles/Fatdown/,True,,
1729813510948776800,Response,Index,301,354,http://192.168.56.101:81/vendor/s9e/text-formatter/src/Utils/Http
1729813510948776800,Recurse,vendor/s9e/text-formatter/src/Utils/Http/,True,,
1729813510975169800,Response,Index,301,367,http://192.168.56.101:81/vendor/s9e/text-formatter/src/Configurator/Validators
1729813510975169800,Recurse,vendor/s9e/text-formatter/src/Configurator/Validators/,True,,
1729813510994671600,Response,Index,301,371,http://192.168.56.101:81/vendor/s9e/text-formatter/src/Configurator/TemplateChecks
1729813510994671600,Recurse,vendor/s9e/text-formatter/src/Configurator/TemplateChecks/,True,,
1729813511000529100,Response,Index,301,364,http://192.168.56.101:81/vendor/s9e/text-formatter/src/Configurator/Helpers
1729813511000529100,Recurse,vendor/s9e/text-formatter/src/Configurator/Helpers/,True,,
1729813511007364500,Response,Index,301,367,http://192.168.56.101:81/vendor/s9e/text-formatter/src/Configurator/Exceptions
1729813511007364500,Recurse,vendor/s9e/text-formatter/src/Configurator/Exceptions/,True,,
1729813511019082500,Response,Index,301,372,http://192.168.56.101:81/vendor/s9e/text-formatter/src/Configurator/RecursiveParser
1729813511019082500,Recurse,vendor/s9e/text-formatter/src/Configurator/RecursiveParser/,True,,
1729813511061072700,Response,Index,301,364,http://192.168.56.101:81/vendor/s9e/text-formatter/src/Configurator/Bundles
1729813511061072700,Recurse,vendor/s9e/text-formatter/src/Configurator/Bundles/,True,,
1729813511062049000,Response,Index,301,368,http://192.168.56.101:81/vendor/s9e/text-formatter/src/Configurator/Collections
1729813511062049000,Recurse,vendor/s9e/text-formatter/src/Configurator/Collections/,True,,
1729813511063025100,Response,Index,301,367,http://192.168.56.101:81/vendor/s9e/text-formatter/src/Configurator/JavaScript
1729813511063025100,Recurse,vendor/s9e/text-formatter/src/Configurator/JavaScript/,True,,
1729813511081577700,Response,Index,301,363,http://192.168.56.101:81/vendor/s9e/text-formatter/src/Configurator/Traits
1729813511081577700,Recurse,vendor/s9e/text-formatter/src/Configurator/Traits/,True,,
1729813511133362400,Response,Index,301,375,http://192.168.56.101:81/vendor/s9e/text-formatter/src/Configurator/RendererGenerators
1729813511133362400,Recurse,vendor/s9e/text-formatter/src/Configurator/RendererGenerators/,True,,
1729813511137239300,Response,Index,301,379,http://192.168.56.101:81/vendor/s9e/text-formatter/src/Configurator/TemplateNormalizations
1729813511137239300,Recurse,vendor/s9e/text-formatter/src/Configurator/TemplateNormalizations/,True,,
1729813511139192000,Response,Index,301,372,http://192.168.56.101:81/vendor/s9e/text-formatter/src/Configurator/RulesGenerators
1729813511139192000,Recurse,vendor/s9e/text-formatter/src/Configurator/RulesGenerators/,True,,
1729813511140169200,Response,Index,301,362,http://192.168.56.101:81/vendor/s9e/text-formatter/src/Configurator/Items
1729813511140169200,Recurse,vendor/s9e/text-formatter/src/Configurator/Items/,True,,
1729813511207547200,Response,Index,301,358,http://192.168.56.101:81/vendor/symfony/routing/Loader/schema/routing
1729813511207547200,Recurse,vendor/symfony/routing/Loader/schema/routing/,True,,
1729813511209501500,Response,Index,301,363,http://192.168.56.101:81/vendor/symfony/routing/Loader/Configurator/Traits
1729813511209501500,Recurse,vendor/symfony/routing/Loader/Configurator/Traits/,True,,
1729813511347187300,Response,Index,301,361,http://192.168.56.101:81/vendor/symfony/twig-bridge/Resources/views/Form
1729813511347187300,Recurse,vendor/symfony/twig-bridge/Resources/views/Form/,True,,
1729813511391130300,Response,Index,301,354,http://192.168.56.101:81/vendor/symfony/debug/Resources/ext/tests
1729813511391130300,Recurse,vendor/symfony/debug/Resources/ext/tests/,True,,
1729813511583499400,Response,Index,301,376,http://192.168.56.101:81/vendor/symfony/dependency-injection/Loader/Configurator/Traits
1729813511583499400,Recurse,vendor/symfony/dependency-injection/Loader/Configurator/Traits/,True,,
1729813511605959800,Response,Index,301,367,http://192.168.56.101:81/vendor/symfony/dependency-injection/Loader/schema/dic
1729813511605959800,Recurse,vendor/symfony/dependency-injection/Loader/schema/dic/,True,,
1729813511664556000,Response,Src,200,246,http://192.168.56.101:81/icons/binary.gif
1729813511697751300,Response,Index,301,371,http://192.168.56.101:81/vendor/ocramius/proxy-manager/src/ProxyManager/Autoloader
1729813511697751300,Recurse,vendor/ocramius/proxy-manager/src/ProxyManager/Autoloader/,True,,
1729813511710443400,Response,Index,301,370,http://192.168.56.101:81/vendor/ocramius/proxy-manager/src/ProxyManager/Generator
1729813511710443400,Recurse,vendor/ocramius/proxy-manager/src/ProxyManager/Generator/,True,,
1729813511717285200,Response,Index,301,365,http://192.168.56.101:81/vendor/ocramius/proxy-manager/src/ProxyManager/Stub
1729813511717285200,Recurse,vendor/ocramius/proxy-manager/src/ProxyManager/Stub/,True,,
1729813511723168400,Response,Index,301,372,http://192.168.56.101:81/vendor/ocramius/proxy-manager/src/ProxyManager/FileLocator
1729813511723168400,Recurse,vendor/ocramius/proxy-manager/src/ProxyManager/FileLocator/,True,,
1729813511743674900,Response,Index,301,375,http://192.168.56.101:81/vendor/ocramius/proxy-manager/src/ProxyManager/ProxyGenerator
1729813511743674900,Recurse,vendor/ocramius/proxy-manager/src/ProxyManager/ProxyGenerator/,True,,
1729813511760246600,Response,Index,301,366,http://192.168.56.101:81/vendor/ocramius/proxy-manager/src/ProxyManager/Proxy
1729813511760246600,Recurse,vendor/ocramius/proxy-manager/src/ProxyManager/Proxy/,True,,
1729813511761388400,Response,Index,301,370,http://192.168.56.101:81/vendor/ocramius/proxy-manager/src/ProxyManager/Exception
1729813511761388400,Recurse,vendor/ocramius/proxy-manager/src/ProxyManager/Exception/,True,,
1729813511764152100,Response,Index,301,370,http://192.168.56.101:81/vendor/ocramius/proxy-manager/src/ProxyManager/Inflector
1729813511764152100,Recurse,vendor/ocramius/proxy-manager/src/ProxyManager/Inflector/,True,,
1729813511764152100,Response,Index,301,370,http://192.168.56.101:81/vendor/ocramius/proxy-manager/src/ProxyManager/Signature
1729813511764152100,Recurse,vendor/ocramius/proxy-manager/src/ProxyManager/Signature/,True,,
1729813511764152100,Response,Index,301,368,http://192.168.56.101:81/vendor/ocramius/proxy-manager/src/ProxyManager/Factory
1729813511764152100,Recurse,vendor/ocramius/proxy-manager/src/ProxyManager/Factory/,True,,
1729813511816884700,Response,Index,301,378,http://192.168.56.101:81/vendor/ocramius/proxy-manager/src/ProxyManager/GeneratorStrategy
1729813511816884700,Recurse,vendor/ocramius/proxy-manager/src/ProxyManager/GeneratorStrategy/,True,,
1729813511816884700,Response,Index,301,355,http://192.168.56.101:81/vendor/carlos-mg89/oauth/src/OAuth/OAuth1
1729813511816884700,Recurse,vendor/carlos-mg89/oauth/src/OAuth/OAuth1/,True,,
1729813511823729800,Response,Index,301,355,http://192.168.56.101:81/vendor/carlos-mg89/oauth/src/OAuth/OAuth2
1729813511823729800,Recurse,vendor/carlos-mg89/oauth/src/OAuth/OAuth2/,True,,
1729813511835465500,Response,Index,301,355,http://192.168.56.101:81/vendor/carlos-mg89/oauth/src/OAuth/Common
1729813511835465500,Recurse,vendor/carlos-mg89/oauth/src/OAuth/Common/,True,,
1729813511838367300,Response,Index,301,355,http://192.168.56.101:81/vendor/carlos-mg89/oauth/src/OAuth/Helper
1729813511838367300,Recurse,vendor/carlos-mg89/oauth/src/OAuth/Helper/,True,,
1729813512214318000,Response,Index,301,350,http://192.168.56.101:81/vendor/twig/twig/src/Node/Expression
1729813512214318000,Recurse,vendor/twig/twig/src/Node/Expression/,True,,
1729813512287628600,Response,Index,301,365,http://192.168.56.101:81/vendor/google/recaptcha/src/ReCaptcha/RequestMethod
1729813512287628600,Recurse,vendor/google/recaptcha/src/ReCaptcha/RequestMethod/,True,,
1729813512348098600,Response,Index,301,348,http://192.168.56.101:81/vendor/twig/twig/src/Profiler/Node
1729813512348098600,Recurse,vendor/twig/twig/src/Profiler/Node/,True,,
1729813512354934900,Response,Index,301,355,http://192.168.56.101:81/vendor/twig/twig/src/Profiler/NodeVisitor
1729813512354934900,Recurse,vendor/twig/twig/src/Profiler/NodeVisitor/,True,,
1729813512390091400,Response,Index,301,350,http://192.168.56.101:81/vendor/twig/twig/src/Profiler/Dumper
1729813512390091400,Recurse,vendor/twig/twig/src/Profiler/Dumper/,True,,
1729813512419386500,Response,Index,301,347,http://192.168.56.101:81/vendor/twig/twig/lib/Twig/Sandbox
1729813512419386500,Recurse,vendor/twig/twig/lib/Twig/Sandbox/,True,,
1729813512433084700,Response,Index,301,344,http://192.168.56.101:81/vendor/twig/twig/lib/Twig/Util
1729813512433084700,Recurse,vendor/twig/twig/lib/Twig/Util/,True,,
1729813512434032900,Response,Index,301,346,http://192.168.56.101:81/vendor/twig/twig/lib/Twig/Loader
1729813512434032900,Recurse,vendor/twig/twig/lib/Twig/Loader/,True,,
1729813512436961800,Response,Index,301,344,http://192.168.56.101:81/vendor/twig/twig/lib/Twig/Node
1729813512436961800,Recurse,vendor/twig/twig/lib/Twig/Node/,True,,
1729813512474068000,Response,Index,301,351,http://192.168.56.101:81/vendor/twig/twig/lib/Twig/NodeVisitor
1729813512474068000,Recurse,vendor/twig/twig/lib/Twig/NodeVisitor/,True,,
1729813512526799700,Response,Index,301,345,http://192.168.56.101:81/vendor/twig/twig/lib/Twig/Cache
1729813512526799700,Recurse,vendor/twig/twig/lib/Twig/Cache/,True,,
1729813512602967600,Response,Index,301,344,http://192.168.56.101:81/vendor/twig/twig/lib/Twig/Test
1729813512602967600,Recurse,vendor/twig/twig/lib/Twig/Test/,True,,
1729813512604919100,Response,Index,301,351,http://192.168.56.101:81/vendor/twig/twig/lib/Twig/TokenParser
1729813512604919100,Recurse,vendor/twig/twig/lib/Twig/TokenParser/,True,,
1729813512634216000,Response,Index,301,348,http://192.168.56.101:81/vendor/twig/twig/lib/Twig/Profiler
1729813512634216000,Recurse,vendor/twig/twig/lib/Twig/Profiler/,True,,
1729813512635190300,Response,Index,301,349,http://192.168.56.101:81/vendor/twig/twig/lib/Twig/Extension
1729813512635190300,Recurse,vendor/twig/twig/lib/Twig/Extension/,True,,
1729813512647883600,Response,Index,301,345,http://192.168.56.101:81/vendor/twig/twig/lib/Twig/Error
1729813512647883600,Recurse,vendor/twig/twig/lib/Twig/Error/,True,,
1729813512676205200,Response,Link,200,1282,http://192.168.56.101:81/vendor/zendframework/zend-code/src/Reflection/DocBlock/
1729813512676205200,Unrecurse,vendor/zendframework/zend-code/src/Reflection/DocBlock/,,,
1729813512701592600,Response,Link,200,1803,http://192.168.56.101:81/vendor/zendframework/zend-code/src/Reflection/Exception/
1729813512701592600,Unrecurse,vendor/zendframework/zend-code/src/Reflection/Exception/,,,
1729813512710380700,Response,Link,200,1474,http://192.168.56.101:81/vendor/zendframework/zend-code/src/Generator/DocBlock/
1729813512710380700,Unrecurse,vendor/zendframework/zend-code/src/Generator/DocBlock/,,,
1729813512714291100,Response,Link,200,1567,http://192.168.56.101:81/vendor/zendframework/zend-code/src/Generator/Exception/
1729813512714291100,Unrecurse,vendor/zendframework/zend-code/src/Generator/Exception/,,,
1729813512715264800,Response,Link,200,1572,http://192.168.56.101:81/vendor/zendframework/zend-code/src/Annotation/Parser/
1729813512715264800,Unrecurse,vendor/zendframework/zend-code/src/Annotation/Parser/,,,
1729813512726982700,Response,Link,200,1573,http://192.168.56.101:81/vendor/zendframework/zend-code/src/Generic/Prototype/
1729813512727960900,Unrecurse,vendor/zendframework/zend-code/src/Generic/Prototype/,,,
1729813512753346600,Response,Link,200,1668,http://192.168.56.101:81/vendor/s9e/text-formatter/src/Plugins/Censor/
1729813512753346600,Unrecurse,vendor/s9e/text-formatter/src/Plugins/Censor/,,,
1729813512754324200,Response,Link,200,1475,http://192.168.56.101:81/vendor/s9e/text-formatter/src/Plugins/PipeTables/
1729813512754324200,Unrecurse,vendor/s9e/text-formatter/src/Plugins/PipeTables/,,,
1729813512767047200,Response,Link,200,1473,http://192.168.56.101:81/vendor/s9e/text-formatter/src/Plugins/Autovideo/
1729813512767047200,Unrecurse,vendor/s9e/text-formatter/src/Plugins/Autovideo/,,,
1729813512772918300,Response,Link,200,1465,http://192.168.56.101:81/vendor/s9e/text-formatter/src/Plugins/Emoji/
1729813512772918300,Unrecurse,vendor/s9e/text-formatter/src/Plugins/Emoji/,,,
1729813512794360600,Response,Link,200,1473,http://192.168.56.101:81/vendor/s9e/text-formatter/src/Plugins/Autoimage/
1729813512794360600,Unrecurse,vendor/s9e/text-formatter/src/Plugins/Autoimage/,,,
1729813512795337400,Response,Link,200,1479,http://192.168.56.101:81/vendor/s9e/text-formatter/src/Plugins/HTMLEntities/
1729813512795337400,Unrecurse,vendor/s9e/text-formatter/src/Plugins/HTMLEntities/,,,
1729813512814897500,Response,Link,200,1479,http://192.168.56.101:81/vendor/s9e/text-formatter/src/Plugins/HTMLComments/
1729813512814897500,Unrecurse,vendor/s9e/text-formatter/src/Plugins/HTMLComments/,,,
1729813512829516400,Response,Link,200,1479,http://192.168.56.101:81/vendor/s9e/text-formatter/src/Plugins/HTMLElements/
1729813512829516400,Unrecurse,vendor/s9e/text-formatter/src/Plugins/HTMLElements/,,,
1729813512830521300,Response,Link,200,1463,http://192.168.56.101:81/vendor/s9e/text-formatter/src/Plugins/Preg/
1729813512830521300,Unrecurse,vendor/s9e/text-formatter/src/Plugins/Preg/,,,
1729813512831497200,Response,Link,200,1475,http://192.168.56.101:81/vendor/s9e/text-formatter/src/Plugins/FancyPants/
1729813512831497200,Unrecurse,vendor/s9e/text-formatter/src/Plugins/FancyPants/,,,
1729813512836350200,Response,Link,200,1471,http://192.168.56.101:81/vendor/s9e/text-formatter/src/Plugins/Autolink/
1729813512836350200,Unrecurse,vendor/s9e/text-formatter/src/Plugins/Autolink/,,,
1729813512837325100,Response,Link,200,1875,http://192.168.56.101:81/vendor/s9e/text-formatter/src/Plugins/MediaEmbed/
1729813512837325100,Unrecurse,vendor/s9e/text-formatter/src/Plugins/MediaEmbed/,,,
1729813512846115500,Response,Link,200,1675,http://192.168.56.101:81/vendor/s9e/text-formatter/src/Plugins/BBCodes/
1729813512846115500,Unrecurse,vendor/s9e/text-formatter/src/Plugins/BBCodes/,,,
1729813512849074700,Response,Link,200,1473,http://192.168.56.101:81/vendor/s9e/text-formatter/src/Plugins/Autoemail/
1729813512849074700,Unrecurse,vendor/s9e/text-formatter/src/Plugins/Autoemail/,,,
1729813512851029100,Response,Link,200,1469,http://192.168.56.101:81/vendor/s9e/text-formatter/src/Plugins/Litedown/
1729813512851029100,Unrecurse,vendor/s9e/text-formatter/src/Plugins/Litedown/,,,
1729813512852949200,Response,Link,200,1489,http://192.168.56.101:81/vendor/s9e/text-formatter/src/Plugins/TaskLists/
1729813512852949200,Unrecurse,vendor/s9e/text-formatter/src/Plugins/TaskLists/,,,
1729813512853925600,Response,Link,200,1469,http://192.168.56.101:81/vendor/s9e/text-formatter/src/Plugins/Escaper/
1729813512853925600,Unrecurse,vendor/s9e/text-formatter/src/Plugins/Escaper/,,,
1729813512872479500,Response,Link,200,1679,http://192.168.56.101:81/vendor/s9e/text-formatter/src/Plugins/Emoticons/
1729813512872479500,Unrecurse,vendor/s9e/text-formatter/src/Plugins/Emoticons/,,,
1729813512873455800,Response,Link,200,1471,http://192.168.56.101:81/vendor/s9e/text-formatter/src/Plugins/Keywords/
1729813512873455800,Unrecurse,vendor/s9e/text-formatter/src/Plugins/Keywords/,,,
1729813512875409900,Response,Link,200,1068,http://192.168.56.101:81/vendor/s9e/text-formatter/src/Bundles/MediaPack/
1729813512875409900,Unrecurse,vendor/s9e/text-formatter/src/Bundles/MediaPack/,,,
1729813512884196400,Response,Link,200,4655,http://192.168.56.101:81/vendor/s9e/text-formatter/src/Parser/AttributeFilters/
1729813512884196400,Unrecurse,vendor/s9e/text-formatter/src/Parser/AttributeFilters/,,,
1729813512898874300,Response,Link,200,1060,http://192.168.56.101:81/vendor/s9e/text-formatter/src/Bundles/Forum/
1729813512898874300,Unrecurse,vendor/s9e/text-formatter/src/Bundles/Forum/,,,
1729813512911541600,Response,Link,200,1529,http://192.168.56.101:81/vendor/s9e/text-formatter/src/Configurator/Validators/
1729813512911541600,Unrecurse,vendor/s9e/text-formatter/src/Configurator/Validators/,,,
1729813512931098800,Response,Link,200,1064,http://192.168.56.101:81/vendor/s9e/text-formatter/src/Bundles/Fatdown/
1729813512931098800,Unrecurse,vendor/s9e/text-formatter/src/Bundles/Fatdown/,,,
1729813512951576900,Response,Link,200,6281,http://192.168.56.101:81/vendor/s9e/text-formatter/src/Configurator/TemplateChecks/
1729813512951576900,Unrecurse,vendor/s9e/text-formatter/src/Configurator/TemplateChecks/,,,
1729813512958441100,Response,Link,200,4540,http://192.168.56.101:81/vendor/s9e/text-formatter/src/Configurator/Helpers/
1729813512958441100,Unrecurse,vendor/s9e/text-formatter/src/Configurator/Helpers/,,,
1729813512962353900,Response,Link,200,1244,http://192.168.56.101:81/vendor/s9e/text-formatter/src/Utils/Http/
1729813512962353900,Unrecurse,vendor/s9e/text-formatter/src/Utils/Http/,,,
1729813512988712600,Response,Link,200,5533,http://192.168.56.101:81/vendor/s9e/text-formatter/src/Configurator/Collections/
1729813512988712600,Unrecurse,vendor/s9e/text-formatter/src/Configurator/Collections/,,,
1729813512997473500,Response,Link,200,1483,http://192.168.56.101:81/vendor/s9e/text-formatter/src/Configurator/Bundles/
1729813512997473500,Unrecurse,vendor/s9e/text-formatter/src/Configurator/Bundles/,,,
1729813512998447500,Response,Link,200,1115,http://192.168.56.101:81/vendor/s9e/text-formatter/src/Configurator/Exceptions/
1729813512998447500,Unrecurse,vendor/s9e/text-formatter/src/Configurator/Exceptions/,,,
1729813512998447500,Response,Link,200,1581,http://192.168.56.101:81/vendor/s9e/text-formatter/src/Configurator/RecursiveParser/
1729813512998447500,Unrecurse,vendor/s9e/text-formatter/src/Configurator/RecursiveParser/,,,
1729813513012119900,Response,Link,200,4084,http://192.168.56.101:81/vendor/s9e/text-formatter/src/Configurator/JavaScript/
1729813513012119900,Unrecurse,vendor/s9e/text-formatter/src/Configurator/JavaScript/,,,
1729813513016024200,Response,Link,200,1687,http://192.168.56.101:81/vendor/s9e/text-formatter/src/Configurator/RendererGenerators/
1729813513016024200,Unrecurse,vendor/s9e/text-formatter/src/Configurator/RendererGenerators/,,,
1729813513025792800,Response,Link,200,10192,http://192.168.56.101:81/vendor/s9e/text-formatter/src/Configurator/TemplateNormalizations/
1729813513025792800,Unrecurse,vendor/s9e/text-formatter/src/Configurator/TemplateNormalizations/,,,
1729813513037537900,Response,Link,200,3417,http://192.168.56.101:81/vendor/s9e/text-formatter/src/Configurator/Items/
1729813513037537900,Unrecurse,vendor/s9e/text-formatter/src/Configurator/Items/,,,
1729813513045349400,Response,Link,200,4195,http://192.168.56.101:81/vendor/s9e/text-formatter/src/Configurator/RulesGenerators/
1729813513045349400,Unrecurse,vendor/s9e/text-formatter/src/Configurator/RulesGenerators/,,,
1729813513048279200,Response,Link,200,1067,http://192.168.56.101:81/vendor/symfony/routing/Loader/schema/routing/
1729813513048279200,Unrecurse,vendor/symfony/routing/Loader/schema/routing/,,,
1729813513050204800,Response,Link,200,1525,http://192.168.56.101:81/vendor/s9e/text-formatter/src/Configurator/Traits/
1729813513050204800,Unrecurse,vendor/s9e/text-formatter/src/Configurator/Traits/,,,
1729813513062897000,Response,Link,200,1286,http://192.168.56.101:81/vendor/symfony/routing/Loader/Configurator/Traits/
1729813513062897000,Unrecurse,vendor/symfony/routing/Loader/Configurator/Traits/,,,
1729813513068754900,Response,Link,200,1638,http://192.168.56.101:81/vendor/symfony/debug/Resources/ext/tests/
1729813513068754900,Unrecurse,vendor/symfony/debug/Resources/ext/tests/,,,
1729813513077547500,Response,Link,200,2784,http://192.168.56.101:81/vendor/symfony/twig-bridge/Resources/views/Form/
1729813513077547500,Unrecurse,vendor/symfony/twig-bridge/Resources/views/Form/,,,
1729813513080473200,Response,Link,200,4954,http://192.168.56.101:81/vendor/symfony/dependency-injection/Loader/Configurator/Traits/
1729813513080473200,Unrecurse,vendor/symfony/dependency-injection/Loader/Configurator/Traits/,,,
1729813513087309200,Response,Link,200,1328,http://192.168.56.101:81/vendor/ocramius/proxy-manager/src/ProxyManager/Autoloader/
1729813513087309200,Unrecurse,vendor/ocramius/proxy-manager/src/ProxyManager/Autoloader/,,,
1729813513087309200,Response,Link,200,1085,http://192.168.56.101:81/vendor/symfony/dependency-injection/Loader/schema/dic/
1729813513087309200,Unrecurse,vendor/symfony/dependency-injection/Loader/schema/dic/,,,
1729813513100003700,Response,Link,200,1745,http://192.168.56.101:81/vendor/ocramius/proxy-manager/src/ProxyManager/Generator/
1729813513100003700,Unrecurse,vendor/ocramius/proxy-manager/src/ProxyManager/Generator/,,,
1729813513112699300,Response,Link,200,1097,http://192.168.56.101:81/vendor/ocramius/proxy-manager/src/ProxyManager/Stub/
1729813513112699300,Unrecurse,vendor/ocramius/proxy-manager/src/ProxyManager/Stub/,,,
1729813513120512400,Response,Link,200,2334,http://192.168.56.101:81/vendor/ocramius/proxy-manager/src/ProxyManager/Exception/
1729813513120512400,Unrecurse,vendor/ocramius/proxy-manager/src/ProxyManager/Exception/,,,
1729813513128324600,Response,Link,200,5175,http://192.168.56.101:81/vendor/ocramius/proxy-manager/src/ProxyManager/ProxyGenerator/
1729813513128324600,Unrecurse,vendor/ocramius/proxy-manager/src/ProxyManager/ProxyGenerator/,,,
1729813513134182000,Response,Link,200,1334,http://192.168.56.101:81/vendor/ocramius/proxy-manager/src/ProxyManager/FileLocator/
1729813513134182000,Unrecurse,vendor/ocramius/proxy-manager/src/ProxyManager/FileLocator/,,,
1729813513135158500,Response,Link,200,3659,http://192.168.56.101:81/vendor/ocramius/proxy-manager/src/ProxyManager/Proxy/
1729813513135158500,Unrecurse,vendor/ocramius/proxy-manager/src/ProxyManager/Proxy/,,,
1729813513138088100,Response,Link,200,1548,http://192.168.56.101:81/vendor/ocramius/proxy-manager/src/ProxyManager/Inflector/
1729813513138088100,Unrecurse,vendor/ocramius/proxy-manager/src/ProxyManager/Inflector/,,,
1729813513140040700,Response,Link,200,2506,http://192.168.56.101:81/vendor/ocramius/proxy-manager/src/ProxyManager/Signature/
1729813513140040700,Unrecurse,vendor/ocramius/proxy-manager/src/ProxyManager/Signature/,,,
1729813513141993600,Response,Link,200,1864,http://192.168.56.101:81/vendor/ocramius/proxy-manager/src/ProxyManager/GeneratorStrategy/
1729813513141993600,Unrecurse,vendor/ocramius/proxy-manager/src/ProxyManager/GeneratorStrategy/,,,
1729813513142970500,Response,Link,200,2775,http://192.168.56.101:81/vendor/ocramius/proxy-manager/src/ProxyManager/Factory/
1729813513142970500,Unrecurse,vendor/ocramius/proxy-manager/src/ProxyManager/Factory/,,,
1729813513171328700,Response,Link,200,1436,http://192.168.56.101:81/vendor/carlos-mg89/oauth/src/OAuth/OAuth1/
1729813513171328700,Unrecurse,vendor/carlos-mg89/oauth/src/OAuth/OAuth1/,,,
1729813513178125800,Response,Link,200,1051,http://192.168.56.101:81/vendor/carlos-mg89/oauth/src/OAuth/Helper/
1729813513178125800,Unrecurse,vendor/carlos-mg89/oauth/src/OAuth/Helper/,,,
1729813513180077800,Response,Link,200,1236,http://192.168.56.101:81/vendor/carlos-mg89/oauth/src/OAuth/OAuth2/
1729813513180077800,Unrecurse,vendor/carlos-mg89/oauth/src/OAuth/OAuth2/,,,
1729813513187890300,Response,Link,200,2020,http://192.168.56.101:81/vendor/carlos-mg89/oauth/src/OAuth/Common/
1729813513187890300,Unrecurse,vendor/carlos-mg89/oauth/src/OAuth/Common/,,,
1729813513208396000,Response,Link,200,1880,http://192.168.56.101:81/vendor/google/recaptcha/src/ReCaptcha/RequestMethod/
1729813513208396000,Unrecurse,vendor/google/recaptcha/src/ReCaptcha/RequestMethod/,,,
1729813513234761500,Response,Link,200,1271,http://192.168.56.101:81/vendor/twig/twig/src/Profiler/Node/
1729813513234761500,Unrecurse,vendor/twig/twig/src/Profiler/Node/,,,
1729813513237691500,Response,Link,200,1070,http://192.168.56.101:81/vendor/twig/twig/src/Profiler/NodeVisitor/
1729813513237691500,Unrecurse,vendor/twig/twig/src/Profiler/NodeVisitor/,,,
1729813513240619700,Response,Link,200,5864,http://192.168.56.101:81/vendor/twig/twig/src/Node/Expression/
1729813513240619700,Unrecurse,vendor/twig/twig/src/Node/Expression/,,,
1729813513248433700,Response,Link,200,2727,http://192.168.56.101:81/vendor/twig/twig/lib/Twig/Sandbox/
1729813513248433700,Unrecurse,vendor/twig/twig/lib/Twig/Sandbox/,,,
1729813513251361600,Response,Link,200,1273,http://192.168.56.101:81/vendor/twig/twig/lib/Twig/Util/
1729813513251361600,Unrecurse,vendor/twig/twig/lib/Twig/Util/,,,
1729813513252338300,Response,Link,200,1679,http://192.168.56.101:81/vendor/twig/twig/src/Profiler/Dumper/
1729813513252338300,Unrecurse,vendor/twig/twig/src/Profiler/Dumper/,,,
1729813513260149000,Response,Link,200,5875,http://192.168.56.101:81/vendor/twig/twig/lib/Twig/Node/
1729813513260149000,Unrecurse,vendor/twig/twig/lib/Twig/Node/,,,
1729813513271868100,Response,Link,200,1428,http://192.168.56.101:81/vendor/twig/twig/lib/Twig/Loader/
1729813513273822300,Unrecurse,vendor/twig/twig/lib/Twig/Loader/,,,
1729813513274798100,Response,Link,200,1657,http://192.168.56.101:81/vendor/twig/twig/lib/Twig/NodeVisitor/
1729813513274798100,Unrecurse,vendor/twig/twig/lib/Twig/NodeVisitor/,,,
1729813513275773200,Response,Link,200,1225,http://192.168.56.101:81/vendor/twig/twig/lib/Twig/Cache/
1729813513275773200,Unrecurse,vendor/twig/twig/lib/Twig/Cache/,,,
1729813513276751300,Response,Link,200,1257,http://192.168.56.101:81/vendor/twig/twig/lib/Twig/Test/
1729813513276751300,Unrecurse,vendor/twig/twig/lib/Twig/Test/,,,
1729813513277726300,Response,Link,200,4628,http://192.168.56.101:81/vendor/twig/twig/lib/Twig/TokenParser/
1729813513277726300,Unrecurse,vendor/twig/twig/lib/Twig/TokenParser/,,,
1729813513282609000,Response,Link,200,1616,http://192.168.56.101:81/vendor/twig/twig/lib/Twig/Profiler/
1729813513282609000,Unrecurse,vendor/twig/twig/lib/Twig/Profiler/,,,
1729813513299243200,Response,Link,200,1424,http://192.168.56.101:81/vendor/twig/twig/lib/Twig/Error/
1729813513299243200,Unrecurse,vendor/twig/twig/lib/Twig/Error/,,,
1729813513307062800,Response,Link,200,2907,http://192.168.56.101:81/vendor/twig/twig/lib/Twig/Extension/
1729813513307062800,Unrecurse,vendor/twig/twig/lib/Twig/Extension/,,,
1729813513313857000,Response,Index,301,372,http://192.168.56.101:81/vendor/zendframework/zend-code/src/Reflection/DocBlock/Tag
1729813513313857000,Recurse,vendor/zendframework/zend-code/src/Reflection/DocBlock/Tag/,True,,
1729813513333387600,Response,Index,301,371,http://192.168.56.101:81/vendor/zendframework/zend-code/src/Generator/DocBlock/Tag
1729813513334365000,Recurse,vendor/zendframework/zend-code/src/Generator/DocBlock/Tag/,True,,
1729813513484745000,Response,Index,301,369,http://192.168.56.101:81/vendor/s9e/text-formatter/src/Plugins/MediaEmbed/Parser
1729813513484745000,Recurse,vendor/s9e/text-formatter/src/Plugins/MediaEmbed/Parser/,True,,
1729813513494510800,Response,Index,301,375,http://192.168.56.101:81/vendor/s9e/text-formatter/src/Plugins/MediaEmbed/Configurator
1729813513494510800,Recurse,vendor/s9e/text-formatter/src/Plugins/MediaEmbed/Configurator/,True,,
1729813513572663000,Response,Index,301,367,http://192.168.56.101:81/vendor/s9e/text-formatter/src/Plugins/Litedown/Parser
1729813513572663000,Recurse,vendor/s9e/text-formatter/src/Plugins/Litedown/Parser/,True,,
1729813513573607300,Response,Index,301,372,http://192.168.56.101:81/vendor/s9e/text-formatter/src/Plugins/BBCodes/Configurator
1729813513573607300,Recurse,vendor/s9e/text-formatter/src/Plugins/BBCodes/Configurator/,True,,
1729813513642937900,Response,Index,301,374,http://192.168.56.101:81/vendor/s9e/text-formatter/src/Plugins/Emoticons/Configurator
1729813513642937900,Recurse,vendor/s9e/text-formatter/src/Plugins/Emoticons/Configurator/,True,,
1729813513872415500,Response,Index,301,379,http://192.168.56.101:81/vendor/s9e/text-formatter/src/Configurator/Helpers/TemplateParser
1729813513872415500,Recurse,vendor/s9e/text-formatter/src/Configurator/Helpers/TemplateParser/,True,,
1729813513947606500,Response,Index,301,362,http://192.168.56.101:81/vendor/s9e/text-formatter/src/Utils/Http/Clients
1729813513947606500,Recurse,vendor/s9e/text-formatter/src/Utils/Http/Clients/,True,,
1729813514094083500,Response,Index,301,377,http://192.168.56.101:81/vendor/s9e/text-formatter/src/Configurator/JavaScript/Minifiers
1729813514094083500,Recurse,vendor/s9e/text-formatter/src/Configurator/JavaScript/Minifiers/,True,,
1729813514127321900,Response,Index,301,379,http://192.168.56.101:81/vendor/s9e/text-formatter/src/Configurator/RendererGenerators/PHP
1729813514127321900,Recurse,vendor/s9e/text-formatter/src/Configurator/RendererGenerators/PHP/,True,,
1729813514348947600,Response,Index,301,379,http://192.168.56.101:81/vendor/s9e/text-formatter/src/Configurator/Items/AttributeFilters
1729813514348947600,Recurse,vendor/s9e/text-formatter/src/Configurator/Items/AttributeFilters/,True,,
1729813514351877700,Response,Index,301,383,http://192.168.56.101:81/vendor/s9e/text-formatter/src/Configurator/RulesGenerators/Interfaces
1729813514352853000,Recurse,vendor/s9e/text-formatter/src/Configurator/RulesGenerators/Interfaces/,True,,
1729813514636068300,Response,Index,301,376,http://192.168.56.101:81/vendor/symfony/dependency-injection/Loader/schema/dic/services
1729813514636068300,Recurse,vendor/symfony/dependency-injection/Loader/schema/dic/services/,True,,
1729813514668263500,Response,Index,301,375,http://192.168.56.101:81/vendor/ocramius/proxy-manager/src/ProxyManager/Generator/Util
1729813514668263500,Recurse,vendor/ocramius/proxy-manager/src/ProxyManager/Generator/Util/,True,,
1729813514677052900,Response,Index,301,387,http://192.168.56.101:81/vendor/ocramius/proxy-manager/src/ProxyManager/ProxyGenerator/ValueHolder
1729813514677052900,Recurse,vendor/ocramius/proxy-manager/src/ProxyManager/ProxyGenerator/ValueHolder/,True,,
1729813514694628500,Response,Index,301,388,http://192.168.56.101:81/vendor/ocramius/proxy-manager/src/ProxyManager/ProxyGenerator/RemoteObject
1729813514694628500,Recurse,vendor/ocramius/proxy-manager/src/ProxyManager/ProxyGenerator/RemoteObject/,True,,
1729813514696582200,Response,Index,301,380,http://192.168.56.101:81/vendor/ocramius/proxy-manager/src/ProxyManager/ProxyGenerator/Util
1729813514696582200,Recurse,vendor/ocramius/proxy-manager/src/ProxyManager/ProxyGenerator/Util/,True,,
1729813514697557900,Response,Index,301,386,http://192.168.56.101:81/vendor/ocramius/proxy-manager/src/ProxyManager/ProxyGenerator/NullObject
1729813514697557900,Recurse,vendor/ocramius/proxy-manager/src/ProxyManager/ProxyGenerator/NullObject/,True,,
1729813514698534800,Response,Index,301,387,http://192.168.56.101:81/vendor/ocramius/proxy-manager/src/ProxyManager/ProxyGenerator/LazyLoading
1729813514698534800,Recurse,vendor/ocramius/proxy-manager/src/ProxyManager/ProxyGenerator/LazyLoading/,True,,
1729813514728836000,Response,Index,301,385,http://192.168.56.101:81/vendor/ocramius/proxy-manager/src/ProxyManager/ProxyGenerator/Assertion
1729813514728836000,Recurse,vendor/ocramius/proxy-manager/src/ProxyManager/ProxyGenerator/Assertion/,True,,
1729813514730788200,Response,Index,301,393,http://192.168.56.101:81/vendor/ocramius/proxy-manager/src/ProxyManager/ProxyGenerator/AccessInterceptor
1729813514730788200,Recurse,vendor/ocramius/proxy-manager/src/ProxyManager/ProxyGenerator/AccessInterceptor/,True,,
1729813514730788200,Response,Index,301,407,http://192.168.56.101:81/vendor/ocramius/proxy-manager/src/ProxyManager/ProxyGenerator/AccessInterceptorScopeLocalizer
1729813514730788200,Recurse,vendor/ocramius/proxy-manager/src/ProxyManager/ProxyGenerator/AccessInterceptorScopeLocalizer/,True,,
1729813514765913400,Response,Index,301,398,http://192.168.56.101:81/vendor/ocramius/proxy-manager/src/ProxyManager/ProxyGenerator/LazyLoadingValueHolder
1729813514765913400,Recurse,vendor/ocramius/proxy-manager/src/ProxyManager/ProxyGenerator/LazyLoadingValueHolder/,True,,
1729813514782543800,Response,Index,301,392,http://192.168.56.101:81/vendor/ocramius/proxy-manager/src/ProxyManager/ProxyGenerator/LazyLoadingGhost
1729813514782543800,Recurse,vendor/ocramius/proxy-manager/src/ProxyManager/ProxyGenerator/LazyLoadingGhost/,True,,
1729813514797161800,Response,Index,301,393,http://192.168.56.101:81/vendor/ocramius/proxy-manager/src/ProxyManager/ProxyGenerator/PropertyGenerator
1729813514797161800,Recurse,vendor/ocramius/proxy-manager/src/ProxyManager/ProxyGenerator/PropertyGenerator/,True,,
1729813514797161800,Response,Index,301,404,http://192.168.56.101:81/vendor/ocramius/proxy-manager/src/ProxyManager/ProxyGenerator/AccessInterceptorValueHolder
1729813514797161800,Recurse,vendor/ocramius/proxy-manager/src/ProxyManager/ProxyGenerator/AccessInterceptorValueHolder/,True,,
1729813514828410200,Response,Index,301,376,http://192.168.56.101:81/vendor/ocramius/proxy-manager/src/ProxyManager/Proxy/Exception
1729813514828410200,Recurse,vendor/ocramius/proxy-manager/src/ProxyManager/Proxy/Exception/,True,,
1729813514848915200,Response,Index,301,375,http://192.168.56.101:81/vendor/ocramius/proxy-manager/src/ProxyManager/Inflector/Util
1729813514848915200,Recurse,vendor/ocramius/proxy-manager/src/ProxyManager/Inflector/Util/,True,,
1729813514873328800,Response,Index,301,380,http://192.168.56.101:81/vendor/ocramius/proxy-manager/src/ProxyManager/Signature/Exception
1729813514873328800,Recurse,vendor/ocramius/proxy-manager/src/ProxyManager/Signature/Exception/,True,,
1729813514959290200,Response,Index,301,381,http://192.168.56.101:81/vendor/ocramius/proxy-manager/src/ProxyManager/Factory/RemoteObject
1729813514959290200,Recurse,vendor/ocramius/proxy-manager/src/ProxyManager/Factory/RemoteObject/,True,,
1729813514967073400,Response,Index,301,365,http://192.168.56.101:81/vendor/carlos-mg89/oauth/src/OAuth/OAuth1/Signature
1729813514967073400,Recurse,vendor/carlos-mg89/oauth/src/OAuth/OAuth1/Signature/,True,,
1729813514982698300,Response,Index,301,363,http://192.168.56.101:81/vendor/carlos-mg89/oauth/src/OAuth/OAuth1/Service
1729813514982698300,Recurse,vendor/carlos-mg89/oauth/src/OAuth/OAuth1/Service/,True,,
1729813514984679200,Response,Index,301,363,http://192.168.56.101:81/vendor/carlos-mg89/oauth/src/OAuth/OAuth2/Service
1729813514984679200,Recurse,vendor/carlos-mg89/oauth/src/OAuth/OAuth2/Service/,True,,
1729813514987579400,Response,Index,301,361,http://192.168.56.101:81/vendor/carlos-mg89/oauth/src/OAuth/OAuth1/Token
1729813514987579400,Recurse,vendor/carlos-mg89/oauth/src/OAuth/OAuth1/Token/,True,,
1729813514987579400,Response,Index,301,361,http://192.168.56.101:81/vendor/carlos-mg89/oauth/src/OAuth/OAuth2/Token
1729813514987579400,Recurse,vendor/carlos-mg89/oauth/src/OAuth/OAuth2/Token/,True,,
1729813514987579400,Response,Index,301,360,http://192.168.56.101:81/vendor/carlos-mg89/oauth/src/OAuth/Common/Http
1729813514987579400,Recurse,vendor/carlos-mg89/oauth/src/OAuth/Common/Http/,True,,
1729813515007109900,Response,Index,301,363,http://192.168.56.101:81/vendor/carlos-mg89/oauth/src/OAuth/Common/Storage
1729813515007109900,Recurse,vendor/carlos-mg89/oauth/src/OAuth/Common/Storage/,True,,
1729813515018825800,Response,Index,301,361,http://192.168.56.101:81/vendor/carlos-mg89/oauth/src/OAuth/Common/Token
1729813515018825800,Recurse,vendor/carlos-mg89/oauth/src/OAuth/Common/Token/,True,,
1729813515053980900,Response,Index,301,363,http://192.168.56.101:81/vendor/carlos-mg89/oauth/src/OAuth/Common/Service
1729813515053980900,Recurse,vendor/carlos-mg89/oauth/src/OAuth/Common/Service/,True,,
1729813515056911000,Response,Index,301,365,http://192.168.56.101:81/vendor/carlos-mg89/oauth/src/OAuth/Common/Exception
1729813515056911000,Recurse,vendor/carlos-mg89/oauth/src/OAuth/Common/Exception/,True,,
1729813515057886400,Response,Index,301,364,http://192.168.56.101:81/vendor/carlos-mg89/oauth/src/OAuth/Common/Consumer
1729813515057886400,Recurse,vendor/carlos-mg89/oauth/src/OAuth/Common/Consumer/,True,,
1729813515155536600,Response,Index,301,357,http://192.168.56.101:81/vendor/twig/twig/src/Node/Expression/Filter
1729813515155536600,Recurse,vendor/twig/twig/src/Node/Expression/Filter/,True,,
1729813515163378100,Response,Index,301,356,http://192.168.56.101:81/vendor/twig/twig/src/Node/Expression/Unary
1729813515163378100,Recurse,vendor/twig/twig/src/Node/Expression/Unary/,True,,
1729813515176042300,Response,Index,301,357,http://192.168.56.101:81/vendor/twig/twig/src/Node/Expression/Binary
1729813515176042300,Recurse,vendor/twig/twig/src/Node/Expression/Binary/,True,,
1729813515266858600,Response,Index,301,355,http://192.168.56.101:81/vendor/twig/twig/src/Node/Expression/Test
1729813515266858600,Recurse,vendor/twig/twig/src/Node/Expression/Test/,True,,
1729813515394810500,Response,Index,301,355,http://192.168.56.101:81/vendor/twig/twig/lib/Twig/Node/Expression
1729813515394810500,Recurse,vendor/twig/twig/lib/Twig/Node/Expression/,True,,
1729813515607686700,Response,Index,301,353,http://192.168.56.101:81/vendor/twig/twig/lib/Twig/Profiler/Node
1729813515607686700,Recurse,vendor/twig/twig/lib/Twig/Profiler/Node/,True,,
1729813515610585600,Response,Index,301,360,http://192.168.56.101:81/vendor/twig/twig/lib/Twig/Profiler/NodeVisitor
1729813515610585600,Recurse,vendor/twig/twig/lib/Twig/Profiler/NodeVisitor/,True,,
1729813515611563900,Response,Index,301,355,http://192.168.56.101:81/vendor/twig/twig/lib/Twig/Profiler/Dumper
1729813515611563900,Recurse,vendor/twig/twig/lib/Twig/Profiler/Dumper/,True,,
1729813515672106300,Response,Link,200,3213,http://192.168.56.101:81/vendor/zendframework/zend-code/src/Reflection/DocBlock/Tag/
1729813515672106300,Unrecurse,vendor/zendframework/zend-code/src/Reflection/DocBlock/Tag/,,,
1729813515709241600,Response,Link,200,3202,http://192.168.56.101:81/vendor/zendframework/zend-code/src/Generator/DocBlock/Tag/
1729813515709241600,Unrecurse,vendor/zendframework/zend-code/src/Generator/DocBlock/Tag/,,,
1729813515712141500,Response,Link,200,1092,http://192.168.56.101:81/vendor/s9e/text-formatter/src/Plugins/MediaEmbed/Parser/
1729813515712141500,Unrecurse,vendor/s9e/text-formatter/src/Plugins/MediaEmbed/Parser/,,,
1729813515713117700,Response,Link,200,1766,http://192.168.56.101:81/vendor/s9e/text-formatter/src/Plugins/MediaEmbed/Configurator/
1729813515713117700,Unrecurse,vendor/s9e/text-formatter/src/Plugins/MediaEmbed/Configurator/,,,
1729813515714094200,Response,Link,200,2175,http://192.168.56.101:81/vendor/s9e/text-formatter/src/Plugins/BBCodes/Configurator/
1729813515714094200,Unrecurse,vendor/s9e/text-formatter/src/Plugins/BBCodes/Configurator/,,,
1729813515721906900,Response,Link,200,2345,http://192.168.56.101:81/vendor/s9e/text-formatter/src/Plugins/Litedown/Parser/
1729813515721906900,Unrecurse,vendor/s9e/text-formatter/src/Plugins/Litedown/Parser/,,,
1729813515755109500,Response,Link,200,1124,http://192.168.56.101:81/vendor/s9e/text-formatter/src/Plugins/Emoticons/Configurator/
1729813515755109500,Unrecurse,vendor/s9e/text-formatter/src/Plugins/Emoticons/Configurator/,,,
1729813515759014200,Response,Link,200,1740,http://192.168.56.101:81/vendor/s9e/text-formatter/src/Configurator/Helpers/TemplateParser/
1729813515759014200,Unrecurse,vendor/s9e/text-formatter/src/Configurator/Helpers/TemplateParser/,,,
1729813515785377900,Response,Link,200,1467,http://192.168.56.101:81/vendor/s9e/text-formatter/src/Utils/Http/Clients/
1729813515785377900,Unrecurse,vendor/s9e/text-formatter/src/Utils/Http/Clients/,,,
1729813515793191700,Response,Link,200,2028,http://192.168.56.101:81/vendor/s9e/text-formatter/src/Configurator/JavaScript/Minifiers/
1729813515793191700,Unrecurse,vendor/s9e/text-formatter/src/Configurator/JavaScript/Minifiers/,,,
1729813515799050900,Response,Link,200,5801,http://192.168.56.101:81/vendor/s9e/text-formatter/src/Configurator/Items/AttributeFilters/
1729813515799050900,Unrecurse,vendor/s9e/text-formatter/src/Configurator/Items/AttributeFilters/,,,
1729813515805915000,Response,Link,200,2879,http://192.168.56.101:81/vendor/s9e/text-formatter/src/Configurator/RendererGenerators/PHP/
1729813515805915000,Unrecurse,vendor/s9e/text-formatter/src/Configurator/RendererGenerators/PHP/,,,
1729813515812723300,Response,Link,200,1122,http://192.168.56.101:81/vendor/symfony/dependency-injection/Loader/schema/dic/services/
1729813515812723300,Unrecurse,vendor/symfony/dependency-injection/Loader/schema/dic/services/,,,
1729813515818582600,Response,Link,200,1392,http://192.168.56.101:81/vendor/s9e/text-formatter/src/Configurator/RulesGenerators/Interfaces/
1729813515818582600,Unrecurse,vendor/s9e/text-formatter/src/Configurator/RulesGenerators/Interfaces/,,,
1729813515827369000,Response,Link,200,1848,http://192.168.56.101:81/vendor/ocramius/proxy-manager/src/ProxyManager/Generator/Util/
1729813515827369000,Unrecurse,vendor/ocramius/proxy-manager/src/ProxyManager/Generator/Util/,,,
1729813515833227900,Response,Link,200,1151,http://192.168.56.101:81/vendor/ocramius/proxy-manager/src/ProxyManager/ProxyGenerator/ValueHolder/
1729813515833227900,Unrecurse,vendor/ocramius/proxy-manager/src/ProxyManager/ProxyGenerator/ValueHolder/,,,
1729813515835180500,Response,Link,200,2052,http://192.168.56.101:81/vendor/ocramius/proxy-manager/src/ProxyManager/ProxyGenerator/Util/
1729813515835180500,Unrecurse,vendor/ocramius/proxy-manager/src/ProxyManager/ProxyGenerator/Util/,,,
1729813515838109400,Response,Link,200,1369,http://192.168.56.101:81/vendor/ocramius/proxy-manager/src/ProxyManager/ProxyGenerator/RemoteObject/
1729813515838109400,Unrecurse,vendor/ocramius/proxy-manager/src/ProxyManager/ProxyGenerator/RemoteObject/,,,
1729813515839086100,Response,Link,200,1149,http://192.168.56.101:81/vendor/ocramius/proxy-manager/src/ProxyManager/ProxyGenerator/NullObject/
1729813515839086100,Unrecurse,vendor/ocramius/proxy-manager/src/ProxyManager/ProxyGenerator/NullObject/,,,
1729813515842016400,Response,Link,200,1151,http://192.168.56.101:81/vendor/ocramius/proxy-manager/src/ProxyManager/ProxyGenerator/LazyLoading/
1729813515842016400,Unrecurse,vendor/ocramius/proxy-manager/src/ProxyManager/ProxyGenerator/LazyLoading/,,,
1729813515861548700,Response,Link,200,1158,http://192.168.56.101:81/vendor/ocramius/proxy-manager/src/ProxyManager/ProxyGenerator/Assertion/
1729813515861548700,Unrecurse,vendor/ocramius/proxy-manager/src/ProxyManager/ProxyGenerator/Assertion/,,,
1729813515863500500,Response,Link,200,1379,http://192.168.56.101:81/vendor/ocramius/proxy-manager/src/ProxyManager/ProxyGenerator/AccessInterceptor/
1729813515863500500,Unrecurse,vendor/ocramius/proxy-manager/src/ProxyManager/ProxyGenerator/AccessInterceptor/,,,
1729813515868381200,Response,Link,200,1191,http://192.168.56.101:81/vendor/ocramius/proxy-manager/src/ProxyManager/ProxyGenerator/AccessInterceptorScopeLocalizer/
1729813515868381200,Unrecurse,vendor/ocramius/proxy-manager/src/ProxyManager/ProxyGenerator/AccessInterceptorScopeLocalizer/,,,
1729813515870335200,Response,Link,200,1389,http://192.168.56.101:81/vendor/ocramius/proxy-manager/src/ProxyManager/ProxyGenerator/LazyLoadingValueHolder/
1729813515870335200,Unrecurse,vendor/ocramius/proxy-manager/src/ProxyManager/ProxyGenerator/LazyLoadingValueHolder/,,,
1729813515872288000,Response,Link,200,1377,http://192.168.56.101:81/vendor/ocramius/proxy-manager/src/ProxyManager/ProxyGenerator/LazyLoadingGhost/
1729813515872288000,Unrecurse,vendor/ocramius/proxy-manager/src/ProxyManager/ProxyGenerator/LazyLoadingGhost/,,,
1729813515876194300,Response,Link,200,1178,http://192.168.56.101:81/vendor/ocramius/proxy-manager/src/ProxyManager/ProxyGenerator/PropertyGenerator/
1729813515876194300,Unrecurse,vendor/ocramius/proxy-manager/src/ProxyManager/ProxyGenerator/PropertyGenerator/,,,
1729813515877171600,Response,Link,200,1185,http://192.168.56.101:81/vendor/ocramius/proxy-manager/src/ProxyManager/ProxyGenerator/AccessInterceptorValueHolder/
1729813515877171600,Unrecurse,vendor/ocramius/proxy-manager/src/ProxyManager/ProxyGenerator/AccessInterceptorValueHolder/,,,
1729813515878148000,Response,Link,200,1139,http://192.168.56.101:81/vendor/ocramius/proxy-manager/src/ProxyManager/Proxy/Exception/
1729813515878148000,Unrecurse,vendor/ocramius/proxy-manager/src/ProxyManager/Proxy/Exception/,,,
1729813515911379500,Response,Link,200,1350,http://192.168.56.101:81/vendor/ocramius/proxy-manager/src/ProxyManager/Inflector/Util/
1729813515911379500,Unrecurse,vendor/ocramius/proxy-manager/src/ProxyManager/Inflector/Util/,,,
1729813515912324800,Response,Link,200,1623,http://192.168.56.101:81/vendor/ocramius/proxy-manager/src/ProxyManager/Signature/Exception/
1729813515912324800,Unrecurse,vendor/ocramius/proxy-manager/src/ProxyManager/Signature/Exception/,,,
1729813515917208000,Response,Link,200,1337,http://192.168.56.101:81/vendor/ocramius/proxy-manager/src/ProxyManager/Factory/RemoteObject/
1729813515917208000,Unrecurse,vendor/ocramius/proxy-manager/src/ProxyManager/Factory/RemoteObject/,,,
1729813515925994800,Response,Link,200,1507,http://192.168.56.101:81/vendor/carlos-mg89/oauth/src/OAuth/OAuth1/Signature/
1729813515925994800,Unrecurse,vendor/carlos-mg89/oauth/src/OAuth/OAuth1/Signature/,,,
1729813515944580500,Response,Link,200,1301,http://192.168.56.101:81/vendor/carlos-mg89/oauth/src/OAuth/OAuth2/Token/
1729813515944580500,Unrecurse,vendor/carlos-mg89/oauth/src/OAuth/OAuth2/Token/,,,
1729813515975826000,Response,Link,200,3550,http://192.168.56.101:81/vendor/carlos-mg89/oauth/src/OAuth/OAuth1/Service/
1729813515975826000,Unrecurse,vendor/carlos-mg89/oauth/src/OAuth/OAuth1/Service/,,,
1729813515984585800,Response,Link,200,1301,http://192.168.56.101:81/vendor/carlos-mg89/oauth/src/OAuth/OAuth1/Token/
1729813515984585800,Unrecurse,vendor/carlos-mg89/oauth/src/OAuth/OAuth1/Token/,,,
1729813515985561500,Response,Link,200,10678,http://192.168.56.101:81/vendor/carlos-mg89/oauth/src/OAuth/OAuth2/Service/
1729813515985561500,Unrecurse,vendor/carlos-mg89/oauth/src/OAuth/OAuth2/Service/,,,
1729813516001185400,Response,Link,200,1447,http://192.168.56.101:81/vendor/carlos-mg89/oauth/src/OAuth/Common/Http/
1729813516001185400,Unrecurse,vendor/carlos-mg89/oauth/src/OAuth/Common/Http/,,,
1729813516002162400,Response,Link,200,1311,http://192.168.56.101:81/vendor/carlos-mg89/oauth/src/OAuth/Common/Service/
1729813516002162400,Unrecurse,vendor/carlos-mg89/oauth/src/OAuth/Common/Service/,,,
1729813516006068300,Response,Link,200,2122,http://192.168.56.101:81/vendor/carlos-mg89/oauth/src/OAuth/Common/Storage/
1729813516006068300,Unrecurse,vendor/carlos-mg89/oauth/src/OAuth/Common/Storage/,,,
1729813516008021100,Response,Link,200,1082,http://192.168.56.101:81/vendor/carlos-mg89/oauth/src/OAuth/Common/Exception/
1729813516008996900,Unrecurse,vendor/carlos-mg89/oauth/src/OAuth/Common/Exception/,,,
1729813516008996900,Response,Link,200,1069,http://192.168.56.101:81/vendor/twig/twig/src/Node/Expression/Filter/
1729813516008996900,Unrecurse,vendor/twig/twig/src/Node/Expression/Filter/,,,
1729813516009973800,Response,Link,200,1313,http://192.168.56.101:81/vendor/carlos-mg89/oauth/src/OAuth/Common/Consumer/
1729813516009973800,Unrecurse,vendor/carlos-mg89/oauth/src/OAuth/Common/Consumer/,,,
1729813516011926100,Response,Link,200,2315,http://192.168.56.101:81/vendor/twig/twig/src/Node/Expression/Test/
1729813516011926100,Unrecurse,vendor/twig/twig/src/Node/Expression/Test/,,,
1729813516021693600,Response,Link,200,1682,http://192.168.56.101:81/vendor/twig/twig/src/Node/Expression/Unary/
1729813516021693600,Unrecurse,vendor/twig/twig/src/Node/Expression/Unary/,,,
1729813516023674800,Response,Link,200,1499,http://192.168.56.101:81/vendor/carlos-mg89/oauth/src/OAuth/Common/Token/
1729813516023674800,Unrecurse,vendor/carlos-mg89/oauth/src/OAuth/Common/Token/,,,
1729813516024650700,Response,Link,200,6615,http://192.168.56.101:81/vendor/twig/twig/src/Node/Expression/Binary/
1729813516024650700,Unrecurse,vendor/twig/twig/src/Node/Expression/Binary/,,,
1729813516032432800,Response,Link,200,5083,http://192.168.56.101:81/vendor/twig/twig/lib/Twig/Node/Expression/
1729813516032432800,Unrecurse,vendor/twig/twig/lib/Twig/Node/Expression/,,,
1729813516040244500,Response,Link,200,1063,http://192.168.56.101:81/vendor/twig/twig/lib/Twig/Profiler/NodeVisitor/
1729813516040244500,Unrecurse,vendor/twig/twig/lib/Twig/Profiler/NodeVisitor/,,,
1729813516043204200,Response,Link,200,1270,http://192.168.56.101:81/vendor/twig/twig/lib/Twig/Profiler/Node/
1729813516043204200,Unrecurse,vendor/twig/twig/lib/Twig/Profiler/Node/,,,
1729813516044151500,Response,Link,200,1646,http://192.168.56.101:81/vendor/twig/twig/lib/Twig/Profiler/Dumper/
1729813516044151500,Unrecurse,vendor/twig/twig/lib/Twig/Profiler/Dumper/,,,
1729813516196514900,Response,Index,301,394,http://192.168.56.101:81/vendor/s9e/text-formatter/src/Plugins/MediaEmbed/Configurator/TemplateGenerators
1729813516196514900,Recurse,vendor/s9e/text-formatter/src/Plugins/MediaEmbed/Configurator/TemplateGenerators/,True,,
1729813516216994000,Response,Index,301,387,http://192.168.56.101:81/vendor/s9e/text-formatter/src/Plugins/MediaEmbed/Configurator/Collections
1729813516216994000,Recurse,vendor/s9e/text-formatter/src/Plugins/MediaEmbed/Configurator/Collections/,True,,
1729813516244335700,Response,Index,301,374,http://192.168.56.101:81/vendor/s9e/text-formatter/src/Plugins/Litedown/Parser/Passes
1729813516244335700,Recurse,vendor/s9e/text-formatter/src/Plugins/Litedown/Parser/Passes/,True,,
1729813516483585000,Response,Index,301,394,http://192.168.56.101:81/vendor/s9e/text-formatter/src/Configurator/RendererGenerators/PHP/XPathConvertor
1729813516483585000,Recurse,vendor/s9e/text-formatter/src/Configurator/RendererGenerators/PHP/XPathConvertor/,True,,
1729813516509943700,Response,Index,301,403,http://192.168.56.101:81/vendor/ocramius/proxy-manager/src/ProxyManager/ProxyGenerator/ValueHolder/MethodGenerator
1729813516509943700,Recurse,vendor/ocramius/proxy-manager/src/ProxyManager/ProxyGenerator/ValueHolder/MethodGenerator/,True,,
1729813516565602800,Response,Index,301,404,http://192.168.56.101:81/vendor/ocramius/proxy-manager/src/ProxyManager/ProxyGenerator/RemoteObject/MethodGenerator
1729813516565602800,Recurse,vendor/ocramius/proxy-manager/src/ProxyManager/ProxyGenerator/RemoteObject/MethodGenerator/,True,,
1729813516570486700,Response,Index,301,402,http://192.168.56.101:81/vendor/ocramius/proxy-manager/src/ProxyManager/ProxyGenerator/NullObject/MethodGenerator
1729813516570486700,Recurse,vendor/ocramius/proxy-manager/src/ProxyManager/ProxyGenerator/NullObject/MethodGenerator/,True,,
1729813516570486700,Response,Index,301,406,http://192.168.56.101:81/vendor/ocramius/proxy-manager/src/ProxyManager/ProxyGenerator/RemoteObject/PropertyGenerator
1729813516570486700,Recurse,vendor/ocramius/proxy-manager/src/ProxyManager/ProxyGenerator/RemoteObject/PropertyGenerator/,True,,
1729813516571462300,Response,Index,301,403,http://192.168.56.101:81/vendor/ocramius/proxy-manager/src/ProxyManager/ProxyGenerator/LazyLoading/MethodGenerator
1729813516571462300,Recurse,vendor/ocramius/proxy-manager/src/ProxyManager/ProxyGenerator/LazyLoading/MethodGenerator/,True,,
1729813516596851200,Response,Index,301,411,http://192.168.56.101:81/vendor/ocramius/proxy-manager/src/ProxyManager/ProxyGenerator/AccessInterceptor/PropertyGenerator
1729813516596851200,Recurse,vendor/ocramius/proxy-manager/src/ProxyManager/ProxyGenerator/AccessInterceptor/PropertyGenerator/,True,,
1729813516611530300,Response,Index,301,409,http://192.168.56.101:81/vendor/ocramius/proxy-manager/src/ProxyManager/ProxyGenerator/AccessInterceptor/MethodGenerator
1729813516611530300,Recurse,vendor/ocramius/proxy-manager/src/ProxyManager/ProxyGenerator/AccessInterceptor/MethodGenerator/,True,,
1729813516624193600,Response,Index,301,416,http://192.168.56.101:81/vendor/ocramius/proxy-manager/src/ProxyManager/ProxyGenerator/LazyLoadingValueHolder/PropertyGenerator
1729813516624193600,Recurse,vendor/ocramius/proxy-manager/src/ProxyManager/ProxyGenerator/LazyLoadingValueHolder/PropertyGenerator/,True,,
1729813516624193600,Response,Index,301,414,http://192.168.56.101:81/vendor/ocramius/proxy-manager/src/ProxyManager/ProxyGenerator/LazyLoadingValueHolder/MethodGenerator
1729813516624193600,Recurse,vendor/ocramius/proxy-manager/src/ProxyManager/ProxyGenerator/LazyLoadingValueHolder/MethodGenerator/,True,,
1729813516643722500,Response,Index,301,423,http://192.168.56.101:81/vendor/ocramius/proxy-manager/src/ProxyManager/ProxyGenerator/AccessInterceptorScopeLocalizer/MethodGenerator
1729813516643722500,Recurse,vendor/ocramius/proxy-manager/src/ProxyManager/ProxyGenerator/AccessInterceptorScopeLocalizer/MethodGenerator/,True,,
1729813516644699700,Response,Index,301,410,http://192.168.56.101:81/vendor/ocramius/proxy-manager/src/ProxyManager/ProxyGenerator/LazyLoadingGhost/PropertyGenerator
1729813516644699700,Recurse,vendor/ocramius/proxy-manager/src/ProxyManager/ProxyGenerator/LazyLoadingGhost/PropertyGenerator/,True,,
1729813516703325900,Response,Index,301,408,http://192.168.56.101:81/vendor/ocramius/proxy-manager/src/ProxyManager/ProxyGenerator/LazyLoadingGhost/MethodGenerator
1729813516703325900,Recurse,vendor/ocramius/proxy-manager/src/ProxyManager/ProxyGenerator/LazyLoadingGhost/MethodGenerator/,True,,
1729813516704303200,Response,Index,301,420,http://192.168.56.101:81/vendor/ocramius/proxy-manager/src/ProxyManager/ProxyGenerator/AccessInterceptorValueHolder/MethodGenerator
1729813516704303200,Recurse,vendor/ocramius/proxy-manager/src/ProxyManager/ProxyGenerator/AccessInterceptorValueHolder/MethodGenerator/,True,,
1729813516737502700,Response,Index,301,389,http://192.168.56.101:81/vendor/ocramius/proxy-manager/src/ProxyManager/Factory/RemoteObject/Adapter
1729813516737502700,Recurse,vendor/ocramius/proxy-manager/src/ProxyManager/Factory/RemoteObject/Adapter/,True,,
1729813516772656100,Response,Index,301,375,http://192.168.56.101:81/vendor/carlos-mg89/oauth/src/OAuth/OAuth1/Signature/Exception
1729813516772656100,Recurse,vendor/carlos-mg89/oauth/src/OAuth/OAuth1/Signature/Exception/,True,,
1729813517025570000,Response,Index,301,370,http://192.168.56.101:81/vendor/carlos-mg89/oauth/src/OAuth/Common/Http/Exception
1729813517025570000,Recurse,vendor/carlos-mg89/oauth/src/OAuth/Common/Http/Exception/,True,,
1729813517027524600,Response,Index,301,367,http://192.168.56.101:81/vendor/carlos-mg89/oauth/src/OAuth/Common/Http/Client
1729813517027524600,Recurse,vendor/carlos-mg89/oauth/src/OAuth/Common/Http/Client/,True,,
1729813517027524600,Response,Index,301,364,http://192.168.56.101:81/vendor/carlos-mg89/oauth/src/OAuth/Common/Http/Uri
1729813517027524600,Recurse,vendor/carlos-mg89/oauth/src/OAuth/Common/Http/Uri/,True,,
1729813517048029800,Response,Index,301,373,http://192.168.56.101:81/vendor/carlos-mg89/oauth/src/OAuth/OAuth2/Service/Exception
1729813517048029800,Recurse,vendor/carlos-mg89/oauth/src/OAuth/OAuth2/Service/Exception/,True,,
1729813517084162300,Response,Index,301,373,http://192.168.56.101:81/vendor/carlos-mg89/oauth/src/OAuth/Common/Storage/Exception
1729813517084162300,Recurse,vendor/carlos-mg89/oauth/src/OAuth/Common/Storage/Exception/,True,,
1729813517182786700,Response,Index,301,371,http://192.168.56.101:81/vendor/carlos-mg89/oauth/src/OAuth/Common/Token/Exception
1729813517182786700,Recurse,vendor/carlos-mg89/oauth/src/OAuth/Common/Token/Exception/,True,,
1729813517350747200,Response,Index,301,362,http://192.168.56.101:81/vendor/twig/twig/lib/Twig/Node/Expression/Binary
1729813517350747200,Recurse,vendor/twig/twig/lib/Twig/Node/Expression/Binary/,True,,
1729813517443545200,Response,Index,301,361,http://192.168.56.101:81/vendor/twig/twig/lib/Twig/Node/Expression/Unary
1729813517443545200,Recurse,vendor/twig/twig/lib/Twig/Node/Expression/Unary/,True,,
1729813517450378300,Response,Index,301,360,http://192.168.56.101:81/vendor/twig/twig/lib/Twig/Node/Expression/Test
1729813517450378300,Recurse,vendor/twig/twig/lib/Twig/Node/Expression/Test/,True,,
1729813517459137300,Response,Index,301,362,http://192.168.56.101:81/vendor/twig/twig/lib/Twig/Node/Expression/Filter
1729813517459137300,Recurse,vendor/twig/twig/lib/Twig/Node/Expression/Filter/,True,,
1729813517511868300,Response,Link,200,1554,http://192.168.56.101:81/vendor/s9e/text-formatter/src/Plugins/MediaEmbed/Configurator/TemplateGenerators/
1729813517511868300,Unrecurse,vendor/s9e/text-formatter/src/Plugins/MediaEmbed/Configurator/TemplateGenerators/,,,
1729813517538234500,Response,Link,200,1660,http://192.168.56.101:81/vendor/s9e/text-formatter/src/Plugins/MediaEmbed/Configurator/Collections/
1729813517538234500,Unrecurse,vendor/s9e/text-formatter/src/Plugins/MediaEmbed/Configurator/Collections/,,,
1729813517541164400,Response,Link,200,6547,http://192.168.56.101:81/vendor/s9e/text-formatter/src/Plugins/Litedown/Parser/Passes/
1729813517541164400,Unrecurse,vendor/s9e/text-formatter/src/Plugins/Litedown/Parser/Passes/,,,
1729813517597800600,Response,Link,200,1159,http://192.168.56.101:81/vendor/s9e/text-formatter/src/Configurator/RendererGenerators/PHP/XPathConvertor/
1729813517597800600,Unrecurse,vendor/s9e/text-formatter/src/Configurator/RendererGenerators/PHP/XPathConvertor/,,,
1729813517611501000,Response,Link,200,2272,http://192.168.56.101:81/vendor/ocramius/proxy-manager/src/ProxyManager/ProxyGenerator/RemoteObject/MethodGenerator/
1729813517611501000,Unrecurse,vendor/ocramius/proxy-manager/src/ProxyManager/ProxyGenerator/RemoteObject/MethodGenerator/,,,
1729813517615376100,Response,Link,200,1456,http://192.168.56.101:81/vendor/ocramius/proxy-manager/src/ProxyManager/ProxyGenerator/NullObject/MethodGenerator/
1729813517615376100,Unrecurse,vendor/ocramius/proxy-manager/src/ProxyManager/ProxyGenerator/NullObject/MethodGenerator/,,,
1729813517616353100,Response,Link,200,1644,http://192.168.56.101:81/vendor/ocramius/proxy-manager/src/ProxyManager/ProxyGenerator/ValueHolder/MethodGenerator/
1729813517616353100,Unrecurse,vendor/ocramius/proxy-manager/src/ProxyManager/ProxyGenerator/ValueHolder/MethodGenerator/,,,
1729813517629049600,Response,Link,200,1216,http://192.168.56.101:81/vendor/ocramius/proxy-manager/src/ProxyManager/ProxyGenerator/LazyLoading/MethodGenerator/
1729813517629049600,Unrecurse,vendor/ocramius/proxy-manager/src/ProxyManager/ProxyGenerator/LazyLoading/MethodGenerator/,,,
1729813517648577900,Response,Link,200,1479,http://192.168.56.101:81/vendor/ocramius/proxy-manager/src/ProxyManager/ProxyGenerator/AccessInterceptor/PropertyGenerator/
1729813517648577900,Unrecurse,vendor/ocramius/proxy-manager/src/ProxyManager/ProxyGenerator/AccessInterceptor/PropertyGenerator/,,,
1729813517654436100,Response,Link,200,1209,http://192.168.56.101:81/vendor/ocramius/proxy-manager/src/ProxyManager/ProxyGenerator/RemoteObject/PropertyGenerator/
1729813517654436100,Unrecurse,vendor/ocramius/proxy-manager/src/ProxyManager/ProxyGenerator/RemoteObject/PropertyGenerator/,,,
1729813517658343600,Response,Link,200,1694,http://192.168.56.101:81/vendor/ocramius/proxy-manager/src/ProxyManager/ProxyGenerator/AccessInterceptor/MethodGenerator/
1729813517658343600,Unrecurse,vendor/ocramius/proxy-manager/src/ProxyManager/ProxyGenerator/AccessInterceptor/MethodGenerator/,,,
1729813517663226300,Response,Link,200,1474,http://192.168.56.101:81/vendor/ocramius/proxy-manager/src/ProxyManager/ProxyGenerator/LazyLoadingValueHolder/PropertyGenerator/
1729813517663226300,Unrecurse,vendor/ocramius/proxy-manager/src/ProxyManager/ProxyGenerator/LazyLoadingValueHolder/PropertyGenerator/,,,
1729813517664230000,Response,Link,200,3405,http://192.168.56.101:81/vendor/ocramius/proxy-manager/src/ProxyManager/ProxyGenerator/LazyLoadingValueHolder/MethodGenerator/
1729813517664230000,Unrecurse,vendor/ocramius/proxy-manager/src/ProxyManager/ProxyGenerator/LazyLoadingValueHolder/MethodGenerator/,,,
1729813517692520700,Response,Link,200,3162,http://192.168.56.101:81/vendor/ocramius/proxy-manager/src/ProxyManager/ProxyGenerator/AccessInterceptorScopeLocalizer/MethodGenerator/
1729813517692520700,Unrecurse,vendor/ocramius/proxy-manager/src/ProxyManager/ProxyGenerator/AccessInterceptorScopeLocalizer/MethodGenerator/,,,
1729813517696425800,Response,Link,200,1922,http://192.168.56.101:81/vendor/ocramius/proxy-manager/src/ProxyManager/ProxyGenerator/LazyLoadingGhost/PropertyGenerator/
1729813517696425800,Unrecurse,vendor/ocramius/proxy-manager/src/ProxyManager/ProxyGenerator/LazyLoadingGhost/PropertyGenerator/,,,
1729813517700331400,Response,Link,200,3361,http://192.168.56.101:81/vendor/ocramius/proxy-manager/src/ProxyManager/ProxyGenerator/LazyLoadingGhost/MethodGenerator/
1729813517700331400,Unrecurse,vendor/ocramius/proxy-manager/src/ProxyManager/ProxyGenerator/LazyLoadingGhost/MethodGenerator/,,,
1729813517703260500,Response,Link,200,2717,http://192.168.56.101:81/vendor/ocramius/proxy-manager/src/ProxyManager/ProxyGenerator/AccessInterceptorValueHolder/MethodGenerator/
1729813517703260500,Unrecurse,vendor/ocramius/proxy-manager/src/ProxyManager/ProxyGenerator/AccessInterceptorValueHolder/MethodGenerator/,,,
1729813517706190600,Response,Link,200,1761,http://192.168.56.101:81/vendor/ocramius/proxy-manager/src/ProxyManager/Factory/RemoteObject/Adapter/
1729813517706190600,Unrecurse,vendor/ocramius/proxy-manager/src/ProxyManager/Factory/RemoteObject/Adapter/,,,
1729813517737440600,Response,Link,200,1123,http://192.168.56.101:81/vendor/carlos-mg89/oauth/src/OAuth/Common/Http/Exception/
1729813517737440600,Unrecurse,vendor/carlos-mg89/oauth/src/OAuth/Common/Http/Exception/,,,
1729813517746228100,Response,Link,200,1742,http://192.168.56.101:81/vendor/carlos-mg89/oauth/src/OAuth/Common/Http/Client/
1729813517746228100,Unrecurse,vendor/carlos-mg89/oauth/src/OAuth/Common/Http/Client/,,,
1729813517747204400,Response,Link,200,1160,http://192.168.56.101:81/vendor/carlos-mg89/oauth/src/OAuth/OAuth1/Signature/Exception/
1729813517747204400,Unrecurse,vendor/carlos-mg89/oauth/src/OAuth/OAuth1/Signature/Exception/,,,
1729813517757973900,Response,Link,200,1722,http://192.168.56.101:81/vendor/carlos-mg89/oauth/src/OAuth/Common/Http/Uri/
1729813517757973900,Unrecurse,vendor/carlos-mg89/oauth/src/OAuth/Common/Http/Uri/,,,
1729813517773569400,Response,Link,200,1612,http://192.168.56.101:81/vendor/carlos-mg89/oauth/src/OAuth/Common/Storage/Exception/
1729813517773569400,Unrecurse,vendor/carlos-mg89/oauth/src/OAuth/Common/Storage/Exception/,,,
1729813517777475100,Response,Link,200,1873,http://192.168.56.101:81/vendor/carlos-mg89/oauth/src/OAuth/OAuth2/Service/Exception/
1729813517777475100,Unrecurse,vendor/carlos-mg89/oauth/src/OAuth/OAuth2/Service/Exception/,,,
1729813517779429200,Response,Link,200,1124,http://192.168.56.101:81/vendor/carlos-mg89/oauth/src/OAuth/Common/Token/Exception/
1729813517779429200,Unrecurse,vendor/carlos-mg89/oauth/src/OAuth/Common/Token/Exception/,,,
1729813517801916500,Response,Link,200,5894,http://192.168.56.101:81/vendor/twig/twig/lib/Twig/Node/Expression/Binary/
1729813517801916500,Unrecurse,vendor/twig/twig/lib/Twig/Node/Expression/Binary/,,,
1729813517815588300,Response,Link,200,2274,http://192.168.56.101:81/vendor/twig/twig/lib/Twig/Node/Expression/Test/
1729813517815588300,Unrecurse,vendor/twig/twig/lib/Twig/Node/Expression/Test/,,,
1729813517817540500,Response,Link,200,1452,http://192.168.56.101:81/vendor/twig/twig/lib/Twig/Node/Expression/Unary/
1729813517817540500,Unrecurse,vendor/twig/twig/lib/Twig/Node/Expression/Unary/,,,
1729813517822393800,Response,Link,200,1072,http://192.168.56.101:81/vendor/twig/twig/lib/Twig/Node/Expression/Filter/
1729813517822393800,Unrecurse,vendor/twig/twig/lib/Twig/Node/Expression/Filter/,,,
1729813517929809600,Response,Index,301,405,http://192.168.56.101:81/vendor/s9e/text-formatter/src/Configurator/RendererGenerators/PHP/XPathConvertor/Convertors
1729813517929809600,Recurse,vendor/s9e/text-formatter/src/Configurator/RendererGenerators/PHP/XPathConvertor/Convertors/,True,,
1729813518114368800,Response,Index,301,428,http://192.168.56.101:81/vendor/ocramius/proxy-manager/src/ProxyManager/ProxyGenerator/AccessInterceptorScopeLocalizer/MethodGenerator/Util
1729813518114368800,Recurse,vendor/ocramius/proxy-manager/src/ProxyManager/ProxyGenerator/AccessInterceptorScopeLocalizer/MethodGenerator/Util/,True,,
1729813518208111700,Response,Index,301,425,http://192.168.56.101:81/vendor/ocramius/proxy-manager/src/ProxyManager/ProxyGenerator/AccessInterceptorValueHolder/MethodGenerator/Util
1729813518208111700,Recurse,vendor/ocramius/proxy-manager/src/ProxyManager/ProxyGenerator/AccessInterceptorValueHolder/MethodGenerator/Util/,True,,
1729813518525474600,Response,Link,200,3208,http://192.168.56.101:81/vendor/s9e/text-formatter/src/Configurator/RendererGenerators/PHP/XPathConvertor/Convertors/
1729813518525474600,Unrecurse,vendor/s9e/text-formatter/src/Configurator/RendererGenerators/PHP/XPathConvertor/Convertors/,,,
1729813518541097600,Response,Link,200,1298,http://192.168.56.101:81/vendor/ocramius/proxy-manager/src/ProxyManager/ProxyGenerator/AccessInterceptorScopeLocalizer/MethodGenerator/Util/
1729813518541097600,Unrecurse,vendor/ocramius/proxy-manager/src/ProxyManager/ProxyGenerator/AccessInterceptorScopeLocalizer/MethodGenerator/Util/,,,
1729813518543053300,Response,Link,200,1289,http://192.168.56.101:81/vendor/ocramius/proxy-manager/src/ProxyManager/ProxyGenerator/AccessInterceptorValueHolder/MethodGenerator/Util/
1729813518543053300,Unrecurse,vendor/ocramius/proxy-manager/src/ProxyManager/ProxyGenerator/AccessInterceptorValueHolder/MethodGenerator/Util/,,,
1729813520660104300,Response,Dict,301,319,http://192.168.56.101:81/store
1729813520660104300,Recurse,store/,False,,
1729813520661081300,Response,Dict,400,68,http://192.168.56.101:81/cron.php
1729813520682563600,Response,Link,200,169,http://192.168.56.101:81/store/
1729813521875908300,Response,Dict,301,314,http://192.168.56.101:81/faq.php
1729813522550733800,Response,Dict,301,298,http://192.168.56.101:81/feed.php
1729813528737058900,Response,Dict,301,334,http://192.168.56.101:81/report.php
1729813530410906200,Response,Dict,301,317,http://192.168.56.101:81/adm
1729813530410906200,Recurse,adm/,False,,
1729813530470474000,Response,Link,302,0,http://192.168.56.101:81/adm/
1729813532844550700,Response,Dict,301,317,http://192.168.56.101:81/ext
1729813532844550700,Recurse,ext/,False,,
1729813533180466500,Response,Link,200,169,http://192.168.56.101:81/ext/
1729813558109214000,Response,Service,403,279,http://192.168.56.101:81/server-status
1729813558410951300,Response,Service,200,8068,http://192.168.56.101:81/posting.php
1729813558521395300,Response,Service,200,10291,http://192.168.56.101:81/viewonline.php
1729813558556547400,Response,Service,200,10266,http://192.168.56.101:81/mcp.php
1729813579062046800,Response,Service,301,326,http://192.168.56.101:81/images/icons
1729813579062046800,Recurse,images/icons/,False,,
1729813579095248100,Response,Link,200,169,http://192.168.56.101:81/images/icons/
1729813598038610000,Response,Dict,200,169,http://192.168.56.101:81/images/index.htm
1729813599762132500,Response,Dict,301,328,http://192.168.56.101:81/images/avatars
1729813599762132500,Recurse,images/avatars/,False,,
1729813599797256200,Response,Link,200,169,http://192.168.56.101:81/images/avatars/
1729813616880569200,Response,Dict,200,807,http://192.168.56.101:81/images/spacer.gif
1729813667008210600,Response,Dict,200,169,http://192.168.56.101:81/files/index.htm
1729813736636926400,Response,Dict,200,169,http://192.168.56.101:81/includes/index.htm
1729813766252006400,Response,Dict,301,328,http://192.168.56.101:81/includes/hooks
1729813766252006400,Recurse,includes/hooks/,False,,
1729813766285208900,Response,Link,200,0,http://192.168.56.101:81/includes/hooks/
1729813802963854600,Response,Dict,200,15128,http://192.168.56.101:81/docs/LICENSE.txt
1729813836191600500,Response,Dict,200,19882,http://192.168.56.101:81/docs/README.html
1729813876707443700,Response,Dict,200,169,http://192.168.56.101:81/download/index.htm
1729813936583874200,Response,Dict,301,331,http://192.168.56.101:81/javascript/events
1729813936583874200,Recurse,javascript/events/,False,,
1729813936600480300,Response,Link,403,279,http://192.168.56.101:81/javascript/events/
1729813963863702000,Response,Dict,301,329,http://192.168.56.101:81/javascript/util
1729813963864680100,Recurse,javascript/util/,False,,
1729813969597300000,Response,Link,403,279,http://192.168.56.101:81/javascript/util/
1729813997589966300,Response,Dict,301,325,http://192.168.56.101:81/language/en
1729813997589966300,Recurse,language/en/,False,,
1729813997597741900,Response,Link,200,169,http://192.168.56.101:81/language/en/
1729814003608200600,Response,Dict,200,169,http://192.168.56.101:81/language/index.htm
1729814071876303400,Response,Dict,200,169,http://192.168.56.101:81/store/index.htm
1729814141106091200,Response,Dict,301,324,http://192.168.56.101:81/adm/images
1729814141106091200,Recurse,adm/images/,False,,
1729814141135394800,Response,Link,200,10233,http://192.168.56.101:81/adm/images/
1729814141135394800,Unrecurse,adm/images/,,,
1729814153622172200,Response,Dict,301,323,http://192.168.56.101:81/adm/style
1729814153623140600,Recurse,adm/style/,False,,
1729814153666679700,Response,Link,200,20875,http://192.168.56.101:81/adm/style/
1729814153666679700,Unrecurse,adm/style/,,,
1729814154072055900,Response,Index,301,337,http://192.168.56.101:81/adm/style/profilefields
1729814154072055900,Recurse,adm/style/profilefields/,False,,
1729814154685903100,Response,Link,200,2167,http://192.168.56.101:81/adm/style/profilefields/
1729814154687624900,Unrecurse,adm/style/profilefields/,,,
1729814236657241700,Response,Dict,200,169,http://192.168.56.101:81/ext/index.htm
1729814319914269400,Response,Dict,301,331,http://192.168.56.101:81/images/icons/misc
1729814319916222400,Recurse,images/icons/misc/,False,,
1729814319934821800,Response,Link,200,169,http://192.168.56.101:81/images/icons/misc/
1729814320351328900,Response,Dict,200,169,http://192.168.56.101:81/images/icons/index.htm
1729814392884181100,Response,Dict,301,335,http://192.168.56.101:81/images/avatars/upload
1729814392884181100,Recurse,images/avatars/upload/,False,,
1729814392932000600,Response,Link,200,169,http://192.168.56.101:81/images/avatars/upload/
1729814405525683900,Response,Dict,200,169,http://192.168.56.101:81/images/avatars/index.htm
1729814405870388200,Response,Dict,301,336,http://192.168.56.101:81/images/avatars/gallery
1729814405870388200,Recurse,images/avatars/gallery/,False,,
1729814405957305300,Response,Link,200,169,http://192.168.56.101:81/images/avatars/gallery/
1729814589483320600,Response,Dict,200,14890,http://192.168.56.101:81/javascript/events/events
1729814719986660800,Response,Dict,301,337,http://192.168.56.101:81/javascript/util/support
1729814719986660800,Recurse,javascript/util/support/,False,,
1729814831529376000,Response,Dict,200,19697,http://192.168.56.101:81/javascript/util/util
1729814865690221500,Response,Link,403,279,http://192.168.56.101:81/javascript/util/support/
1729814873280922800,Response,Service,200,0,http://192.168.56.101:81/language/en/common.php
1729814873280922800,Response,Service,200,0,http://192.168.56.101:81/language/en/app.php
1729814873281899700,Response,Service,200,0,http://192.168.56.101:81/language/en/viewforum.php
1729814873281899700,Response,Service,200,0,http://192.168.56.101:81/language/en/search.php
1729814873281899700,Response,Service,200,0,http://192.168.56.101:81/language/en/memberlist.php
1729814873281899700,Response,Service,200,0,http://192.168.56.101:81/language/en/posting.php
1729814894059346400,Response,Service,200,0,http://192.168.56.101:81/language/en/mcp.php
1729814894059346400,Response,Service,200,0,http://192.168.56.101:81/language/en/ucp.php
1729814894059346400,Response,Service,200,0,http://192.168.56.101:81/language/en/viewtopic.php
1729814915158492200,Response,Dict,200,0,http://192.168.56.101:81/language/en/install.php
1729814915159469100,Response,Dict,301,331,http://192.168.56.101:81/language/en/email
1729814915162396200,Recurse,language/en/email/,False,,
1729814915175119800,Response,Dict,301,330,http://192.168.56.101:81/language/en/help
1729814915175119800,Recurse,language/en/help/,False,,
1729814940774311200,Response,Dict,200,0,http://192.168.56.101:81/language/en/cli.php
1729814953407913500,Response,Dict,200,169,http://192.168.56.101:81/language/en/index.htm
1729815005188078800,Response,Dict,200,45,http://192.168.56.101:81/language/en/iso.txt
1729815087764390500,Response,Dict,200,0,http://192.168.56.101:81/language/en/groups.php
1729815149633729500,Response,Dict,200,169,http://192.168.56.101:81/images/icons/misc/index.htm
1729815284709221100,Response,Link,200,1171,http://192.168.56.101:81/language/en/help/
1729815284709221100,Unrecurse,language/en/help/,,,
1729815284731680400,Response,Link,200,169,http://192.168.56.101:81/language/en/email/
1729815483843540100,Response,Dict,200,169,http://192.168.56.101:81/images/avatars/upload/index.htm
1729815743031488700,Response,Dict,200,169,http://192.168.56.101:81/images/avatars/gallery/index.htm
1729815743271676800,Response,Dict,200,330,http://192.168.56.101:81/language/en/email/test.txt
1729815743279489000,Response,Dict,200,169,http://192.168.56.101:81/language/en/email/index.htm
1729815743354676600,Finish,164416,1081,,
1729815743354676600,ParserStat,Dict,65,148385,
1729815743354676600,ParserStat,Href,13,209,
1729815743354676600,ParserStat,Link,415,415,
1729815743354676600,ParserStat,Service,194,12850,
1729815743354676600,ParserStat,Index,385,2548,
1729815743354676600,ParserStat,Src,9,9,
